
Optional file libmchp_peripheral.a not found

Optional file libmchp_peripheral_32MX795F512L.a not found
Archive member included because of file (symbol)

c:/program files (x86)/microchip/xc32/v1.42/bin/bin/../../lib/gcc/pic32mx/4.8.3/../../../../pic32mx/lib\libpic32.a(memcpy.o)
                              build/default/debug/_ext/793396116/queue.o (memcpy)
c:/program files (x86)/microchip/xc32/v1.42/bin/bin/../../lib/gcc/pic32mx/4.8.3/../../../../pic32mx/lib\libpic32.a(memset.o)
                              build/default/debug/_ext/793396116/tasks.o (memset)
c:/program files (x86)/microchip/xc32/v1.42/bin/bin/../../lib/gcc/pic32mx/4.8.3/../../../../pic32mx/lib\libpic32.a(default-bootstrap-exception-handler.o)
                              c:/program files (x86)/microchip/xc32/v1.42/bin/bin/../../lib/gcc/pic32mx/4.8.3/../../../../pic32mx/lib/./proc/32MX795F512L/crt0_mips32r2.o (_bootstrap_exception_handler)
c:/program files (x86)/microchip/xc32/v1.42/bin/bin/../../lib/gcc/pic32mx/4.8.3/../../../../pic32mx/lib\libpic32.a(default-on-reset.o)
                              c:/program files (x86)/microchip/xc32/v1.42/bin/bin/../../lib/gcc/pic32mx/4.8.3/../../../../pic32mx/lib/./proc/32MX795F512L/crt0_mips32r2.o (_on_reset)
c:/program files (x86)/microchip/xc32/v1.42/bin/bin/../../lib/gcc/pic32mx/4.8.3/../../../../pic32mx/lib\libpic32.a(default-on-bootstrap.o)
                              c:/program files (x86)/microchip/xc32/v1.42/bin/bin/../../lib/gcc/pic32mx/4.8.3/../../../../pic32mx/lib/./proc/32MX795F512L/crt0_mips32r2.o (_on_bootstrap)
c:/program files (x86)/microchip/xc32/v1.42/bin/bin/../../lib/gcc/pic32mx/4.8.3/../../../../pic32mx/lib\libpic32.a(default-nmi-handler.o)
                              c:/program files (x86)/microchip/xc32/v1.42/bin/bin/../../lib/gcc/pic32mx/4.8.3/../../../../pic32mx/lib/./proc/32MX795F512L/crt0_mips32r2.o (_nmi_handler)
c:/program files (x86)/microchip/xc32/v1.42/bin/bin/../../lib/gcc/pic32mx/4.8.3/../../../../pic32mx/lib\libpic32.a(general-exception.o)
                              c:/program files (x86)/microchip/xc32/v1.42/bin/bin/../../lib/gcc/pic32mx/4.8.3/../../../../pic32mx/lib/./proc/32MX795F512L/crt0_mips32r2.o (_general_exception_context)
c:/program files (x86)/microchip/xc32/v1.42/bin/bin/../../lib/gcc/pic32mx/4.8.3/../../../../pic32mx/lib\libpic32.a(vector0.o)
                              c:/program files (x86)/microchip/xc32/v1.42/bin/bin/../../lib/gcc/pic32mx/4.8.3/../../../../pic32mx/lib/./proc/32MX795F512L\default_isr_vectors.o (__vector_dispatch_0)
c:/program files (x86)/microchip/xc32/v1.42/bin/bin/../../lib/gcc/pic32mx/4.8.3/../../../../pic32mx/lib\libpic32.a(vector2.o)
                              c:/program files (x86)/microchip/xc32/v1.42/bin/bin/../../lib/gcc/pic32mx/4.8.3/../../../../pic32mx/lib/./proc/32MX795F512L\default_isr_vectors.o (__vector_dispatch_2)
c:/program files (x86)/microchip/xc32/v1.42/bin/bin/../../lib/gcc/pic32mx/4.8.3/../../../../pic32mx/lib\libpic32.a(vector3.o)
                              c:/program files (x86)/microchip/xc32/v1.42/bin/bin/../../lib/gcc/pic32mx/4.8.3/../../../../pic32mx/lib/./proc/32MX795F512L\default_isr_vectors.o (__vector_dispatch_3)
c:/program files (x86)/microchip/xc32/v1.42/bin/bin/../../lib/gcc/pic32mx/4.8.3/../../../../pic32mx/lib\libpic32.a(vector5.o)
                              c:/program files (x86)/microchip/xc32/v1.42/bin/bin/../../lib/gcc/pic32mx/4.8.3/../../../../pic32mx/lib/./proc/32MX795F512L\default_isr_vectors.o (__vector_dispatch_5)
c:/program files (x86)/microchip/xc32/v1.42/bin/bin/../../lib/gcc/pic32mx/4.8.3/../../../../pic32mx/lib\libpic32.a(vector6.o)
                              c:/program files (x86)/microchip/xc32/v1.42/bin/bin/../../lib/gcc/pic32mx/4.8.3/../../../../pic32mx/lib/./proc/32MX795F512L\default_isr_vectors.o (__vector_dispatch_6)
c:/program files (x86)/microchip/xc32/v1.42/bin/bin/../../lib/gcc/pic32mx/4.8.3/../../../../pic32mx/lib\libpic32.a(vector7.o)
                              c:/program files (x86)/microchip/xc32/v1.42/bin/bin/../../lib/gcc/pic32mx/4.8.3/../../../../pic32mx/lib/./proc/32MX795F512L\default_isr_vectors.o (__vector_dispatch_7)
c:/program files (x86)/microchip/xc32/v1.42/bin/bin/../../lib/gcc/pic32mx/4.8.3/../../../../pic32mx/lib\libpic32.a(vector8.o)
                              c:/program files (x86)/microchip/xc32/v1.42/bin/bin/../../lib/gcc/pic32mx/4.8.3/../../../../pic32mx/lib/./proc/32MX795F512L\default_isr_vectors.o (__vector_dispatch_8)
c:/program files (x86)/microchip/xc32/v1.42/bin/bin/../../lib/gcc/pic32mx/4.8.3/../../../../pic32mx/lib\libpic32.a(vector9.o)
                              c:/program files (x86)/microchip/xc32/v1.42/bin/bin/../../lib/gcc/pic32mx/4.8.3/../../../../pic32mx/lib/./proc/32MX795F512L\default_isr_vectors.o (__vector_dispatch_9)
c:/program files (x86)/microchip/xc32/v1.42/bin/bin/../../lib/gcc/pic32mx/4.8.3/../../../../pic32mx/lib\libpic32.a(vector10.o)
[...]
Memory Configuration

Name             Origin             Length             Attributes
kseg0_boot_mem   0x9fc00490         0x00000970
kseg1_boot_mem   0xbfc00000         0x00000490
kseg0_program_mem 0x9d000000         0x00080000         xr
exception_mem    0x9fc01000         0x00001000
debug_exec_mem   0xbfc02000         0x00000ff0
config3          0xbfc02ff0         0x00000004
config2          0xbfc02ff4         0x00000004
config1          0xbfc02ff8         0x00000004
config0          0xbfc02ffc         0x00000004
kseg1_data_mem   0xa0000000         0x00020000         w !x
sfrs             0xbf800000         0x00100000
configsfrs       0xbfc02ff0         0x00000010
*default*        0x00000000         0xffffffff

Linker script and memory map


reserve_boot_0x1fc02000_kseg0
                0x9fc02000      0xff0
                0x9fc02000        0x2 SHORT 0x0
                0x00000500                . = 0x500
 *fill*         0x9fc02002      0x4fe 
                0x9fc02500                . = ALIGN (0x4)
                0x9fc02500        0x2 SHORT 0x0
                0x00000ff0                . = 0xff0
 *fill*         0x9fc02502      0xaee 
                0x9fc02ff0                . = ALIGN (0x4)

reserve_boot_0x1fc02000_kseg1
                0xbfc02000      0xff0
                0xbfc02000        0x2 SHORT 0x0
                0x00000500                . = 0x500
 *fill*         0xbfc02002      0x4fe 
                0xbfc02500                . = ALIGN (0x4)
                0xbfc02500        0x2 SHORT 0x0
                0x00000ff0                . = 0xff0
 *fill*         0xbfc02502      0xaee 
                0xbfc02ff0                . = ALIGN (0x4)
LOAD c:/program files (x86)/microchip/xc32/v1.42/bin/bin/../../lib/gcc/pic32mx/4.8.3/../../../../pic32mx/lib/./proc/32MX795F512L/crt0_mips32r2.o
LOAD c:/program files (x86)/microchip/xc32/v1.42/bin/bin/../../lib/gcc/pic32mx/4.8.3/../../../../pic32mx/lib\software-debug-break.o
                0x00000001                _DEBUGGER = 0x1
LOAD build/default/debug/_ext/1361460060/drv_adc_static.o
LOAD build/default/debug/_ext/639803181/sys_clk_static.o
LOAD build/default/debug/_ext/822048611/sys_ports_static.o
LOAD build/default/debug/_ext/1688732426/system_init.o
LOAD build/default/debug/_ext/1688732426/system_interrupt.o
LOAD build/default/debug/_ext/1688732426/system_exceptions.o
LOAD build/default/debug/_ext/1688732426/system_tasks.o
LOAD build/default/debug/_ext/1688732426/system_interrupt_a.o
LOAD build/default/debug/_ext/1688732426/rtos_hooks.o
LOAD build/default/debug/_ext/1360937237/app1.o
LOAD build/default/debug/_ext/1360937237/main.o
LOAD build/default/debug/_ext/1360937237/sensor.o
LOAD build/default/debug/_ext/606306120/drv_usart.o
LOAD build/default/debug/_ext/606306120/drv_usart_buffer_queue.o
LOAD build/default/debug/_ext/139468103/osal_freertos.o
LOAD build/default/debug/_ext/1071266765/sys_devcon.o
LOAD build/default/debug/_ext/1071266765/sys_devcon_pic32mx.o
LOAD build/default/debug/_ext/522947079/sys_int_pic32.o
LOAD build/default/debug/_ext/598611465/heap_1.o
LOAD build/default/debug/_ext/1026174026/port.o
LOAD build/default/debug/_ext/1026174026/port_asm.o
LOAD build/default/debug/_ext/793396116/croutine.o
LOAD build/default/debug/_ext/793396116/list.o
LOAD build/default/debug/_ext/793396116/queue.o
LOAD build/default/debug/_ext/793396116/tasks.o
LOAD build/default/debug/_ext/793396116/timers.o
LOAD build/default/debug/_ext/793396116/event_groups.o
LOAD build/default/debug/_ext/1360937237/debug.o
LOAD build/default/debug/_ext/1360937237/callback.o
LOAD ..\..\..\..\..\..\..\microchip\harmony\v1_08_01\bin\framework\peripheral\PIC32MX795F512L_peripherals.a
LOAD ..\..\..\..\..\..\..\microchip\harmony\v1_08_01\framework\tcpip\src\crypto\aes_pic32mx.a
                0x00000001                __MPLAB_BUILD = 0x1
                0x00000001                __MPLAB_DEBUG = 0x1
                0x00000001                __DEBUG = 0x1
                0x00000001                __MPLAB_DEBUGGER_PK3 = 0x1
                0x00000000                _min_heap_size = 0x0
LOAD c:/program files (x86)/microchip/xc32/v1.42/bin/bin/../../lib/gcc/pic32mx/4.8.3/../../../../pic32mx/lib/./proc/32MX795F512L\default_isr_vectors.o
LOAD c:/program files (x86)/microchip/xc32/v1.42/bin/bin/../../lib/gcc/pic32mx/4.8.3/../../../../pic32mx/lib\pic32_software_reset.o
                0x00000400                PROVIDE (_min_stack_size, 0x400)
LOAD c:/program files (x86)/microchip/xc32/v1.42/bin/bin/../../lib/gcc/pic32mx/4.8.3/../../../../pic32mx/lib/./proc/32MX795F512L\processor.o
START GROUP
LOAD libmchp_peripheral.a
END GROUP
START GROUP
LOAD libmchp_peripheral_32MX795F512L.a
END GROUP
                0x00000001                PROVIDE (_vector_spacing, 0x1)
                0x9fc01000                PROVIDE (_ebase_address, 0x9fc01000)
                0xbfc00000                _RESET_ADDR = 0xbfc00000
                0xbfc00380                _BEV_EXCPT_ADDR = 0xbfc00380
                0xbfc00480                _DBG_EXCPT_ADDR = 0xbfc00480
                0xbfc02000                _DBG_CODE_ADDR = 0xbfc02000
                0x00000ff0                _DBG_CODE_SIZE = 0xff0
                0x9fc01180                _GEN_EXCPT_ADDR = (_ebase_address + 0x180)

.config_BFC02FF0
                0xbfc02ff0        0x4
 *(.config_BFC02FF0)
 .config_BFC02FF0
                0xbfc02ff0        0x4 build/default/debug/_ext/1688732426/system_init.o

.config_BFC02FF4
                0xbfc02ff4        0x4
 *(.config_BFC02FF4)
 .config_BFC02FF4
                0xbfc02ff4        0x4 build/default/debug/_ext/1688732426/system_init.o

.config_BFC02FF8
                0xbfc02ff8        0x4
 *(.config_BFC02FF8)
 .config_BFC02FF8
                0xbfc02ff8        0x4 build/default/debug/_ext/1688732426/system_init.o

.config_BFC02FFC
                0xbfc02ffc        0x4
 *(.config_BFC02FFC)
 .config_BFC02FFC
                0xbfc02ffc        0x4 build/default/debug/_ext/1688732426/system_init.o
                0xbfc02000                PROVIDE (_DBG_CODE_ADDR, 0xbfc02000)
                0x00000ff0                PROVIDE (_DBG_CODE_SIZE, 0xff0)

.reset          0xbfc00000      0x208
 *(.reset)
 .reset         0xbfc00000        0x8 c:/program files (x86)/microchip/xc32/v1.42/bin/bin/../../lib/gcc/pic32mx/4.8.3/../../../../pic32mx/lib/./proc/32MX795F512L/crt0_mips32r2.o
                0xbfc00000                _reset
 *(.reset.startup)
 .reset.startup
                0xbfc00008      0x200 c:/program files (x86)/microchip/xc32/v1.42/bin/bin/../../lib/gcc/pic32mx/4.8.3/../../../../pic32mx/lib/./proc/32MX795F512L/crt0_mips32r2.o

.bev_excpt      0xbfc00380       0x10
 *(.bev_handler)
 .bev_handler   0xbfc00380       0x10 c:/program files (x86)/microchip/xc32/v1.42/bin/bin/../../lib/gcc/pic32mx/4.8.3/../../../../pic32mx/lib/./proc/32MX795F512L/crt0_mips32r2.o

.dbg_excpt      0xbfc00480        0x8
                0xbfc00480                . = (. + DEFINED (_DEBUGGER)?0x8:0x0)
 *fill*         0xbfc00480        0x8 

.dbg_code       0xbfc02000      0xff0
                0xbfc02000                . = (. + DEFINED (_DEBUGGER)?_DBG_CODE_SIZE:0x0)
 *fill*         0xbfc02000      0xff0 

.app_excpt      0x9fc01180       0x10
 *(.gen_handler)
 .gen_handler   0x9fc01180       0x10 c:/program files (x86)/microchip/xc32/v1.42/bin/bin/../../lib/gcc/pic32mx/4.8.3/../../../../pic32mx/lib/./proc/32MX795F512L/crt0_mips32r2.o

.vector_0       0x9fc01200        0x8
 *(.vector_0)
 .vector_0      0x9fc01200        0x8 c:/program files (x86)/microchip/xc32/v1.42/bin/bin/../../lib/gcc/pic32mx/4.8.3/../../../../pic32mx/lib\libpic32.a(vector0.o)
                0x9fc01200                __vector_dispatch_0
                0x00000001                ASSERT (((_vector_spacing == 0x0) || (SIZEOF (.vector_0) <= (_vector_spacing << 0x5))), function at exception vector 0 too large)

.vector_1       0x9fc01220        0x8
 *(.vector_1)
 .vector_1      0x9fc01220        0x8 build/default/debug/_ext/1026174026/port.o
                0x9fc01220                __vector_dispatch_1
                0x00000001                ASSERT (((_vector_spacing == 0x0) || (SIZEOF (.vector_1) <= (_vector_spacing << 0x5))), function at exception vector 1 too large)

.vector_2       0x9fc01240        0x8
 *(.vector_2)
 .vector_2      0x9fc01240        0x8 c:/program files (x86)/microchip/xc32/v1.42/bin/bin/../../lib/gcc/pic32mx/4.8.3/../../../../pic32mx/lib\libpic32.a(vector2.o)
                0x9fc01240                __vector_dispatch_2
                0x00000001                ASSERT (((_vector_spacing == 0x0) || (SIZEOF (.vector_2) <= (_vector_spacing << 0x5))), function at exception vector 2 too large)

.vector_3       0x9fc01260        0x8
 *(.vector_3)
 .vector_3      0x9fc01260        0x8 c:/program files (x86)/microchip/xc32/v1.42/bin/bin/../../lib/gcc/pic32mx/4.8.3/../../../../pic32mx/lib\libpic32.a(vector3.o)
                0x9fc01260                __vector_dispatch_3
                0x00000001                ASSERT (((_vector_spacing == 0x0) || (SIZEOF (.vector_3) <= (_vector_spacing << 0x5))), function at exception vector 3 too large)

.vector_4       0x9fc01280        0x8
 *(.vector_4)
 .vector_4      0x9fc01280        0x8 build/default/debug/_ext/1026174026/port.o
                0x9fc01280                __vector_dispatch_4
                0x00000001                ASSERT (((_vector_spacing == 0x0) || (SIZEOF (.vector_4) <= (_vector_spacing << 0x5))), function at exception vector 4 too large)

.vector_5       0x9fc012a0        0x8
 *(.vector_5)
 .vector_5      0x9fc012a0        0x8 c:/program files (x86)/microchip/xc32/v1.42/bin/bin/../../lib/gcc/pic32mx/4.8.3/../../../../pic32mx/lib\libpic32.a(vector5.o)
                0x9fc012a0                __vector_dispatch_5
                0x00000001                ASSERT (((_vector_spacing == 0x0) || (SIZEOF (.vector_5) <= (_vector_spacing << 0x5))), function at exception vector 5 too large)

.vector_6       0x9fc012c0        0x8
 *(.vector_6)
 .vector_6      0x9fc012c0        0x8 c:/program files (x86)/microchip/xc32/v1.42/bin/bin/../../lib/gcc/pic32mx/4.8.3/../../../../pic32mx/lib\libpic32.a(vector6.o)
                0x9fc012c0                __vector_dispatch_6
                0x00000001                ASSERT (((_vector_spacing == 0x0) || (SIZEOF (.vector_6) <= (_vector_spacing << 0x5))), function at exception vector 6 too large)

.vector_7       0x9fc012e0        0x8
 *(.vector_7)
 .vector_7      0x9fc012e0        0x8 c:/program files (x86)/microchip/xc32/v1.42/bin/bin/../../lib/gcc/pic32mx/4.8.3/../../../../pic32mx/lib\libpic32.a(vector7.o)
                0x9fc012e0                __vector_dispatch_7
                0x00000001                ASSERT (((_vector_spacing == 0x0) || (SIZEOF (.vector_7) <= (_vector_spacing << 0x5))), function at exception vector 7 too large)

.vector_8       0x9fc01300        0x8
 *(.vector_8)
 .vector_8      0x9fc01300        0x8 c:/program files (x86)/microchip/xc32/v1.42/bin/bin/../../lib/gcc/pic32mx/4.8.3/../../../../pic32mx/lib\libpic32.a(vector8.o)
                0x9fc01300                __vector_dispatch_8
                0x00000001                ASSERT (((_vector_spacing == 0x0) || (SIZEOF (.vector_8) <= (_vector_spacing << 0x5))), function at exception vector 8 too large)

.vector_9       0x9fc01320        0x8
 *(.vector_9)
 .vector_9      0x9fc01320        0x8 c:/program files (x86)/microchip/xc32/v1.42/bin/bin/../../lib/gcc/pic32mx/4.8.3/../../../../pic32mx/lib\libpic32.a(vector9.o)
                0x9fc01320                __vector_dispatch_9
                0x00000001                ASSERT (((_vector_spacing == 0x0) || (SIZEOF (.vector_9) <= (_vector_spacing << 0x5))), function at exception vector 9 too large)

.vector_10      0x9fc01340        0x8
 *(.vector_10)
 .vector_10     0x9fc01340        0x8 c:/program files (x86)/microchip/xc32/v1.42/bin/bin/../../lib/gcc/pic32mx/4.8.3/../../../../pic32mx/lib\libpic32.a(vector10.o)
                0x9fc01340                __vector_dispatch_10
                0x00000001                ASSERT (((_vector_spacing == 0x0) || (SIZEOF (.vector_10) <= (_vector_spacing << 0x5))), function at exception vector 10 too large)

.vector_11      0x9fc01360        0x8
 *(.vector_11)
 .vector_11     0x9fc01360        0x8 c:/program files (x86)/microchip/xc32/v1.42/bin/bin/../../lib/gcc/pic32mx/4.8.3/../../../../pic32mx/lib\libpic32.a(vector11.o)
                0x9fc01360                __vector_dispatch_11
                0x00000001                ASSERT (((_vector_spacing == 0x0) || (SIZEOF (.vector_11) <= (_vector_spacing << 0x5))), function at exception vector 11 too large)

.vector_12      0x9fc01380        0x8
 *(.vector_12)
 .vector_12     0x9fc01380        0x8 c:/program files (x86)/microchip/xc32/v1.42/bin/bin/../../lib/gcc/pic32mx/4.8.3/../../../../pic32mx/lib\libpic32.a(vector12.o)
                0x9fc01380                __vector_dispatch_12
                0x00000001                ASSERT (((_vector_spacing == 0x0) || (SIZEOF (.vector_12) <= (_vector_spacing << 0x5))), function at exception vector 12 too large)

.vector_13      0x9fc013a0        0x8
 *(.vector_13)
 .vector_13     0x9fc013a0        0x8 c:/program files (x86)/microchip/xc32/v1.42/bin/bin/../../lib/gcc/pic32mx/4.8.3/../../../../pic32mx/lib\libpic32.a(vector13.o)
                0x9fc013a0                __vector_dispatch_13
                0x00000001                ASSERT (((_vector_spacing == 0x0) || (SIZEOF (.vector_13) <= (_vector_spacing << 0x5))), function at exception vector 13 too large)

.vector_14      0x9fc013c0        0x8
 *(.vector_14)
 .vector_14     0x9fc013c0        0x8 c:/program files (x86)/microchip/xc32/v1.42/bin/bin/../../lib/gcc/pic32mx/4.8.3/../../../../pic32mx/lib\libpic32.a(vector14.o)
                0x9fc013c0                __vector_dispatch_14
                0x00000001                ASSERT (((_vector_spacing == 0x0) || (SIZEOF (.vector_14) <= (_vector_spacing << 0x5))), function at exception vector 14 too large)

.vector_15      0x9fc013e0        0x8
 *(.vector_15)
 .vector_15     0x9fc013e0        0x8 c:/program files (x86)/microchip/xc32/v1.42/bin/bin/../../lib/gcc/pic32mx/4.8.3/../../../../pic32mx/lib\libpic32.a(vector15.o)
                0x9fc013e0                __vector_dispatch_15
                0x00000001                ASSERT (((_vector_spacing == 0x0) || (SIZEOF (.vector_15) <= (_vector_spacing << 0x5))), function at exception vector 15 too large)

.vector_16      0x9fc01400        0x8
 *(.vector_16)
 .vector_16     0x9fc01400        0x8 c:/program files (x86)/microchip/xc32/v1.42/bin/bin/../../lib/gcc/pic32mx/4.8.3/../../../../pic32mx/lib\libpic32.a(vector16.o)
                0x9fc01400                __vector_dispatch_16
                0x00000001                ASSERT (((_vector_spacing == 0x0) || (SIZEOF (.vector_16) <= (_vector_spacing << 0x5))), function at exception vector 16 too large)

.vector_17      0x9fc01420        0x8
 *(.vector_17)
 .vector_17     0x9fc01420        0x8 c:/program files (x86)/microchip/xc32/v1.42/bin/bin/../../lib/gcc/pic32mx/4.8.3/../../../../pic32mx/lib\libpic32.a(vector17.o)
                0x9fc01420                __vector_dispatch_17
                0x00000001                ASSERT (((_vector_spacing == 0x0) || (SIZEOF (.vector_17) <= (_vector_spacing << 0x5))), function at exception vector 17 too large)

.vector_18      0x9fc01440        0x8
 *(.vector_18)
 .vector_18     0x9fc01440        0x8 c:/program files (x86)/microchip/xc32/v1.42/bin/bin/../../lib/gcc/pic32mx/4.8.3/../../../../pic32mx/lib\libpic32.a(vector18.o)
                0x9fc01440                __vector_dispatch_18
                0x00000001                ASSERT (((_vector_spacing == 0x0) || (SIZEOF (.vector_18) <= (_vector_spacing << 0x5))), function at exception vector 18 too large)

.vector_19      0x9fc01460        0x8
 *(.vector_19)
 .vector_19     0x9fc01460        0x8 c:/program files (x86)/microchip/xc32/v1.42/bin/bin/../../lib/gcc/pic32mx/4.8.3/../../../../pic32mx/lib\libpic32.a(vector19.o)
                0x9fc01460                __vector_dispatch_19
                0x00000001                ASSERT (((_vector_spacing == 0x0) || (SIZEOF (.vector_19) <= (_vector_spacing << 0x5))), function at exception vector 19 too large)

.vector_20      0x9fc01480        0x8
 *(.vector_20)
 .vector_20     0x9fc01480        0x8 c:/program files (x86)/microchip/xc32/v1.42/bin/bin/../../lib/gcc/pic32mx/4.8.3/../../../../pic32mx/lib\libpic32.a(vector20.o)
                0x9fc01480                __vector_dispatch_20
                0x00000001                ASSERT (((_vector_spacing == 0x0) || (SIZEOF (.vector_20) <= (_vector_spacing << 0x5))), function at exception vector 20 too large)

.vector_21      0x9fc014a0        0x8
 *(.vector_21)
 .vector_21     0x9fc014a0        0x8 c:/program files (x86)/microchip/xc32/v1.42/bin/bin/../../lib/gcc/pic32mx/4.8.3/../../../../pic32mx/lib\libpic32.a(vector21.o)
                0x9fc014a0                __vector_dispatch_21
                0x00000001                ASSERT (((_vector_spacing == 0x0) || (SIZEOF (.vector_21) <= (_vector_spacing << 0x5))), function at exception vector 21 too large)

.vector_22      0x9fc014c0        0x8
 *(.vector_22)
 .vector_22     0x9fc014c0        0x8 c:/program files (x86)/microchip/xc32/v1.42/bin/bin/../../lib/gcc/pic32mx/4.8.3/../../../../pic32mx/lib\libpic32.a(vector22.o)
                0x9fc014c0                __vector_dispatch_22
                0x00000001                ASSERT (((_vector_spacing == 0x0) || (SIZEOF (.vector_22) <= (_vector_spacing << 0x5))), function at exception vector 22 too large)

.vector_23      0x9fc014e0        0x8
 *(.vector_23)
 .vector_23     0x9fc014e0        0x8 c:/program files (x86)/microchip/xc32/v1.42/bin/bin/../../lib/gcc/pic32mx/4.8.3/../../../../pic32mx/lib\libpic32.a(vector23.o)
                0x9fc014e0                __vector_dispatch_23
                0x00000001                ASSERT (((_vector_spacing == 0x0) || (SIZEOF (.vector_23) <= (_vector_spacing << 0x5))), function at exception vector 23 too large)

.vector_24      0x9fc01500       0x10
 *(.vector_24)
 .vector_24     0x9fc01500       0x10 build/default/debug/_ext/1688732426/system_interrupt_a.o
                0x9fc01500                __vector_dispatch_24
                0x00000001                ASSERT (((_vector_spacing == 0x0) || (SIZEOF (.vector_24) <= (_vector_spacing << 0x5))), function at exception vector 24 too large)

.vector_25      0x9fc01520        0x8
 *(.vector_25)
 .vector_25     0x9fc01520        0x8 c:/program files (x86)/microchip/xc32/v1.42/bin/bin/../../lib/gcc/pic32mx/4.8.3/../../../../pic32mx/lib\libpic32.a(vector25.o)
                0x9fc01520                __vector_dispatch_25
                0x00000001                ASSERT (((_vector_spacing == 0x0) || (SIZEOF (.vector_25) <= (_vector_spacing << 0x5))), function at exception vector 25 too large)

.vector_26      0x9fc01540        0x8
 *(.vector_26)
 .vector_26     0x9fc01540        0x8 c:/program files (x86)/microchip/xc32/v1.42/bin/bin/../../lib/gcc/pic32mx/4.8.3/../../../../pic32mx/lib\libpic32.a(vector26.o)
                0x9fc01540                __vector_dispatch_26
                0x00000001                ASSERT (((_vector_spacing == 0x0) || (SIZEOF (.vector_26) <= (_vector_spacing << 0x5))), function at exception vector 26 too large)

.vector_27      0x9fc01560       0x10
 *(.vector_27)
 .vector_27     0x9fc01560       0x10 build/default/debug/_ext/1688732426/system_interrupt_a.o
                0x9fc01560                __vector_dispatch_27
                0x00000001                ASSERT (((_vector_spacing == 0x0) || (SIZEOF (.vector_27) <= (_vector_spacing << 0x5))), function at exception vector 27 too large)

.vector_28      0x9fc01580        0x8
 *(.vector_28)
 .vector_28     0x9fc01580        0x8 c:/program files (x86)/microchip/xc32/v1.42/bin/bin/../../lib/gcc/pic32mx/4.8.3/../../../../pic32mx/lib\libpic32.a(vector28.o)
                0x9fc01580                __vector_dispatch_28
                0x00000001                ASSERT (((_vector_spacing == 0x0) || (SIZEOF (.vector_28) <= (_vector_spacing << 0x5))), function at exception vector 28 too large)

.vector_29      0x9fc015a0        0x8
 *(.vector_29)
 .vector_29     0x9fc015a0        0x8 c:/program files (x86)/microchip/xc32/v1.42/bin/bin/../../lib/gcc/pic32mx/4.8.3/../../../../pic32mx/lib\libpic32.a(vector29.o)
                0x9fc015a0                __vector_dispatch_29
                0x00000001                ASSERT (((_vector_spacing == 0x0) || (SIZEOF (.vector_29) <= (_vector_spacing << 0x5))), function at exception vector 29 too large)

.vector_30      0x9fc015c0        0x8
 *(.vector_30)
 .vector_30     0x9fc015c0        0x8 c:/program files (x86)/microchip/xc32/v1.42/bin/bin/../../lib/gcc/pic32mx/4.8.3/../../../../pic32mx/lib\libpic32.a(vector30.o)
                0x9fc015c0                __vector_dispatch_30
                0x00000001                ASSERT (((_vector_spacing == 0x0) || (SIZEOF (.vector_30) <= (_vector_spacing << 0x5))), function at exception vector 30 too large)

.vector_31      0x9fc015e0        0x8
 *(.vector_31)
 .vector_31     0x9fc015e0        0x8 c:/program files (x86)/microchip/xc32/v1.42/bin/bin/../../lib/gcc/pic32mx/4.8.3/../../../../pic32mx/lib\libpic32.a(vector31.o)
                0x9fc015e0                __vector_dispatch_31
                0x00000001                ASSERT (((_vector_spacing == 0x0) || (SIZEOF (.vector_31) <= (_vector_spacing << 0x5))), function at exception vector 31 too large)

.vector_32      0x9fc01600        0x8
 *(.vector_32)
 .vector_32     0x9fc01600        0x8 c:/program files (x86)/microchip/xc32/v1.42/bin/bin/../../lib/gcc/pic32mx/4.8.3/../../../../pic32mx/lib\libpic32.a(vector32.o)
                0x9fc01600                __vector_dispatch_32
                0x00000001                ASSERT (((_vector_spacing == 0x0) || (SIZEOF (.vector_32) <= (_vector_spacing << 0x5))), function at exception vector 32 too large)

.vector_33      0x9fc01620        0x8
 *(.vector_33)
 .vector_33     0x9fc01620        0x8 c:/program files (x86)/microchip/xc32/v1.42/bin/bin/../../lib/gcc/pic32mx/4.8.3/../../../../pic32mx/lib\libpic32.a(vector33.o)
                0x9fc01620                __vector_dispatch_33
                0x00000001                ASSERT (((_vector_spacing == 0x0) || (SIZEOF (.vector_33) <= (_vector_spacing << 0x5))), function at exception vector 33 too large)

.vector_34      0x9fc01640        0x8
 *(.vector_34)
 .vector_34     0x9fc01640        0x8 c:/program files (x86)/microchip/xc32/v1.42/bin/bin/../../lib/gcc/pic32mx/4.8.3/../../../../pic32mx/lib\libpic32.a(vector34.o)
                0x9fc01640                __vector_dispatch_34
                0x00000001                ASSERT (((_vector_spacing == 0x0) || (SIZEOF (.vector_34) <= (_vector_spacing << 0x5))), function at exception vector 34 too large)

.vector_35      0x9fc01660        0x8
 *(.vector_35)
 .vector_35     0x9fc01660        0x8 c:/program files (x86)/microchip/xc32/v1.42/bin/bin/../../lib/gcc/pic32mx/4.8.3/../../../../pic32mx/lib\libpic32.a(vector35.o)
                0x9fc01660                __vector_dispatch_35
                0x00000001                ASSERT (((_vector_spacing == 0x0) || (SIZEOF (.vector_35) <= (_vector_spacing << 0x5))), function at exception vector 35 too large)

.vector_36      0x9fc01680        0x8
 *(.vector_36)
 .vector_36     0x9fc01680        0x8 c:/program files (x86)/microchip/xc32/v1.42/bin/bin/../../lib/gcc/pic32mx/4.8.3/../../../../pic32mx/lib\libpic32.a(vector36.o)
                0x9fc01680                __vector_dispatch_36
                0x00000001                ASSERT (((_vector_spacing == 0x0) || (SIZEOF (.vector_36) <= (_vector_spacing << 0x5))), function at exception vector 36 too large)

.vector_37      0x9fc016a0        0x8
 *(.vector_37)
 .vector_37     0x9fc016a0        0x8 c:/program files (x86)/microchip/xc32/v1.42/bin/bin/../../lib/gcc/pic32mx/4.8.3/../../../../pic32mx/lib\libpic32.a(vector37.o)
                0x9fc016a0                __vector_dispatch_37
                0x00000001                ASSERT (((_vector_spacing == 0x0) || (SIZEOF (.vector_37) <= (_vector_spacing << 0x5))), function at exception vector 37 too large)

.vector_38      0x9fc016c0        0x8
 *(.vector_38)
 .vector_38     0x9fc016c0        0x8 c:/program files (x86)/microchip/xc32/v1.42/bin/bin/../../lib/gcc/pic32mx/4.8.3/../../../../pic32mx/lib\libpic32.a(vector38.o)
                0x9fc016c0                __vector_dispatch_38
                0x00000001                ASSERT (((_vector_spacing == 0x0) || (SIZEOF (.vector_38) <= (_vector_spacing << 0x5))), function at exception vector 38 too large)

.vector_39      0x9fc016e0        0x8
 *(.vector_39)
 .vector_39     0x9fc016e0        0x8 c:/program files (x86)/microchip/xc32/v1.42/bin/bin/../../lib/gcc/pic32mx/4.8.3/../../../../pic32mx/lib\libpic32.a(vector39.o)
                0x9fc016e0                __vector_dispatch_39
                0x00000001                ASSERT (((_vector_spacing == 0x0) || (SIZEOF (.vector_39) <= (_vector_spacing << 0x5))), function at exception vector 39 too large)

.vector_40      0x9fc01700        0x8
 *(.vector_40)
 .vector_40     0x9fc01700        0x8 c:/program files (x86)/microchip/xc32/v1.42/bin/bin/../../lib/gcc/pic32mx/4.8.3/../../../../pic32mx/lib\libpic32.a(vector40.o)
                0x9fc01700                __vector_dispatch_40
                0x00000001                ASSERT (((_vector_spacing == 0x0) || (SIZEOF (.vector_40) <= (_vector_spacing << 0x5))), function at exception vector 40 too large)

.vector_41      0x9fc01720        0x8
 *(.vector_41)
 .vector_41     0x9fc01720        0x8 c:/program files (x86)/microchip/xc32/v1.42/bin/bin/../../lib/gcc/pic32mx/4.8.3/../../../../pic32mx/lib\libpic32.a(vector41.o)
                0x9fc01720                __vector_dispatch_41
                0x00000001                ASSERT (((_vector_spacing == 0x0) || (SIZEOF (.vector_41) <= (_vector_spacing << 0x5))), function at exception vector 41 too large)

.vector_42      0x9fc01740        0x8
 *(.vector_42)
 .vector_42     0x9fc01740        0x8 c:/program files (x86)/microchip/xc32/v1.42/bin/bin/../../lib/gcc/pic32mx/4.8.3/../../../../pic32mx/lib\libpic32.a(vector42.o)
                0x9fc01740                __vector_dispatch_42
                0x00000001                ASSERT (((_vector_spacing == 0x0) || (SIZEOF (.vector_42) <= (_vector_spacing << 0x5))), function at exception vector 42 too large)

.vector_43      0x9fc01760        0x8
 *(.vector_43)
 .vector_43     0x9fc01760        0x8 c:/program files (x86)/microchip/xc32/v1.42/bin/bin/../../lib/gcc/pic32mx/4.8.3/../../../../pic32mx/lib\libpic32.a(vector43.o)
                0x9fc01760                __vector_dispatch_43
                0x00000001                ASSERT (((_vector_spacing == 0x0) || (SIZEOF (.vector_43) <= (_vector_spacing << 0x5))), function at exception vector 43 too large)

.vector_44      0x9fc01780        0x8
 *(.vector_44)
 .vector_44     0x9fc01780        0x8 c:/program files (x86)/microchip/xc32/v1.42/bin/bin/../../lib/gcc/pic32mx/4.8.3/../../../../pic32mx/lib\libpic32.a(vector44.o)
                0x9fc01780                __vector_dispatch_44
                0x00000001                ASSERT (((_vector_spacing == 0x0) || (SIZEOF (.vector_44) <= (_vector_spacing << 0x5))), function at exception vector 44 too large)

.vector_45      0x9fc017a0        0x8
 *(.vector_45)
 .vector_45     0x9fc017a0        0x8 c:/program files (x86)/microchip/xc32/v1.42/bin/bin/../../lib/gcc/pic32mx/4.8.3/../../../../pic32mx/lib\libpic32.a(vector45.o)
                0x9fc017a0                __vector_dispatch_45
                0x00000001                ASSERT (((_vector_spacing == 0x0) || (SIZEOF (.vector_45) <= (_vector_spacing << 0x5))), function at exception vector 45 too large)

.vector_46      0x9fc017c0        0x8
 *(.vector_46)
 .vector_46     0x9fc017c0        0x8 c:/program files (x86)/microchip/xc32/v1.42/bin/bin/../../lib/gcc/pic32mx/4.8.3/../../../../pic32mx/lib\libpic32.a(vector46.o)
                0x9fc017c0                __vector_dispatch_46
                0x00000001                ASSERT (((_vector_spacing == 0x0) || (SIZEOF (.vector_46) <= (_vector_spacing << 0x5))), function at exception vector 46 too large)

.vector_47      0x9fc017e0        0x8
 *(.vector_47)
 .vector_47     0x9fc017e0        0x8 c:/program files (x86)/microchip/xc32/v1.42/bin/bin/../../lib/gcc/pic32mx/4.8.3/../../../../pic32mx/lib\libpic32.a(vector47.o)
                0x9fc017e0                __vector_dispatch_47
                0x00000001                ASSERT (((_vector_spacing == 0x0) || (SIZEOF (.vector_47) <= (_vector_spacing << 0x5))), function at exception vector 47 too large)

.vector_48      0x9fc01800        0x8
 *(.vector_48)
 .vector_48     0x9fc01800        0x8 c:/program files (x86)/microchip/xc32/v1.42/bin/bin/../../lib/gcc/pic32mx/4.8.3/../../../../pic32mx/lib\libpic32.a(vector48.o)
                0x9fc01800                __vector_dispatch_48
                0x00000001                ASSERT (((_vector_spacing == 0x0) || (SIZEOF (.vector_48) <= (_vector_spacing << 0x5))), function at exception vector 48 too large)

.vector_49      0x9fc01820        0x8
 *(.vector_49)
 .vector_49     0x9fc01820        0x8 c:/program files (x86)/microchip/xc32/v1.42/bin/bin/../../lib/gcc/pic32mx/4.8.3/../../../../pic32mx/lib\libpic32.a(vector49.o)
                0x9fc01820                __vector_dispatch_49
                0x00000001                ASSERT (((_vector_spacing == 0x0) || (SIZEOF (.vector_49) <= (_vector_spacing << 0x5))), function at exception vector 49 too large)

.vector_50      0x9fc01840        0x8
 *(.vector_50)
 .vector_50     0x9fc01840        0x8 c:/program files (x86)/microchip/xc32/v1.42/bin/bin/../../lib/gcc/pic32mx/4.8.3/../../../../pic32mx/lib\libpic32.a(vector50.o)
                0x9fc01840                __vector_dispatch_50
                0x00000001                ASSERT (((_vector_spacing == 0x0) || (SIZEOF (.vector_50) <= (_vector_spacing << 0x5))), function at exception vector 50 too large)

.vector_51      0x9fc01860        0x8
 *(.vector_51)
 .vector_51     0x9fc01860        0x8 c:/program files (x86)/microchip/xc32/v1.42/bin/bin/../../lib/gcc/pic32mx/4.8.3/../../../../pic32mx/lib\libpic32.a(vector51.o)
                0x9fc01860                __vector_dispatch_51
                0x00000001                ASSERT (((_vector_spacing == 0x0) || (SIZEOF (.vector_51) <= (_vector_spacing << 0x5))), function at exception vector 51 too large)

.vector_52      0x9fc01880        0x0
 *(.vector_52)
                0x00000001                ASSERT (((_vector_spacing == 0x0) || (SIZEOF (.vector_52) <= (_vector_spacing << 0x5))), function at exception vector 52 too large)

.vector_53      0x9fc018a0        0x0
 *(.vector_53)
                0x00000001                ASSERT (((_vector_spacing == 0x0) || (SIZEOF (.vector_53) <= (_vector_spacing << 0x5))), function at exception vector 53 too large)

.vector_54      0x9fc018c0        0x0
 *(.vector_54)
                0x00000001                ASSERT (((_vector_spacing == 0x0) || (SIZEOF (.vector_54) <= (_vector_spacing << 0x5))), function at exception vector 54 too large)

.vector_55      0x9fc018e0        0x0
 *(.vector_55)
                0x00000001                ASSERT (((_vector_spacing == 0x0) || (SIZEOF (.vector_55) <= (_vector_spacing << 0x5))), function at exception vector 55 too large)

.vector_56      0x9fc01900        0x0
 *(.vector_56)
                0x00000001                ASSERT (((_vector_spacing == 0x0) || (SIZEOF (.vector_56) <= (_vector_spacing << 0x5))), function at exception vector 56 too large)

.vector_57      0x9fc01920        0x0
 *(.vector_57)
                0x00000001                ASSERT (((_vector_spacing == 0x0) || (SIZEOF (.vector_57) <= (_vector_spacing << 0x5))), function at exception vector 57 too large)

.vector_58      0x9fc01940        0x0
 *(.vector_58)
                0x00000001                ASSERT (((_vector_spacing == 0x0) || (SIZEOF (.vector_58) <= (_vector_spacing << 0x5))), function at exception vector 58 too large)

.vector_59      0x9fc01960        0x0
 *(.vector_59)
                0x00000001                ASSERT (((_vector_spacing == 0x0) || (SIZEOF (.vector_59) <= (_vector_spacing << 0x5))), function at exception vector 59 too large)

.vector_60      0x9fc01980        0x0
 *(.vector_60)
                0x00000001                ASSERT (((_vector_spacing == 0x0) || (SIZEOF (.vector_60) <= (_vector_spacing << 0x5))), function at exception vector 60 too large)

.vector_61      0x9fc019a0        0x0
 *(.vector_61)
                0x00000001                ASSERT (((_vector_spacing == 0x0) || (SIZEOF (.vector_61) <= (_vector_spacing << 0x5))), function at exception vector 61 too large)

.vector_62      0x9fc019c0        0x0
 *(.vector_62)
                0x00000001                ASSERT (((_vector_spacing == 0x0) || (SIZEOF (.vector_62) <= (_vector_spacing << 0x5))), function at exception vector 62 too large)

.vector_63      0x9fc019e0        0x0
 *(.vector_63)
                0x00000001                ASSERT (((_vector_spacing == 0x0) || (SIZEOF (.vector_63) <= (_vector_spacing << 0x5))), function at exception vector 63 too large)

.startup
 *(.startup)

.text           0x9d000000        0x0
 *(.stub .gnu.linkonce.t.*)
 *(.text.*personality*)
 *(.mips16.fn.*)
 *(.mips16.call.*)
 *(.gnu.warning)
                0x9d000000                . = ALIGN (0x4)

.init           0x9d000000        0x0
 *crti.o(.init)
 *crtbegin.o(.init)
 *(EXCLUDE_FILE(*crtn.o *crtend?.o *crtend.o) .init)
 *crtend.o(.init)
 *crtn.o(.init)
                0x9d000000                . = ALIGN (0x4)

.fini           0x9d000000        0x0
 *(.fini)
                0x9d000000                . = ALIGN (0x4)

.preinit_array  0x9d000000        0x0
                0x9d000000                PROVIDE (__preinit_array_start, .)
 *(.preinit_array)
                0x9d000000                PROVIDE (__preinit_array_end, .)
                0x9d000000                . = ALIGN (0x4)

.init_array     0x9d000000        0x0
                0x9d000000                PROVIDE (__init_array_start, .)
 *(SORT(.init_array.*))
 *(.init_array)
                0x9d000000                PROVIDE (__init_array_end, .)
                0x9d000000                . = ALIGN (0x4)

.fini_array     0x9d000000        0x0
                0x9d000000                PROVIDE (__fini_array_start, .)
 *(SORT(.fini_array.*))
 *(.fini_array)
                0x9d000000                PROVIDE (__fini_array_end, .)
                0x9d000000                . = ALIGN (0x4)

.ctors          0x9d000000        0x0
 *crtbegin.o(.ctors)
 *crtbegin?.o(.ctors)
 *(EXCLUDE_FILE(*crtend?.o *crtend.o) .ctors)
 *(SORT(.ctors.*))
 *(.ctors)
                0x9d000000                . = ALIGN (0x4)

.dtors          0x9d000000        0x0
 *crtbegin.o(.dtors)
 *crtbegin?.o(.dtors)
 *(EXCLUDE_FILE(*crtend?.o *crtend.o) .dtors)
 *(SORT(.dtors.*))
 *(.dtors)
                0x9d000000                . = ALIGN (0x4)

.rodata         0x9d000000        0x0
 *(.gnu.linkonce.r.*)
 *(.rodata1)
                0x9d000000                . = ALIGN (0x4)

.sdata2         0x9fc00490        0x0
 *(.sdata2 .sdata2.* .gnu.linkonce.s2.*)
                0x9fc00490                . = ALIGN (0x4)

.sbss2          0x9fc00490        0x0
 *(.sbss2 .sbss2.* .gnu.linkonce.sb2.*)
                0x9fc00490                . = ALIGN (0x4)

.eh_frame_hdr
 *(.eh_frame_hdr)
                0x9fc00490                . = ALIGN (0x4)

.eh_frame
 *(.eh_frame)
                0x9fc00490                . = ALIGN (0x4)

.gcc_except_table
 *(.gcc_except_table .gcc_except_table.*)
                0x9fc00490                . = ALIGN (0x4)

.dbg_data       0xa0000000      0x200
                0xa0000000                . = (. + DEFINED (_DEBUGGER)?0x200:0x0)
 *fill*         0xa0000000      0x200 

.jcr            0xa0000200        0x0
 *(.jcr)
                0xa0000200                . = ALIGN (0x4)

.eh_frame
 *(.eh_frame)
                0xa0000200                . = ALIGN (0x4)

.gcc_except_table
 *(.gcc_except_table .gcc_except_table.*)
                0xa0000200                . = ALIGN (0x4)

.persist        0xa0000200        0x0
                0xa0000200                _persist_begin = .
 *(.persist .persist.*)
 *(.pbss .pbss.*)
                0xa0000200                . = ALIGN (0x4)
                0xa0000200                _persist_end = .

.data           0xa0000200        0x0
 *(.gnu.linkonce.d.*)
 *(.data1)
                0xa0000200                . = ALIGN (0x4)
                0xa0000200                . = .
                0xa00081f0                _gp = (ALIGN (0x10) + 0x7ff0)

.got            0xa0000200        0x0
 *(.got.plt)
 *(.got)
                0xa0000200                . = ALIGN (0x4)

.sdata          0xa0000200        0x4
                0xa0000200                _sdata_begin = .
 *(.sdata .sdata.* .gnu.linkonce.s.*)
 .sdata         0xa0000200        0x4 build/default/debug/_ext/1026174026/port.o
                0xa0000200                uxInterruptNesting
                0xa0000204                . = ALIGN (0x4)
                0xa0000204                _sdata_end = .

.lit8
 *(.lit8)

.lit4
 *(.lit4)
                0xa0000204                . = ALIGN (0x4)
                0xa0000204                _data_end = .
                0xa0000204                _bss_begin = .

.sbss           0xa0000204       0xdc
                0xa0000204                _sbss_begin = .
 *(.dynsbss)
 *(.sbss .sbss.* .gnu.linkonce.sb.*)
 .sbss          0xa0000204        0xc build/default/debug/_ext/1688732426/system_exceptions.o
 .sbss          0xa0000210        0x2 build/default/debug/_ext/606306120/drv_usart_buffer_queue.o
 *fill*         0xa0000212        0x2 
 .sbss          0xa0000214        0x8 build/default/debug/_ext/598611465/heap_1.o
 .sbss          0xa000021c        0x4 build/default/debug/_ext/1026174026/port.o
                0xa000021c                uxSavedTaskStackPointer
 .sbss          0xa0000220       0x30 build/default/debug/_ext/793396116/tasks.o
                0xa0000220                uxSchedulerSuspended
                0xa0000224                xNextTaskUnblockTime
                0xa0000228                uxTaskNumber
                0xa000022c                xNumOfOverflows
                0xa0000230                xYieldPending
                0xa0000234                uxPendedTicks
                0xa0000238                xSchedulerRunning
                0xa000023c                uxTopReadyPriority
                0xa0000240                xTickCount
                0xa0000244                uxCurrentNumberOfTasks
                0xa0000248                uxTasksDeleted
                0xa000024c                pxCurrentTCB
 .sbss          0xa0000250       0x10 build/default/debug/_ext/793396116/timers.o
 *(.scommon)
 .scommon       0xa0000260       0x62 build/default/debug/_ext/639803181/sys_clk_static.o
                0xa0000260                ir_tx_checksum
                0xa0000262                rx_checksum
                0xa0000264                ir_rx_checksum
                0xa0000268                name_current
                0xa000026c                wifly_msg_header
                0xa0000270                ir_rx_msg_data
                0xa0000272                tx_sequence
                0xa0000274                ir_msg_data
                0xa0000278                sensorQueue
                0xa000027c                ir_msg_footer
                0xa000027e                tx_checksum
                0xa0000280                ir_tx_sequence
                0xa0000282                sensorDataReceived
                0xa0000284                wifly_rx_msg_data
                0xa0000288                ir_rx_msg_header
                0xa000028c                wifly_msg_data
                0xa0000290                app1Data
                0xa0000294                sensorTimer
                0xa0000298                my_usart
                0xa000029c                ir_rx_msg_footer
                0xa00002a0                myQueue
                0xa00002a4                my_timer
                0xa00002a8                rx_sequence
                0xa00002ac                wifly_rx_msg_header
                0xa00002b0                ir_msg_header
                0xa00002b4                wifly_rx_msg_footer
                0xa00002b6                rx
                0xa00002b8                wifly_msg_footer
                0xa00002bc                name_original
                0xa00002c0                ir_rx_sequence
 *fill*         0xa00002c2        0x2 
 .scommon       0xa00002c4        0x8 build/default/debug/_ext/1688732426/system_init.o
                0xa00002c4                sysObj
 .scommon       0xa00002cc        0x0 build/default/debug/_ext/1688732426/system_interrupt.o
 .scommon       0xa00002cc        0x0 build/default/debug/_ext/1688732426/system_exceptions.o
 .scommon       0xa00002cc        0x0 build/default/debug/_ext/1688732426/system_tasks.o
 .scommon       0xa00002cc        0x4 build/default/debug/_ext/1360937237/app1.o
                0xa00002cc                iteration_50ms
 .scommon       0xa00002d0        0x0 build/default/debug/_ext/1360937237/sensor.o
 .scommon       0xa00002d0        0x8 build/default/debug/_ext/1071266765/sys_devcon.o
                0xa00002d0                sysDevconObj
 .scommon       0xa00002d8        0x8 build/default/debug/_ext/793396116/tasks.o
                0xa00002d8                pxDelayedTaskList
                0xa00002dc                pxOverflowDelayedTaskList
 .scommon       0xa00002e0        0x0 build/default/debug/_ext/1360937237/debug.o
 .scommon       0xa00002e0        0x0 build/default/debug/_ext/1360937237/callback.o
                0xa00002e0                _sbss_end = .
                0xa00002e0                . = ALIGN (0x4)

.bss            0xa00002e0      0x4ac
 *(.dynbss)
 *(COMMON)
 COMMON         0xa00002e0        0xc build/default/debug/_ext/639803181/sys_clk_static.o
                0xa00002e0                sensorData
 COMMON         0xa00002ec       0xb8 build/default/debug/_ext/606306120/drv_usart.o
                0xa00002ec                gDrvUSARTCommonDataObj
                0xa00002f8                gDrvUSARTClientObj
                0xa0000344                gDrvUSARTObj
 COMMON         0xa00003a4      0x320 build/default/debug/_ext/606306120/drv_usart_buffer_queue.o
                0xa00003a4                gDrvUSARTBufferObj
 COMMON         0xa00006c4       0xc8 build/default/debug/_ext/793396116/tasks.o
                0xa00006c4                pxReadyTasksLists
                0xa0000728                xPendingReadyList
                0xa000073c                xTasksWaitingTermination
                0xa0000750                xSuspendedTaskList
                0xa0000764                xDelayedTaskList2
                0xa0000778                xDelayedTaskList1
                0xa000078c                . = ALIGN ((. != 0x0)?0x4:0x1)
                0xa000078c                . = ALIGN (0x4)
                0xa000078c                _end = .
                0xa000078c                _bss_end = .
                0x00020000                _bmxdudba_address = 0x20000
                0x00020000                _bmxdupba_address = 0x20000

/DISCARD/
 *(.pdr)
 *(.rel.dyn)
 *(.note.GNU-stack)
 *(.note.GNU-stack)
 *(.gnu_debuglink)
 *(.gnu.lto_*)
 *(.discard)

.gptab.sdata
 *(.gptab.data)
 *(.gptab.sdata)

.gptab.sbss
 *(.gptab.bss)
 *(.gptab.sbss)

.mdebug.abi32   0xa000078c        0x0
 *(.mdebug.abi32)
 .mdebug.abi32  0xa000078c        0x0 c:/program files (x86)/microchip/xc32/v1.42/bin/bin/../../lib/gcc/pic32mx/4.8.3/../../../../pic32mx/lib\software-debug-break.o
 .mdebug.abi32  0xa000078c        0x0 build/default/debug/_ext/1361460060/drv_adc_static.o
 .mdebug.abi32  0xa000078c        0x0 build/default/debug/_ext/639803181/sys_clk_static.o
 .mdebug.abi32  0xa000078c        0x0 build/default/debug/_ext/822048611/sys_ports_static.o
 .mdebug.abi32  0xa000078c        0x0 build/default/debug/_ext/1688732426/system_init.o
 .mdebug.abi32  0xa000078c        0x0 build/default/debug/_ext/1688732426/system_interrupt.o
 .mdebug.abi32  0xa000078c        0x0 build/default/debug/_ext/1688732426/system_exceptions.o
 .mdebug.abi32  0xa000078c        0x0 build/default/debug/_ext/1688732426/system_tasks.o
 .mdebug.abi32  0xa000078c        0x0 build/default/debug/_ext/1688732426/rtos_hooks.o
 .mdebug.abi32  0xa000078c        0x0 build/default/debug/_ext/1360937237/app1.o
 .mdebug.abi32  0xa000078c        0x0 build/default/debug/_ext/1360937237/main.o
 .mdebug.abi32  0xa000078c        0x0 build/default/debug/_ext/1360937237/sensor.o
 .mdebug.abi32  0xa000078c        0x0 build/default/debug/_ext/606306120/drv_usart.o
 .mdebug.abi32  0xa000078c        0x0 build/default/debug/_ext/606306120/drv_usart_buffer_queue.o
 .mdebug.abi32  0xa000078c        0x0 build/default/debug/_ext/139468103/osal_freertos.o
 .mdebug.abi32  0xa000078c        0x0 build/default/debug/_ext/1071266765/sys_devcon.o
 .mdebug.abi32  0xa000078c        0x0 build/default/debug/_ext/1071266765/sys_devcon_pic32mx.o
 .mdebug.abi32  0xa000078c        0x0 build/default/debug/_ext/522947079/sys_int_pic32.o
 .mdebug.abi32  0xa000078c        0x0 build/default/debug/_ext/598611465/heap_1.o
 .mdebug.abi32  0xa000078c        0x0 build/default/debug/_ext/1026174026/port.o
 .mdebug.abi32  0xa000078c        0x0 build/default/debug/_ext/793396116/croutine.o
 .mdebug.abi32  0xa000078c        0x0 build/default/debug/_ext/793396116/list.o
 .mdebug.abi32  0xa000078c        0x0 build/default/debug/_ext/793396116/queue.o
 .mdebug.abi32  0xa000078c        0x0 build/default/debug/_ext/793396116/tasks.o
 .mdebug.abi32  0xa000078c        0x0 build/default/debug/_ext/793396116/timers.o
 .mdebug.abi32  0xa000078c        0x0 build/default/debug/_ext/793396116/event_groups.o
 .mdebug.abi32  0xa000078c        0x0 build/default/debug/_ext/1360937237/debug.o
 .mdebug.abi32  0xa000078c        0x0 build/default/debug/_ext/1360937237/callback.o
 .mdebug.abi32  0xa000078c        0x0 c:/program files (x86)/microchip/xc32/v1.42/bin/bin/../../lib/gcc/pic32mx/4.8.3/../../../../pic32mx/lib\libpic32.a(default-bootstrap-exception-handler.o)
 .mdebug.abi32  0xa000078c        0x0 c:/program files (x86)/microchip/xc32/v1.42/bin/bin/../../lib/gcc/pic32mx/4.8.3/../../../../pic32mx/lib\libpic32.a(default-on-reset.o)
 .mdebug.abi32  0xa000078c        0x0 c:/program files (x86)/microchip/xc32/v1.42/bin/bin/../../lib/gcc/pic32mx/4.8.3/../../../../pic32mx/lib\libpic32.a(default-on-bootstrap.o)
 .mdebug.abi32  0xa000078c        0x0 c:/program files (x86)/microchip/xc32/v1.42/bin/bin/../../lib/gcc/pic32mx/4.8.3/../../../../pic32mx/lib\libpic32.a(defaultinterrupt.o)

.mdebug.abiN32
 *(.mdebug.abiN32)

.mdebug.abi64
 *(.mdebug.abi64)

.mdebug.abiO64
 *(.mdebug.abiO64)

.mdebug.eabi32
 *(.mdebug.eabi32)

.mdebug.eabi64
 *(.mdebug.eabi64)

.gcc_compiled_long32
 *(.gcc_compiled_long32)

.gcc_compiled_long64
 *(.gcc_compiled_long64)

.stab
 *(.stab)

.stabstr
 *(.stabstr)

.stab.excl
 *(.stab.excl)

.stab.exclstr
 *(.stab.exclstr)

.stab.index
 *(.stab.index)

.stab.indexstr
 *(.stab.indexstr)

.comment        0x00000000       0x54
 *(.comment)
 .comment       0x00000000       0x3c c:/program files (x86)/microchip/xc32/v1.42/bin/bin/../../lib/gcc/pic32mx/4.8.3/../../../../pic32mx/lib\software-debug-break.o
                                 0x3d (size before relaxing)
 .comment       0x00000000       0x3d build/default/debug/_ext/1361460060/drv_adc_static.o
 .comment       0x00000000       0x3d build/default/debug/_ext/639803181/sys_clk_static.o
 .comment       0x00000000       0x3d build/default/debug/_ext/822048611/sys_ports_static.o
 .comment       0x00000000       0x3d build/default/debug/_ext/1688732426/system_init.o
 .comment       0x00000000       0x3d build/default/debug/_ext/1688732426/system_interrupt.o
 .comment       0x00000000       0x3d build/default/debug/_ext/1688732426/system_exceptions.o
 .comment       0x00000000       0x3d build/default/debug/_ext/1688732426/system_tasks.o
 .comment       0x00000000       0x3d build/default/debug/_ext/1688732426/rtos_hooks.o
 .comment       0x00000000       0x3d build/default/debug/_ext/1360937237/app1.o
 .comment       0x00000000       0x3d build/default/debug/_ext/1360937237/main.o
 .comment       0x00000000       0x3d build/default/debug/_ext/1360937237/sensor.o
 .comment       0x00000000       0x3d build/default/debug/_ext/606306120/drv_usart.o
 .comment       0x00000000       0x3d build/default/debug/_ext/606306120/drv_usart_buffer_queue.o
 .comment       0x00000000       0x3d build/default/debug/_ext/139468103/osal_freertos.o
 .comment       0x00000000       0x3d build/default/debug/_ext/1071266765/sys_devcon.o
 .comment       0x00000000       0x3d build/default/debug/_ext/1071266765/sys_devcon_pic32mx.o
 .comment       0x00000000       0x3d build/default/debug/_ext/522947079/sys_int_pic32.o
 .comment       0x00000000       0x3d build/default/debug/_ext/598611465/heap_1.o
 .comment       0x00000000       0x3d build/default/debug/_ext/1026174026/port.o
 .comment       0x00000000       0x3d build/default/debug/_ext/793396116/croutine.o
 .comment       0x00000000       0x3d build/default/debug/_ext/793396116/list.o
 .comment       0x00000000       0x3d build/default/debug/_ext/793396116/queue.o
 .comment       0x00000000       0x3d build/default/debug/_ext/793396116/tasks.o
 .comment       0x00000000       0x3d build/default/debug/_ext/793396116/timers.o
 .comment       0x00000000       0x3d build/default/debug/_ext/793396116/event_groups.o
 .comment       0x00000000       0x3d build/default/debug/_ext/1360937237/debug.o
 .comment       0x00000000       0x3d build/default/debug/_ext/1360937237/callback.o
 .comment       0x0000003c       0x18 c:/program files (x86)/microchip/xc32/v1.42/bin/bin/../../lib/gcc/pic32mx/4.8.3/../../../../pic32mx/lib\libpic32.a(memset.o)
                                 0x19 (size before relaxing)
 .comment       0x00000000       0x3d c:/program files (x86)/microchip/xc32/v1.42/bin/bin/../../lib/gcc/pic32mx/4.8.3/../../../../pic32mx/lib\libpic32.a(default-bootstrap-exception-handler.o)
 .comment       0x00000000       0x3d c:/program files (x86)/microchip/xc32/v1.42/bin/bin/../../lib/gcc/pic32mx/4.8.3/../../../../pic32mx/lib\libpic32.a(default-on-reset.o)
 .comment       0x00000000       0x3d c:/program files (x86)/microchip/xc32/v1.42/bin/bin/../../lib/gcc/pic32mx/4.8.3/../../../../pic32mx/lib\libpic32.a(default-on-bootstrap.o)
 .comment       0x00000000       0x3d c:/program files (x86)/microchip/xc32/v1.42/bin/bin/../../lib/gcc/pic32mx/4.8.3/../../../../pic32mx/lib\libpic32.a(defaultinterrupt.o)

.debug
 *(.debug)

.line
 *(.line)

.debug_srcinfo
 *(.debug_srcinfo)

.debug_sfnames
 *(.debug_sfnames)

.debug_aranges  0x00000000      0xb40
 *(.debug_aranges)
 .debug_aranges
                0x00000000       0x20 c:/program files (x86)/microchip/xc32/v1.42/bin/bin/../../lib/gcc/pic32mx/4.8.3/../../../../pic32mx/lib\software-debug-break.o
 .debug_aranges
                0x00000020       0x78 build/default/debug/_ext/1361460060/drv_adc_static.o
 .debug_aranges
                0x00000098       0x50 build/default/debug/_ext/639803181/sys_clk_static.o
 .debug_aranges
                0x000000e8      0x108 build/default/debug/_ext/822048611/sys_ports_static.o
 .debug_aranges
                0x000001f0       0x20 build/default/debug/_ext/1688732426/system_init.o
 .debug_aranges
                0x00000210       0x28 build/default/debug/_ext/1688732426/system_interrupt.o
 .debug_aranges
                0x00000238       0x20 build/default/debug/_ext/1688732426/system_exceptions.o
 .debug_aranges
                0x00000258       0x38 build/default/debug/_ext/1688732426/system_tasks.o
 .debug_aranges
                0x00000290       0x38 build/default/debug/_ext/1688732426/system_interrupt_a.o
 .debug_aranges
                0x000002c8       0x28 build/default/debug/_ext/1688732426/rtos_hooks.o
 .debug_aranges
                0x000002f0       0x50 build/default/debug/_ext/1360937237/app1.o
 .debug_aranges
                0x00000340       0x20 build/default/debug/_ext/1360937237/main.o
 .debug_aranges
                0x00000360       0x48 build/default/debug/_ext/1360937237/sensor.o
 .debug_aranges
                0x000003a8       0xd8 build/default/debug/_ext/606306120/drv_usart.o
 .debug_aranges
                0x00000480       0x40 build/default/debug/_ext/606306120/drv_usart_buffer_queue.o
 .debug_aranges
                0x000004c0       0x88 build/default/debug/_ext/139468103/osal_freertos.o
 .debug_aranges
                0x00000548       0x78 build/default/debug/_ext/1071266765/sys_devcon.o
 .debug_aranges
                0x000005c0       0x20 build/default/debug/_ext/1071266765/sys_devcon_pic32mx.o
 .debug_aranges
                0x000005e0       0x48 build/default/debug/_ext/522947079/sys_int_pic32.o
 .debug_aranges
                0x00000628       0x38 build/default/debug/_ext/598611465/heap_1.o
 .debug_aranges
                0x00000660       0x58 build/default/debug/_ext/1026174026/port.o
 .debug_aranges
                0x000006b8       0x20 build/default/debug/_ext/1026174026/port_asm.o
 .debug_aranges
                0x000006d8       0x18 build/default/debug/_ext/793396116/croutine.o
 .debug_aranges
                0x000006f0       0x40 build/default/debug/_ext/793396116/list.o
 .debug_aranges
                0x00000730       0xb8 build/default/debug/_ext/793396116/queue.o
 .debug_aranges
                0x000007e8      0x1a8 build/default/debug/_ext/793396116/tasks.o
 .debug_aranges
                0x00000990       0x70 build/default/debug/_ext/793396116/timers.o
 .debug_aranges
                0x00000a00       0x60 build/default/debug/_ext/793396116/event_groups.o
 .debug_aranges
                0x00000a60       0x30 build/default/debug/_ext/1360937237/debug.o
 .debug_aranges
                0x00000a90       0x30 build/default/debug/_ext/1360937237/callback.o
 .debug_aranges
                0x00000ac0       0x20 c:/program files (x86)/microchip/xc32/v1.42/bin/bin/../../lib/gcc/pic32mx/4.8.3/../../../../pic32mx/lib\libpic32.a(default-bootstrap-exception-handler.o)
 .debug_aranges
                0x00000ae0       0x20 c:/program files (x86)/microchip/xc32/v1.42/bin/bin/../../lib/gcc/pic32mx/4.8.3/../../../../pic32mx/lib\libpic32.a(default-on-reset.o)
 .debug_aranges
                0x00000b00       0x20 c:/program files (x86)/microchip/xc32/v1.42/bin/bin/../../lib/gcc/pic32mx/4.8.3/../../../../pic32mx/lib\libpic32.a(default-on-bootstrap.o)
 .debug_aranges
                0x00000b20       0x20 c:/program files (x86)/microchip/xc32/v1.42/bin/bin/../../lib/gcc/pic32mx/4.8.3/../../../../pic32mx/lib\libpic32.a(defaultinterrupt.o)

.debug_pubnames
 *(.debug_pubnames)

.debug_info     0x00000000    0x3219e
 *(.debug_info .gnu.linkonce.wi.*)
 .debug_info    0x00000000       0xe5 c:/program files (x86)/microchip/xc32/v1.42/bin/bin/../../lib/gcc/pic32mx/4.8.3/../../../../pic32mx/lib\software-debug-break.o
 .debug_info    0x000000e5     0x424e build/default/debug/_ext/1361460060/drv_adc_static.o
 .debug_info    0x00004333     0x251e build/default/debug/_ext/639803181/sys_clk_static.o
 .debug_info    0x00006851     0x3aef build/default/debug/_ext/822048611/sys_ports_static.o
 .debug_info    0x0000a340     0x3658 build/default/debug/_ext/1688732426/system_init.o
 .debug_info    0x0000d998     0x25f3 build/default/debug/_ext/1688732426/system_interrupt.o
 .debug_info    0x0000ff8b     0x187b build/default/debug/_ext/1688732426/system_exceptions.o
 .debug_info    0x00011806     0x1bba build/default/debug/_ext/1688732426/system_tasks.o
 .debug_info    0x000133c0       0x98 build/default/debug/_ext/1688732426/system_interrupt_a.o
 .debug_info    0x00013458      0x252 build/default/debug/_ext/1688732426/rtos_hooks.o
 .debug_info    0x000136aa     0x26fa build/default/debug/_ext/1360937237/app1.o
 .debug_info    0x00015da4      0x1bc build/default/debug/_ext/1360937237/main.o
 .debug_info    0x00015f60     0x247d build/default/debug/_ext/1360937237/sensor.o
 .debug_info    0x000183dd     0x7489 build/default/debug/_ext/606306120/drv_usart.o
 .debug_info    0x0001f866     0x2d87 build/default/debug/_ext/606306120/drv_usart_buffer_queue.o
 .debug_info    0x000225ed      0xac8 build/default/debug/_ext/139468103/osal_freertos.o
 .debug_info    0x000230b5     0x117d build/default/debug/_ext/1071266765/sys_devcon.o
 .debug_info    0x00024232      0xd61 build/default/debug/_ext/1071266765/sys_devcon_pic32mx.o
 .debug_info    0x00024f93     0x15d0 build/default/debug/_ext/522947079/sys_int_pic32.o
 .debug_info    0x00026563      0x39a build/default/debug/_ext/598611465/heap_1.o
 .debug_info    0x000268fd     0x11cc build/default/debug/_ext/1026174026/port.o
 .debug_info    0x00027ac9       0xdd build/default/debug/_ext/1026174026/port_asm.o
 .debug_info    0x00027ba6      0x18f build/default/debug/_ext/793396116/croutine.o
 .debug_info    0x00027d35      0x484 build/default/debug/_ext/793396116/list.o
 .debug_info    0x000281b9     0x1872 build/default/debug/_ext/793396116/queue.o
 .debug_info    0x00029a2b     0x2a6b build/default/debug/_ext/793396116/tasks.o
 .debug_info    0x0002c496     0x1529 build/default/debug/_ext/793396116/timers.o
 .debug_info    0x0002d9bf      0xd73 build/default/debug/_ext/793396116/event_groups.o
 .debug_info    0x0002e732     0x1cd0 build/default/debug/_ext/1360937237/debug.o
 .debug_info    0x00030402     0x1a18 build/default/debug/_ext/1360937237/callback.o
 .debug_info    0x00031e1a       0xf5 c:/program files (x86)/microchip/xc32/v1.42/bin/bin/../../lib/gcc/pic32mx/4.8.3/../../../../pic32mx/lib\libpic32.a(default-bootstrap-exception-handler.o)
 .debug_info    0x00031f0f       0xcf c:/program files (x86)/microchip/xc32/v1.42/bin/bin/../../lib/gcc/pic32mx/4.8.3/../../../../pic32mx/lib\libpic32.a(default-on-reset.o)
 .debug_info    0x00031fde       0xd7 c:/program files (x86)/microchip/xc32/v1.42/bin/bin/../../lib/gcc/pic32mx/4.8.3/../../../../pic32mx/lib\libpic32.a(default-on-bootstrap.o)
 .debug_info    0x000320b5       0xe9 c:/program files (x86)/microchip/xc32/v1.42/bin/bin/../../lib/gcc/pic32mx/4.8.3/../../../../pic32mx/lib\libpic32.a(defaultinterrupt.o)

.debug_abbrev   0x00000000     0x3a74
 *(.debug_abbrev)
 .debug_abbrev  0x00000000       0x28 c:/program files (x86)/microchip/xc32/v1.42/bin/bin/../../lib/gcc/pic32mx/4.8.3/../../../../pic32mx/lib\software-debug-break.o
 .debug_abbrev  0x00000028      0x1db build/default/debug/_ext/1361460060/drv_adc_static.o
 .debug_abbrev  0x00000203      0x2ad build/default/debug/_ext/639803181/sys_clk_static.o
 .debug_abbrev  0x000004b0      0x222 build/default/debug/_ext/822048611/sys_ports_static.o
 .debug_abbrev  0x000006d2      0x2cc build/default/debug/_ext/1688732426/system_init.o
 .debug_abbrev  0x0000099e      0x223 build/default/debug/_ext/1688732426/system_interrupt.o
 .debug_abbrev  0x00000bc1       0xf5 build/default/debug/_ext/1688732426/system_exceptions.o
 .debug_abbrev  0x00000cb6      0x17d build/default/debug/_ext/1688732426/system_tasks.o
 .debug_abbrev  0x00000e33       0x12 build/default/debug/_ext/1688732426/system_interrupt_a.o
 .debug_abbrev  0x00000e45       0x97 build/default/debug/_ext/1688732426/rtos_hooks.o
 .debug_abbrev  0x00000edc      0x2cf build/default/debug/_ext/1360937237/app1.o
 .debug_abbrev  0x000011ab       0x93 build/default/debug/_ext/1360937237/main.o
 .debug_abbrev  0x0000123e      0x2eb build/default/debug/_ext/1360937237/sensor.o
 .debug_abbrev  0x00001529      0x471 build/default/debug/_ext/606306120/drv_usart.o
 .debug_abbrev  0x0000199a      0x3b9 build/default/debug/_ext/606306120/drv_usart_buffer_queue.o
 .debug_abbrev  0x00001d53      0x1fe build/default/debug/_ext/139468103/osal_freertos.o
 .debug_abbrev  0x00001f51      0x2a1 build/default/debug/_ext/1071266765/sys_devcon.o
 .debug_abbrev  0x000021f2      0x16d build/default/debug/_ext/1071266765/sys_devcon_pic32mx.o
 .debug_abbrev  0x0000235f      0x1ea build/default/debug/_ext/522947079/sys_int_pic32.o
 .debug_abbrev  0x00002549      0x13f build/default/debug/_ext/598611465/heap_1.o
 .debug_abbrev  0x00002688      0x2cf build/default/debug/_ext/1026174026/port.o
 .debug_abbrev  0x00002957       0x14 build/default/debug/_ext/1026174026/port_asm.o
 .debug_abbrev  0x0000296b       0x1b build/default/debug/_ext/793396116/croutine.o
 .debug_abbrev  0x00002986       0xf1 build/default/debug/_ext/793396116/list.o
 .debug_abbrev  0x00002a77      0x2e0 build/default/debug/_ext/793396116/queue.o
 .debug_abbrev  0x00002d57      0x2e1 build/default/debug/_ext/793396116/tasks.o
 .debug_abbrev  0x00003038      0x35d build/default/debug/_ext/793396116/timers.o
 .debug_abbrev  0x00003395      0x29a build/default/debug/_ext/793396116/event_groups.o
 .debug_abbrev  0x0000362f      0x1bc build/default/debug/_ext/1360937237/debug.o
 .debug_abbrev  0x000037eb      0x1e9 build/default/debug/_ext/1360937237/callback.o
 .debug_abbrev  0x000039d4       0x28 c:/program files (x86)/microchip/xc32/v1.42/bin/bin/../../lib/gcc/pic32mx/4.8.3/../../../../pic32mx/lib\libpic32.a(default-bootstrap-exception-handler.o)
 .debug_abbrev  0x000039fc       0x28 c:/program files (x86)/microchip/xc32/v1.42/bin/bin/../../lib/gcc/pic32mx/4.8.3/../../../../pic32mx/lib\libpic32.a(default-on-reset.o)
 .debug_abbrev  0x00003a24       0x28 c:/program files (x86)/microchip/xc32/v1.42/bin/bin/../../lib/gcc/pic32mx/4.8.3/../../../../pic32mx/lib\libpic32.a(default-on-bootstrap.o)
 .debug_abbrev  0x00003a4c       0x28 c:/program files (x86)/microchip/xc32/v1.42/bin/bin/../../lib/gcc/pic32mx/4.8.3/../../../../pic32mx/lib\libpic32.a(defaultinterrupt.o)

.debug_line     0x00000000     0x8b07
 *(.debug_line)
 .debug_line    0x00000000       0x9c c:/program files (x86)/microchip/xc32/v1.42/bin/bin/../../lib/gcc/pic32mx/4.8.3/../../../../pic32mx/lib\software-debug-break.o
 .debug_line    0x0000009c      0x7e3 build/default/debug/_ext/1361460060/drv_adc_static.o
 .debug_line    0x0000087f      0x5bb build/default/debug/_ext/639803181/sys_clk_static.o
 .debug_line    0x00000e3a      0x78f build/default/debug/_ext/822048611/sys_ports_static.o
 .debug_line    0x000015c9      0x6cb build/default/debug/_ext/1688732426/system_init.o
 .debug_line    0x00001c94      0x4c4 build/default/debug/_ext/1688732426/system_interrupt.o
 .debug_line    0x00002158      0x2e0 build/default/debug/_ext/1688732426/system_exceptions.o
 .debug_line    0x00002438      0x435 build/default/debug/_ext/1688732426/system_tasks.o
 .debug_line    0x0000286d       0xa5 build/default/debug/_ext/1688732426/system_interrupt_a.o
 .debug_line    0x00002912      0x142 build/default/debug/_ext/1688732426/rtos_hooks.o
 .debug_line    0x00002a54      0x61f build/default/debug/_ext/1360937237/app1.o
 .debug_line    0x00003073       0xb7 build/default/debug/_ext/1360937237/main.o
 .debug_line    0x0000312a      0x5f3 build/default/debug/_ext/1360937237/sensor.o
 .debug_line    0x0000371d     0x1510 build/default/debug/_ext/606306120/drv_usart.o
 .debug_line    0x00004c2d      0x875 build/default/debug/_ext/606306120/drv_usart_buffer_queue.o
 .debug_line    0x000054a2      0x2c4 build/default/debug/_ext/139468103/osal_freertos.o
 .debug_line    0x00005766      0x5e7 build/default/debug/_ext/1071266765/sys_devcon.o
 .debug_line    0x00005d4d      0x48f build/default/debug/_ext/1071266765/sys_devcon_pic32mx.o
 .debug_line    0x000061dc      0x39e build/default/debug/_ext/522947079/sys_int_pic32.o
 .debug_line    0x0000657a      0x220 build/default/debug/_ext/598611465/heap_1.o
 .debug_line    0x0000679a      0x240 build/default/debug/_ext/1026174026/port.o
 .debug_line    0x000069da      0x126 build/default/debug/_ext/1026174026/port_asm.o
 .debug_line    0x00006b00       0x1d build/default/debug/_ext/793396116/croutine.o
 .debug_line    0x00006b1d      0x1e5 build/default/debug/_ext/793396116/list.o
 .debug_line    0x00006d02      0x4a9 build/default/debug/_ext/793396116/queue.o
 .debug_line    0x000071ab      0x86e build/default/debug/_ext/793396116/tasks.o
 .debug_line    0x00007a19      0x39e build/default/debug/_ext/793396116/timers.o
 .debug_line    0x00007db7      0x32a build/default/debug/_ext/793396116/event_groups.o
 .debug_line    0x000080e1      0x428 build/default/debug/_ext/1360937237/debug.o
 .debug_line    0x00008509      0x37d build/default/debug/_ext/1360937237/callback.o
 .debug_line    0x00008886       0xa9 c:/program files (x86)/microchip/xc32/v1.42/bin/bin/../../lib/gcc/pic32mx/4.8.3/../../../../pic32mx/lib\libpic32.a(default-bootstrap-exception-handler.o)
 .debug_line    0x0000892f       0x96 c:/program files (x86)/microchip/xc32/v1.42/bin/bin/../../lib/gcc/pic32mx/4.8.3/../../../../pic32mx/lib\libpic32.a(default-on-reset.o)
 .debug_line    0x000089c5       0x9a c:/program files (x86)/microchip/xc32/v1.42/bin/bin/../../lib/gcc/pic32mx/4.8.3/../../../../pic32mx/lib\libpic32.a(default-on-bootstrap.o)
 .debug_line    0x00008a5f       0xa8 c:/program files (x86)/microchip/xc32/v1.42/bin/bin/../../lib/gcc/pic32mx/4.8.3/../../../../pic32mx/lib\libpic32.a(defaultinterrupt.o)

.debug_frame    0x00000000     0x17e8
 *(.debug_frame)
 .debug_frame   0x00000000       0x20 c:/program files (x86)/microchip/xc32/v1.42/bin/bin/../../lib/gcc/pic32mx/4.8.3/../../../../pic32mx/lib\software-debug-break.o
 .debug_frame   0x00000020       0xd0 build/default/debug/_ext/1361460060/drv_adc_static.o
 .debug_frame   0x000000f0       0xa0 build/default/debug/_ext/639803181/sys_clk_static.o
 .debug_frame   0x00000190      0x1f0 build/default/debug/_ext/822048611/sys_ports_static.o
 .debug_frame   0x00000380       0x28 build/default/debug/_ext/1688732426/system_init.o
 .debug_frame   0x000003a8       0x40 build/default/debug/_ext/1688732426/system_interrupt.o
 .debug_frame   0x000003e8       0x28 build/default/debug/_ext/1688732426/system_exceptions.o
 .debug_frame   0x00000410       0x70 build/default/debug/_ext/1688732426/system_tasks.o
 .debug_frame   0x00000480       0x40 build/default/debug/_ext/1688732426/rtos_hooks.o
 .debug_frame   0x000004c0       0xa0 build/default/debug/_ext/1360937237/app1.o
 .debug_frame   0x00000560       0x28 build/default/debug/_ext/1360937237/main.o
 .debug_frame   0x00000588       0x84 build/default/debug/_ext/1360937237/sensor.o
 .debug_frame   0x0000060c      0x26c build/default/debug/_ext/606306120/drv_usart.o
 .debug_frame   0x00000878       0x90 build/default/debug/_ext/606306120/drv_usart_buffer_queue.o
 .debug_frame   0x00000908      0x150 build/default/debug/_ext/139468103/osal_freertos.o
 .debug_frame   0x00000a58       0xe8 build/default/debug/_ext/1071266765/sys_devcon.o
 .debug_frame   0x00000b40       0x28 build/default/debug/_ext/1071266765/sys_devcon_pic32mx.o
 .debug_frame   0x00000b68       0x90 build/default/debug/_ext/522947079/sys_int_pic32.o
 .debug_frame   0x00000bf8       0x5c build/default/debug/_ext/598611465/heap_1.o
 .debug_frame   0x00000c54       0xc0 build/default/debug/_ext/1026174026/port.o
 .debug_frame   0x00000d14       0x60 build/default/debug/_ext/793396116/list.o
 .debug_frame   0x00000d74      0x230 build/default/debug/_ext/793396116/queue.o
 .debug_frame   0x00000fa4      0x4f4 build/default/debug/_ext/793396116/tasks.o
 .debug_frame   0x00001498      0x134 build/default/debug/_ext/793396116/timers.o
 .debug_frame   0x000015cc      0x108 build/default/debug/_ext/793396116/event_groups.o
 .debug_frame   0x000016d4       0x40 build/default/debug/_ext/1360937237/debug.o
 .debug_frame   0x00001714       0x48 build/default/debug/_ext/1360937237/callback.o
 .debug_frame   0x0000175c       0x2c c:/program files (x86)/microchip/xc32/v1.42/bin/bin/../../lib/gcc/pic32mx/4.8.3/../../../../pic32mx/lib\libpic32.a(default-bootstrap-exception-handler.o)
 .debug_frame   0x00001788       0x20 c:/program files (x86)/microchip/xc32/v1.42/bin/bin/../../lib/gcc/pic32mx/4.8.3/../../../../pic32mx/lib\libpic32.a(default-on-reset.o)
 .debug_frame   0x000017a8       0x20 c:/program files (x86)/microchip/xc32/v1.42/bin/bin/../../lib/gcc/pic32mx/4.8.3/../../../../pic32mx/lib\libpic32.a(default-on-bootstrap.o)
 .debug_frame   0x000017c8       0x20 c:/program files (x86)/microchip/xc32/v1.42/bin/bin/../../lib/gcc/pic32mx/4.8.3/../../../../pic32mx/lib\libpic32.a(defaultinterrupt.o)

.debug_str      0x00000000      0x8f3
 *(.debug_str)
 .debug_str     0x00000000        0x0 c:/program files (x86)/microchip/xc32/v1.42/bin/bin/../../lib/gcc/pic32mx/4.8.3/../../../../pic32mx/lib\software-debug-break.o
 .debug_str     0x00000000       0x8e build/default/debug/_ext/1361460060/drv_adc_static.o
 .debug_str     0x0000008e       0x39 build/default/debug/_ext/639803181/sys_clk_static.o
 .debug_str     0x000000c7       0x55 build/default/debug/_ext/822048611/sys_ports_static.o
 .debug_str     0x0000011c       0x36 build/default/debug/_ext/1688732426/system_init.o
 .debug_str     0x00000152       0x20 build/default/debug/_ext/1688732426/system_interrupt.o
 .debug_str     0x00000172        0x0 build/default/debug/_ext/1688732426/system_exceptions.o
 .debug_str     0x00000172        0x0 build/default/debug/_ext/1688732426/system_tasks.o
 .debug_str     0x00000172        0x9 build/default/debug/_ext/1688732426/rtos_hooks.o
 .debug_str     0x0000017b       0x15 build/default/debug/_ext/1360937237/app1.o
 .debug_str     0x00000190        0x0 build/default/debug/_ext/1360937237/main.o
 .debug_str     0x00000190       0x12 build/default/debug/_ext/1360937237/sensor.o
 .debug_str     0x000001a2      0x195 build/default/debug/_ext/606306120/drv_usart.o
 .debug_str     0x00000337       0x74 build/default/debug/_ext/606306120/drv_usart_buffer_queue.o
 .debug_str     0x000003ab       0x40 build/default/debug/_ext/139468103/osal_freertos.o
 .debug_str     0x000003eb       0x16 build/default/debug/_ext/1071266765/sys_devcon.o
 .debug_str     0x00000401        0x6 build/default/debug/_ext/1071266765/sys_devcon_pic32mx.o
 .debug_str     0x00000407       0x2d build/default/debug/_ext/522947079/sys_int_pic32.o
 .debug_str     0x00000434       0x1d build/default/debug/_ext/598611465/heap_1.o
 .debug_str     0x00000451       0x37 build/default/debug/_ext/1026174026/port.o
 .debug_str     0x00000488        0x0 build/default/debug/_ext/793396116/croutine.o
 .debug_str     0x00000488       0x2b build/default/debug/_ext/793396116/list.o
 .debug_str     0x000004b3       0xf1 build/default/debug/_ext/793396116/queue.o
 .debug_str     0x000005a4      0x191 build/default/debug/_ext/793396116/tasks.o
 .debug_str     0x00000735       0xbf build/default/debug/_ext/793396116/timers.o
 .debug_str     0x000007f4       0xe6 build/default/debug/_ext/793396116/event_groups.o
 .debug_str     0x000008da       0x19 build/default/debug/_ext/1360937237/debug.o
 .debug_str     0x000008f3        0x0 build/default/debug/_ext/1360937237/callback.o
 .debug_str     0x000008f3        0x0 c:/program files (x86)/microchip/xc32/v1.42/bin/bin/../../lib/gcc/pic32mx/4.8.3/../../../../pic32mx/lib\libpic32.a(default-bootstrap-exception-handler.o)
 .debug_str     0x000008f3        0x0 c:/program files (x86)/microchip/xc32/v1.42/bin/bin/../../lib/gcc/pic32mx/4.8.3/../../../../pic32mx/lib\libpic32.a(default-on-reset.o)
 .debug_str     0x000008f3        0x0 c:/program files (x86)/microchip/xc32/v1.42/bin/bin/../../lib/gcc/pic32mx/4.8.3/../../../../pic32mx/lib\libpic32.a(default-on-bootstrap.o)
 .debug_str     0x000008f3        0x0 c:/program files (x86)/microchip/xc32/v1.42/bin/bin/../../lib/gcc/pic32mx/4.8.3/../../../../pic32mx/lib\libpic32.a(defaultinterrupt.o)

.debug_loc      0x00000000     0xc21a
 *(.debug_loc)
 .debug_loc     0x00000000      0x111 build/default/debug/_ext/1361460060/drv_adc_static.o
 .debug_loc     0x00000111       0xc1 build/default/debug/_ext/639803181/sys_clk_static.o
 .debug_loc     0x000001d2      0xecf build/default/debug/_ext/822048611/sys_ports_static.o
 .debug_loc     0x000010a1       0x41 build/default/debug/_ext/1688732426/system_init.o
 .debug_loc     0x000010e2       0x68 build/default/debug/_ext/1688732426/system_interrupt.o
 .debug_loc     0x0000114a       0x20 build/default/debug/_ext/1688732426/system_exceptions.o
 .debug_loc     0x0000116a       0x80 build/default/debug/_ext/1688732426/system_tasks.o
 .debug_loc     0x000011ea       0x74 build/default/debug/_ext/1688732426/rtos_hooks.o
 .debug_loc     0x0000125e      0x12d build/default/debug/_ext/1360937237/app1.o
 .debug_loc     0x0000138b       0x20 build/default/debug/_ext/1360937237/main.o
 .debug_loc     0x000013ab      0x1ef build/default/debug/_ext/1360937237/sensor.o
 .debug_loc     0x0000159a     0x57b2 build/default/debug/_ext/606306120/drv_usart.o
 .debug_loc     0x00006d4c      0xc93 build/default/debug/_ext/606306120/drv_usart_buffer_queue.o
 .debug_loc     0x000079df      0x58c build/default/debug/_ext/139468103/osal_freertos.o
 .debug_loc     0x00007f6b      0x150 build/default/debug/_ext/1071266765/sys_devcon.o
 .debug_loc     0x000080bb      0x10c build/default/debug/_ext/1071266765/sys_devcon_pic32mx.o
 .debug_loc     0x000081c7      0x10d build/default/debug/_ext/522947079/sys_int_pic32.o
 .debug_loc     0x000082d4       0x69 build/default/debug/_ext/598611465/heap_1.o
 .debug_loc     0x0000833d      0x1aa build/default/debug/_ext/1026174026/port.o
 .debug_loc     0x000084e7       0x31 build/default/debug/_ext/793396116/list.o
 .debug_loc     0x00008518      0xf6c build/default/debug/_ext/793396116/queue.o
 .debug_loc     0x00009484     0x1a39 build/default/debug/_ext/793396116/tasks.o
 .debug_loc     0x0000aebd      0x912 build/default/debug/_ext/793396116/timers.o
 .debug_loc     0x0000b7cf      0xa0a build/default/debug/_ext/793396116/event_groups.o
 .debug_loc     0x0000c1d9       0x41 build/default/debug/_ext/1360937237/callback.o

.debug_macinfo
 *(.debug_macinfo)

.debug_weaknames
 *(.debug_weaknames)

.debug_funcnames
 *(.debug_funcnames)

.debug_typenames
 *(.debug_typenames)

.debug_varnames
 *(.debug_varnames)

.debug_pubtypes
 *(.debug_pubtypes)

.debug_ranges   0x00000000     0x1998
 *(.debug_ranges)
 .debug_ranges  0x00000000       0x10 c:/program files (x86)/microchip/xc32/v1.42/bin/bin/../../lib/gcc/pic32mx/4.8.3/../../../../pic32mx/lib\software-debug-break.o
 .debug_ranges  0x00000010       0x68 build/default/debug/_ext/1361460060/drv_adc_static.o
 .debug_ranges  0x00000078       0x40 build/default/debug/_ext/639803181/sys_clk_static.o
 .debug_ranges  0x000000b8       0xf8 build/default/debug/_ext/822048611/sys_ports_static.o
 .debug_ranges  0x000001b0       0x10 build/default/debug/_ext/1688732426/system_init.o
 .debug_ranges  0x000001c0       0x18 build/default/debug/_ext/1688732426/system_interrupt.o
 .debug_ranges  0x000001d8       0x10 build/default/debug/_ext/1688732426/system_exceptions.o
 .debug_ranges  0x000001e8       0x28 build/default/debug/_ext/1688732426/system_tasks.o
 .debug_ranges  0x00000210       0x30 build/default/debug/_ext/1688732426/system_interrupt_a.o
 .debug_ranges  0x00000240       0x18 build/default/debug/_ext/1688732426/rtos_hooks.o
 .debug_ranges  0x00000258       0x40 build/default/debug/_ext/1360937237/app1.o
 .debug_ranges  0x00000298       0x10 build/default/debug/_ext/1360937237/main.o
 .debug_ranges  0x000002a8       0x50 build/default/debug/_ext/1360937237/sensor.o
 .debug_ranges  0x000002f8      0xee0 build/default/debug/_ext/606306120/drv_usart.o
 .debug_ranges  0x000011d8      0x168 build/default/debug/_ext/606306120/drv_usart_buffer_queue.o
 .debug_ranges  0x00001340       0x78 build/default/debug/_ext/139468103/osal_freertos.o
 .debug_ranges  0x000013b8       0x68 build/default/debug/_ext/1071266765/sys_devcon.o
 .debug_ranges  0x00001420       0x10 build/default/debug/_ext/1071266765/sys_devcon_pic32mx.o
 .debug_ranges  0x00001430       0x50 build/default/debug/_ext/522947079/sys_int_pic32.o
 .debug_ranges  0x00001480       0x28 build/default/debug/_ext/598611465/heap_1.o
 .debug_ranges  0x000014a8       0x48 build/default/debug/_ext/1026174026/port.o
 .debug_ranges  0x000014f0       0x30 build/default/debug/_ext/793396116/list.o
 .debug_ranges  0x00001520       0xa8 build/default/debug/_ext/793396116/queue.o
 .debug_ranges  0x000015c8      0x1b0 build/default/debug/_ext/793396116/tasks.o
 .debug_ranges  0x00001778      0x108 build/default/debug/_ext/793396116/timers.o
 .debug_ranges  0x00001880       0x98 build/default/debug/_ext/793396116/event_groups.o
 .debug_ranges  0x00001918       0x20 build/default/debug/_ext/1360937237/debug.o
 .debug_ranges  0x00001938       0x20 build/default/debug/_ext/1360937237/callback.o
 .debug_ranges  0x00001958       0x10 c:/program files (x86)/microchip/xc32/v1.42/bin/bin/../../lib/gcc/pic32mx/4.8.3/../../../../pic32mx/lib\libpic32.a(default-bootstrap-exception-handler.o)
 .debug_ranges  0x00001968       0x10 c:/program files (x86)/microchip/xc32/v1.42/bin/bin/../../lib/gcc/pic32mx/4.8.3/../../../../pic32mx/lib\libpic32.a(default-on-reset.o)
 .debug_ranges  0x00001978       0x10 c:/program files (x86)/microchip/xc32/v1.42/bin/bin/../../lib/gcc/pic32mx/4.8.3/../../../../pic32mx/lib\libpic32.a(default-on-bootstrap.o)
 .debug_ranges  0x00001988       0x10 c:/program files (x86)/microchip/xc32/v1.42/bin/bin/../../lib/gcc/pic32mx/4.8.3/../../../../pic32mx/lib\libpic32.a(defaultinterrupt.o)

.gnu.attributes
                0x00000000       0x10
 *(.gnu.attributes)
 .gnu.attributes
                0x00000000       0x10 c:/program files (x86)/microchip/xc32/v1.42/bin/bin/../../lib/gcc/pic32mx/4.8.3/../../../../pic32mx/lib\software-debug-break.o
 .gnu.attributes
                0x00000010       0x10 build/default/debug/_ext/1361460060/drv_adc_static.o
 .gnu.attributes
                0x00000020       0x10 build/default/debug/_ext/639803181/sys_clk_static.o
 .gnu.attributes
                0x00000030       0x10 build/default/debug/_ext/822048611/sys_ports_static.o
 .gnu.attributes
                0x00000040       0x10 build/default/debug/_ext/1688732426/system_init.o
 .gnu.attributes
                0x00000050       0x10 build/default/debug/_ext/1688732426/system_interrupt.o
 .gnu.attributes
                0x00000060       0x10 build/default/debug/_ext/1688732426/system_exceptions.o
 .gnu.attributes
                0x00000070       0x10 build/default/debug/_ext/1688732426/system_tasks.o
 .gnu.attributes
                0x00000080       0x10 build/default/debug/_ext/1688732426/rtos_hooks.o
 .gnu.attributes
                0x00000090       0x10 build/default/debug/_ext/1360937237/app1.o
 .gnu.attributes
                0x000000a0       0x10 build/default/debug/_ext/1360937237/main.o
 .gnu.attributes
                0x000000b0       0x10 build/default/debug/_ext/1360937237/sensor.o
 .gnu.attributes
                0x000000c0       0x10 build/default/debug/_ext/606306120/drv_usart.o
 .gnu.attributes
                0x000000d0       0x10 build/default/debug/_ext/606306120/drv_usart_buffer_queue.o
 .gnu.attributes
                0x000000e0       0x10 build/default/debug/_ext/139468103/osal_freertos.o
 .gnu.attributes
                0x000000f0       0x10 build/default/debug/_ext/1071266765/sys_devcon.o
 .gnu.attributes
                0x00000100       0x10 build/default/debug/_ext/1071266765/sys_devcon_pic32mx.o
 .gnu.attributes
                0x00000110       0x10 build/default/debug/_ext/522947079/sys_int_pic32.o
 .gnu.attributes
                0x00000120       0x10 build/default/debug/_ext/598611465/heap_1.o
 .gnu.attributes
                0x00000130       0x10 build/default/debug/_ext/1026174026/port.o
 .gnu.attributes
                0x00000140       0x10 build/default/debug/_ext/793396116/croutine.o
 .gnu.attributes
                0x00000150       0x10 build/default/debug/_ext/793396116/list.o
 .gnu.attributes
                0x00000160       0x10 build/default/debug/_ext/793396116/queue.o
 .gnu.attributes
                0x00000170       0x10 build/default/debug/_ext/793396116/tasks.o
 .gnu.attributes
                0x00000180       0x10 build/default/debug/_ext/793396116/timers.o
 .gnu.attributes
                0x00000190       0x10 build/default/debug/_ext/793396116/event_groups.o
 .gnu.attributes
                0x000001a0       0x10 build/default/debug/_ext/1360937237/debug.o
 .gnu.attributes
                0x000001b0       0x10 build/default/debug/_ext/1360937237/callback.o
 .gnu.attributes
                0x000001c0       0x10 c:/program files (x86)/microchip/xc32/v1.42/bin/bin/../../lib/gcc/pic32mx/4.8.3/../../../../pic32mx/lib\libpic32.a(default-bootstrap-exception-handler.o)
 .gnu.attributes
                0x000001d0       0x10 c:/program files (x86)/microchip/xc32/v1.42/bin/bin/../../lib/gcc/pic32mx/4.8.3/../../../../pic32mx/lib\libpic32.a(default-on-reset.o)
 .gnu.attributes
                0x000001e0       0x10 c:/program files (x86)/microchip/xc32/v1.42/bin/bin/../../lib/gcc/pic32mx/4.8.3/../../../../pic32mx/lib\libpic32.a(default-on-bootstrap.o)
 .gnu.attributes
                0x000001f0       0x10 c:/program files (x86)/microchip/xc32/v1.42/bin/bin/../../lib/gcc/pic32mx/4.8.3/../../../../pic32mx/lib\libpic32.a(defaultinterrupt.o)
LOAD c:/program files (x86)/microchip/xc32/v1.42/bin/bin/../../lib/gcc/pic32mx/4.8.3\libgcc.a
START GROUP
LOAD c:/program files (x86)/microchip/xc32/v1.42/bin/bin/../../lib/gcc/pic32mx/4.8.3/../../../../pic32mx/lib\libpic32.a
LOAD c:/program files (x86)/microchip/xc32/v1.42/bin/bin/../../lib/gcc/pic32mx/4.8.3/../../../../pic32mx/lib\libdebug.a
LOAD c:/program files (x86)/microchip/xc32/v1.42/bin/bin/../../lib/gcc/pic32mx/4.8.3/../../../../pic32mx/lib\libpic32.a
LOAD c:/program files (x86)/microchip/xc32/v1.42/bin/bin/../../lib/gcc/pic32mx/4.8.3/../../../../pic32mx/lib\libm.a
LOAD c:/program files (x86)/microchip/xc32/v1.42/bin/bin/../../lib/gcc/pic32mx/4.8.3/../../../../pic32mx/lib\libe.a
LOAD c:/program files (x86)/microchip/xc32/v1.42/bin/bin/../../lib/gcc/pic32mx/4.8.3/../../../../pic32mx/lib\libdsp.a
LOAD c:/program files (x86)/microchip/xc32/v1.42/bin/bin/../../lib/gcc/pic32mx/4.8.3\libgcc.a
LOAD c:/program files (x86)/microchip/xc32/v1.42/bin/bin/../../lib/gcc/pic32mx/4.8.3/../../../../pic32mx/lib\libc.a
LOAD c:/program files (x86)/microchip/xc32/v1.42/bin/bin/../../lib/gcc/pic32mx/4.8.3/../../../../pic32mx/lib\libc.a
LOAD c:/program files (x86)/microchip/xc32/v1.42/bin/bin/../../lib/gcc/pic32mx/4.8.3/../../../../pic32mx/lib\libpic32.a
END GROUP
LOAD c:/program files (x86)/microchip/xc32/v1.42/bin/bin/../../lib/gcc/pic32mx/4.8.3\libgcc.a
OUTPUT(dist/default/debug/milestone1.X.debug.elf elf32-tradlittlemips)
LOAD stack
LOAD data_init

.reginfo        0x00000000       0x18
 .reginfo       0x00000000       0x18 c:/program files (x86)/microchip/xc32/v1.42/bin/bin/../../lib/gcc/pic32mx/4.8.3/../../../../pic32mx/lib/./proc/32MX795F512L/crt0_mips32r2.o

.stack          0xa0019e10      0x400
 .stack         0xa0019e10      0x400 stack

.bss            0xa000078c    0x19668
 .bss           0xa000078c    0x19000 build/default/debug/_ext/598611465/heap_1.o
 .bss           0xa001978c      0x640 build/default/debug/_ext/1026174026/port.o
                0xa001978c                xISRStack
 .bss           0xa0019dcc       0x28 build/default/debug/_ext/793396116/timers.o

.text._DRV_USART_HardwareSetup
                0x9d000000     0x1138
 .text._DRV_USART_HardwareSetup
                0x9d000000     0x1138 build/default/debug/_ext/606306120/drv_usart.o
                0x9d000000                _DRV_USART_HardwareSetup

.text._DRV_USART_BufferQueueTxTasks
                0x9d001138      0x52c
 .text._DRV_USART_BufferQueueTxTasks
                0x9d001138      0x52c build/default/debug/_ext/606306120/drv_usart.o
                0x9d001138                _DRV_USART_BufferQueueTxTasks

.text           0x9d001664      0x454
 .text          0x9d001664      0x454 build/default/debug/_ext/1026174026/port_asm.o
                0x9d001664                vPortTickInterruptHandler
                0x9d001810                vPortStartFirstTask
                0x9d0018d8                vPortYieldISR

.text.DRV_USART_BufferAddWrite
                0x9d001ab8      0x3f0
 .text.DRV_USART_BufferAddWrite
                0x9d001ab8      0x3f0 build/default/debug/_ext/606306120/drv_usart_buffer_queue.o
                0x9d001ab8                DRV_USART_BufferAddWrite

.text.DRV_USART_Initialize
                0x9d001ea8      0x380
 .text.DRV_USART_Initialize
                0x9d001ea8      0x380 build/default/debug/_ext/606306120/drv_usart.o
                0x9d001ea8                DRV_USART_Initialize

.text._DRV_USART_BufferQueueRxTasks
                0x9d002228      0x278
 .text._DRV_USART_BufferQueueRxTasks
                0x9d002228      0x278 build/default/debug/_ext/606306120/drv_usart.o
                0x9d002228                _DRV_USART_BufferQueueRxTasks

.text.DRV_USART_BufferAddRead
                0x9d0024a0      0x278
 .text.DRV_USART_BufferAddRead
                0x9d0024a0      0x278 build/default/debug/_ext/606306120/drv_usart_buffer_queue.o
                0x9d0024a0                DRV_USART_BufferAddRead

.text.fpsubadd  0x9d002718      0x278
 .text.fpsubadd
                0x9d002718      0x278 c:/program files (x86)/microchip/xc32/v1.42/bin/bin/../../lib/gcc/pic32mx/4.8.3/../../../../pic32mx/lib\libm.a(fp32subadd.o)
                0x9d002718                __subsf3
                0x9d002718                fpsub
                0x9d002720                __addsf3
                0x9d002720                fpadd

.text.prvTimerTask
                0x9d002990      0x274
 .text.prvTimerTask
                0x9d002990      0x274 build/default/debug/_ext/793396116/timers.o

.text.xQueueGenericReceive
                0x9d002c04      0x24c
 .text.xQueueGenericReceive
                0x9d002c04      0x24c build/default/debug/_ext/793396116/queue.o
                0x9d002c04                xQueueGenericReceive

.text.xQueueGenericSend
                0x9d002e50      0x208
 .text.xQueueGenericSend
                0x9d002e50      0x208 build/default/debug/_ext/793396116/queue.o
                0x9d002e50                xQueueGenericSend

.text.DRV_USART_TasksError
                0x9d003058      0x1ec
 .text.DRV_USART_TasksError
                0x9d003058      0x1ec build/default/debug/_ext/606306120/drv_usart.o
                0x9d003058                DRV_USART_TasksError

.text.xTaskGenericCreate
                0x9d003244      0x1c0
 .text.xTaskGenericCreate
                0x9d003244      0x1c0 build/default/debug/_ext/793396116/tasks.o
                0x9d003244                xTaskGenericCreate

.text.fp32mul   0x9d003404      0x1bc
 .text.fp32mul  0x9d003404      0x1bc c:/program files (x86)/microchip/xc32/v1.42/bin/bin/../../lib/gcc/pic32mx/4.8.3/../../../../pic32mx/lib\libm.a(fp32mul.o)
                0x9d003404                __mulsf3
                0x9d003404                fpmul

.DrvAdc_vector_text
                0x9d0035c0      0x1b4
 .DrvAdc_vector_text
                0x9d0035c0      0x1b4 build/default/debug/_ext/1688732426/system_interrupt_a.o

.DrvUsartInstance0_vector_text
                0x9d003774      0x1b4
 .DrvUsartInstance0_vector_text
                0x9d003774      0x1b4 build/default/debug/_ext/1688732426/system_interrupt_a.o

.text.xTaskIncrementTick
                0x9d003928      0x19c
 .text.xTaskIncrementTick
                0x9d003928      0x19c build/default/debug/_ext/793396116/tasks.o
                0x9d003928                xTaskIncrementTick

.text.SENSOR_Tasks
                0x9d003ac4      0x190
 .text.SENSOR_Tasks
                0x9d003ac4      0x190 build/default/debug/_ext/1360937237/sensor.o
                0x9d003ac4                SENSOR_Tasks

.text.DRV_USART_Open
                0x9d003c54      0x184
 .text.DRV_USART_Open
                0x9d003c54      0x184 build/default/debug/_ext/606306120/drv_usart.o
                0x9d003c54                DRV_USART_Open

.text.APP1_Tasks
                0x9d003dd8      0x174
 .text.APP1_Tasks
                0x9d003dd8      0x174 build/default/debug/_ext/1360937237/app1.o
                0x9d003dd8                APP1_Tasks

.text           0x9d003f4c      0x168
 .text          0x9d003f4c      0x168 c:/program files (x86)/microchip/xc32/v1.42/bin/bin/../../lib/gcc/pic32mx/4.8.3/../../../../pic32mx/lib\libpic32.a(memcpy.o)
                0x9d003f4c                memcpy

.text.xTaskResumeAll
                0x9d0040b4      0x154
 .text.xTaskResumeAll
                0x9d0040b4      0x154 build/default/debug/_ext/793396116/tasks.o
                0x9d0040b4                xTaskResumeAll

.text.DRV_ADC_Initialize
                0x9d004208      0x14c
 .text.DRV_ADC_Initialize
                0x9d004208      0x14c build/default/debug/_ext/1361460060/drv_adc_static.o
                0x9d004208                DRV_ADC_Initialize

.text.vTaskPriorityInherit
                0x9d004354      0x12c
 .text.vTaskPriorityInherit
                0x9d004354      0x12c build/default/debug/_ext/793396116/tasks.o
                0x9d004354                vTaskPriorityInherit

.rodata         0x9d004480      0x128
 .rodata        0x9d004480      0x128 build/default/debug/_ext/1688732426/system_exceptions.o

.text.prvUnlockQueue
                0x9d0045a8      0x104
 .text.prvUnlockQueue
                0x9d0045a8      0x104 build/default/debug/_ext/793396116/queue.o

.text.prvSampleTimeNow
                0x9d0046ac      0x104
 .text.prvSampleTimeNow
                0x9d0046ac      0x104 build/default/debug/_ext/793396116/timers.o

.text.prvCopyDataToQueue
                0x9d0047b0       0xfc
 .text.prvCopyDataToQueue
                0x9d0047b0       0xfc build/default/debug/_ext/793396116/queue.o

.text.xTaskPriorityDisinherit
                0x9d0048ac       0xf8
 .text.xTaskPriorityDisinherit
                0x9d0048ac       0xf8 build/default/debug/_ext/793396116/tasks.o
                0x9d0048ac                xTaskPriorityDisinherit

.text.xQueueGenericSendFromISR
                0x9d0049a4       0xe8
 .text.xQueueGenericSendFromISR
                0x9d0049a4       0xe8 build/default/debug/_ext/793396116/queue.o
                0x9d0049a4                xQueueGenericSendFromISR

.text.vTaskSwitchContext
                0x9d004a8c       0xe0
 .text.vTaskSwitchContext
                0x9d004a8c       0xe0 build/default/debug/_ext/793396116/tasks.o
                0x9d004a8c                vTaskSwitchContext

.text.SYS_DEVCON_PerformanceConfig
                0x9d004b6c       0xdc
 .text.SYS_DEVCON_PerformanceConfig
                0x9d004b6c       0xdc build/default/debug/_ext/1071266765/sys_devcon_pic32mx.o
                0x9d004b6c                SYS_DEVCON_PerformanceConfig

.text.general_exception
                0x9d004c48       0xdc
 .text.general_exception
                0x9d004c48       0xdc c:/program files (x86)/microchip/xc32/v1.42/bin/bin/../../lib/gcc/pic32mx/4.8.3/../../../../pic32mx/lib\libpic32.a(general-exception.o)
                0x9d004c48                _general_exception_context

.text.SENSOR_ADC_Average
                0x9d004d24       0xc8
 .text.SENSOR_ADC_Average
                0x9d004d24       0xc8 build/default/debug/_ext/1360937237/sensor.o
                0x9d004d24                SENSOR_ADC_Average

.text.SENSOR_ADC_AverageOnLEDs
                0x9d004dec       0xc8
 .text.SENSOR_ADC_AverageOnLEDs
                0x9d004dec       0xc8 build/default/debug/_ext/1360937237/sensor.o
                0x9d004dec                SENSOR_ADC_AverageOnLEDs

.text.xQueueGenericReset
                0x9d004eb4       0xc4
 .text.xQueueGenericReset
                0x9d004eb4       0xc4 build/default/debug/_ext/793396116/queue.o
                0x9d004eb4                xQueueGenericReset

.text.xQueueGiveFromISR
                0x9d004f78       0xc4
 .text.xQueueGiveFromISR
                0x9d004f78       0xc4 build/default/debug/_ext/793396116/queue.o
                0x9d004f78                xQueueGiveFromISR

.text.pvPortMalloc
                0x9d00503c       0xc0
 .text.pvPortMalloc
                0x9d00503c       0xc0 build/default/debug/_ext/598611465/heap_1.o
                0x9d00503c                pvPortMalloc

.text.xTaskRemoveFromEventList
                0x9d0050fc       0xbc
 .text.xTaskRemoveFromEventList
                0x9d0050fc       0xbc build/default/debug/_ext/793396116/tasks.o
                0x9d0050fc                xTaskRemoveFromEventList

.text.prvInitialiseTCBVariables
                0x9d0051b8       0xb4
 .text.prvInitialiseTCBVariables
                0x9d0051b8       0xb4 build/default/debug/_ext/793396116/tasks.o
                0x9d0051b8                prvInitialiseTCBVariables

.dinit          0x9d00526c       0xb0
 .dinit         0x9d00526c       0xb0 data_init

.text.SYS_Initialize
                0x9d00531c       0xac
 .text.SYS_Initialize
                0x9d00531c       0xac build/default/debug/_ext/1688732426/system_init.o
                0x9d00531c                SYS_Initialize

.text.SYS_Tasks
                0x9d0053c8       0xac
 .text.SYS_Tasks
                0x9d0053c8       0xac build/default/debug/_ext/1688732426/system_tasks.o
                0x9d0053c8                SYS_Tasks

.text.DRV_USART_TasksReceive
                0x9d005474       0xac
 .text.DRV_USART_TasksReceive
                0x9d005474       0xac build/default/debug/_ext/606306120/drv_usart.o
                0x9d005474                DRV_USART_TasksReceive

.text.DRV_USART_TasksTransmit
                0x9d005520       0xac
 .text.DRV_USART_TasksTransmit
                0x9d005520       0xac build/default/debug/_ext/606306120/drv_usart.o
                0x9d005520                DRV_USART_TasksTransmit

.text           0x9d0055cc       0xa8
 .text          0x9d0055cc       0xa8 c:/program files (x86)/microchip/xc32/v1.42/bin/bin/../../lib/gcc/pic32mx/4.8.3/../../../../pic32mx/lib\libpic32.a(memset.o)
                0x9d0055cc                memset

.text.vTaskPlaceOnEventListRestricted
                0x9d005674       0xa0
 .text.vTaskPlaceOnEventListRestricted
                0x9d005674       0xa0 build/default/debug/_ext/793396116/tasks.o
                0x9d005674                vTaskPlaceOnEventListRestricted

.text.xTaskCheckForTimeOut