
Optional file libmchp_peripheral.a not found

Optional file libmchp_peripheral_32MX795F512L.a not found
Archive member included because of file (symbol)

c:/program files (x86)/microchip/xc32/v1.42/bin/bin/../../lib/gcc/pic32mx/4.8.3/../../../../pic32mx/lib\libpic32.a(memcpy.o)
                              build/default/debug/_ext/793396116/queue.o (memcpy)
c:/program files (x86)/microchip/xc32/v1.42/bin/bin/../../lib/gcc/pic32mx/4.8.3/../../../../pic32mx/lib\libpic32.a(memset.o)
                              build/default/debug/_ext/793396116/tasks.o (memset)
c:/program files (x86)/microchip/xc32/v1.42/bin/bin/../../lib/gcc/pic32mx/4.8.3/../../../../pic32mx/lib\libpic32.a(default-bootstrap-exception-handler.o)
                              c:/program files (x86)/microchip/xc32/v1.42/bin/bin/../../lib/gcc/pic32mx/4.8.3/../../../../pic32mx/lib/./proc/32MX795F512L/crt0_mips32r2.o (_bootstrap_exception_handler)
c:/program files (x86)/microchip/xc32/v1.42/bin/bin/../../lib/gcc/pic32mx/4.8.3/../../../../pic32mx/lib\libpic32.a(default-on-reset.o)
                              c:/program files (x86)/microchip/xc32/v1.42/bin/bin/../../lib/gcc/pic32mx/4.8.3/../../../../pic32mx/lib/./proc/32MX795F512L/crt0_mips32r2.o (_on_reset)
c:/program files (x86)/microchip/xc32/v1.42/bin/bin/../../lib/gcc/pic32mx/4.8.3/../../../../pic32mx/lib\libpic32.a(default-on-bootstrap.o)
                              c:/program files (x86)/microchip/xc32/v1.42/bin/bin/../../lib/gcc/pic32mx/4.8.3/../../../../pic32mx/lib/./proc/32MX795F512L/crt0_mips32r2.o (_on_bootstrap)
c:/program files (x86)/microchip/xc32/v1.42/bin/bin/../../lib/gcc/pic32mx/4.8.3/../../../../pic32mx/lib\libpic32.a(default-nmi-handler.o)
                              c:/program files (x86)/microchip/xc32/v1.42/bin/bin/../../lib/gcc/pic32mx/4.8.3/../../../../pic32mx/lib/./proc/32MX795F512L/crt0_mips32r2.o (_nmi_handler)
c:/program files (x86)/microchip/xc32/v1.42/bin/bin/../../lib/gcc/pic32mx/4.8.3/../../../../pic32mx/lib\libpic32.a(general-exception.o)
                              c:/program files (x86)/microchip/xc32/v1.42/bin/bin/../../lib/gcc/pic32mx/4.8.3/../../../../pic32mx/lib/./proc/32MX795F512L/crt0_mips32r2.o (_general_exception_context)
c:/program files (x86)/microchip/xc32/v1.42/bin/bin/../../lib/gcc/pic32mx/4.8.3/../../../../pic32mx/lib\libpic32.a(vector0.o)
                              c:/program files (x86)/microchip/xc32/v1.42/bin/bin/../../lib/gcc/pic32mx/4.8.3/../../../../pic32mx/lib/./proc/32MX795F512L\default_isr_vectors.o (__vector_dispatch_0)
c:/program files (x86)/microchip/xc32/v1.42/bin/bin/../../lib/gcc/pic32mx/4.8.3/../../../../pic32mx/lib\libpic32.a(vector2.o)
                              c:/program files (x86)/microchip/xc32/v1.42/bin/bin/../../lib/gcc/pic32mx/4.8.3/../../../../pic32mx/lib/./proc/32MX795F512L\default_isr_vectors.o (__vector_dispatch_2)
c:/program files (x86)/microchip/xc32/v1.42/bin/bin/../../lib/gcc/pic32mx/4.8.3/../../../../pic32mx/lib\libpic32.a(vector3.o)
                              c:/program files (x86)/microchip/xc32/v1.42/bin/bin/../../lib/gcc/pic32mx/4.8.3/../../../../pic32mx/lib/./proc/32MX795F512L\default_isr_vectors.o (__vector_dispatch_3)
c:/program files (x86)/microchip/xc32/v1.42/bin/bin/../../lib/gcc/pic32mx/4.8.3/../../../../pic32mx/lib\libpic32.a(vector5.o)
                              c:/program files (x86)/microchip/xc32/v1.42/bin/bin/../../lib/gcc/pic32mx/4.8.3/../../../../pic32mx/lib/./proc/32MX795F512L\default_isr_vectors.o (__vector_dispatch_5)
c:/program files (x86)/microchip/xc32/v1.42/bin/bin/../../lib/gcc/pic32mx/4.8.3/../../../../pic32mx/lib\libpic32.a(vector6.o)
                              c:/program files (x86)/microchip/xc32/v1.42/bin/bin/../../lib/gcc/pic32mx/4.8.3/../../../../pic32mx/lib/./proc/32MX795F512L\default_isr_vectors.o (__vector_dispatch_6)
c:/program files (x86)/microchip/xc32/v1.42/bin/bin/../../lib/gcc/pic32mx/4.8.3/../../../../pic32mx/lib\libpic32.a(vector7.o)
                              c:/program files (x86)/microchip/xc32/v1.42/bin/bin/../../lib/gcc/pic32mx/4.8.3/../../../../pic32mx/lib/./proc/32MX795F512L\default_isr_vectors.o (__vector_dispatch_7)
c:/program files (x86)/microchip/xc32/v1.42/bin/bin/../../lib/gcc/pic32mx/4.8.3/../../../../pic32mx/lib\libpic32.a(vector8.o)
                              c:/program files (x86)/microchip/xc32/v1.42/bin/bin/../../lib/gcc/pic32mx/4.8.3/../../../../pic32mx/lib/./proc/32MX795F512L\default_isr_vectors.o (__vector_dispatch_8)
c:/program files (x86)/microchip/xc32/v1.42/bin/bin/../../lib/gcc/pic32mx/4.8.3/../../../../pic32mx/lib\libpic32.a(vector9.o)
                              c:/program files (x86)/microchip/xc32/v1.42/bin/bin/../../lib/gcc/pic32mx/4.8.3/../../../../pic32mx/lib/./proc/32MX795F512L\default_isr_vectors.o (__vector_dispatch_9)
c:/program files (x86)/microchip/xc32/v1.42/bin/bin/../../lib/gcc/pic32mx/4.8.3/../../../../pic32mx/lib\libpic32.a(vector10.o)
[...]
Memory Configuration

Name             Origin             Length             Attributes
kseg0_boot_mem   0x9fc00490         0x00000970
kseg1_boot_mem   0xbfc00000         0x00000490
kseg0_program_mem 0x9d000000         0x00080000         xr
exception_mem    0x9fc01000         0x00001000
debug_exec_mem   0xbfc02000         0x00000ff0
config3          0xbfc02ff0         0x00000004
config2          0xbfc02ff4         0x00000004
config1          0xbfc02ff8         0x00000004
config0          0xbfc02ffc         0x00000004
kseg1_data_mem   0xa0000000         0x00020000         w !x
sfrs             0xbf800000         0x00100000
configsfrs       0xbfc02ff0         0x00000010
*default*        0x00000000         0xffffffff

Linker script and memory map


reserve_boot_0x1fc02000_kseg0
                0x9fc02000      0xff0
                0x9fc02000        0x2 SHORT 0x0
                0x00000500                . = 0x500
 *fill*         0x9fc02002      0x4fe 
                0x9fc02500                . = ALIGN (0x4)
                0x9fc02500        0x2 SHORT 0x0
                0x00000ff0                . = 0xff0
 *fill*         0x9fc02502      0xaee 
                0x9fc02ff0                . = ALIGN (0x4)

reserve_boot_0x1fc02000_kseg1
                0xbfc02000      0xff0
                0xbfc02000        0x2 SHORT 0x0
                0x00000500                . = 0x500
 *fill*         0xbfc02002      0x4fe 
                0xbfc02500                . = ALIGN (0x4)
                0xbfc02500        0x2 SHORT 0x0
                0x00000ff0                . = 0xff0
 *fill*         0xbfc02502      0xaee 
                0xbfc02ff0                . = ALIGN (0x4)
LOAD c:/program files (x86)/microchip/xc32/v1.42/bin/bin/../../lib/gcc/pic32mx/4.8.3/../../../../pic32mx/lib/./proc/32MX795F512L/crt0_mips32r2.o
LOAD c:/program files (x86)/microchip/xc32/v1.42/bin/bin/../../lib/gcc/pic32mx/4.8.3/../../../../pic32mx/lib\software-debug-break.o
                0x00000001                _DEBUGGER = 0x1
LOAD build/default/debug/_ext/1360937237/app1.o
LOAD build/default/debug/_ext/1360937237/main.o
LOAD build/default/debug/_ext/1360937237/debug.o
LOAD build/default/debug/_ext/1360937237/callback.o
LOAD build/default/debug/_ext/606306120/drv_usart.o
LOAD build/default/debug/_ext/606306120/drv_usart_buffer_queue.o
LOAD build/default/debug/_ext/139468103/osal_freertos.o
LOAD build/default/debug/_ext/1071266765/sys_devcon.o
LOAD build/default/debug/_ext/1071266765/sys_devcon_pic32mx.o
LOAD build/default/debug/_ext/522947079/sys_int_pic32.o
LOAD build/default/debug/_ext/793396116/croutine.o
LOAD build/default/debug/_ext/793396116/list.o
LOAD build/default/debug/_ext/793396116/queue.o
LOAD build/default/debug/_ext/793396116/tasks.o
LOAD build/default/debug/_ext/793396116/timers.o
LOAD build/default/debug/_ext/793396116/event_groups.o
LOAD build/default/debug/_ext/598611465/heap_1.o
LOAD build/default/debug/_ext/1026174026/port.o
LOAD build/default/debug/_ext/1026174026/port_asm.o
LOAD build/default/debug/_ext/639803181/sys_clk_static.o
LOAD build/default/debug/_ext/822048611/sys_ports_static.o
LOAD build/default/debug/_ext/1688732426/system_init.o
LOAD build/default/debug/_ext/1688732426/system_interrupt.o
LOAD build/default/debug/_ext/1688732426/system_exceptions.o
LOAD build/default/debug/_ext/1688732426/system_tasks.o
LOAD build/default/debug/_ext/1688732426/system_interrupt_a.o
LOAD build/default/debug/_ext/1688732426/rtos_hooks.o
LOAD ..\..\..\..\..\..\..\microchip\harmony\v1_08_01\bin\framework\peripheral\PIC32MX795F512L_peripherals.a
LOAD ..\..\..\..\..\..\..\microchip\harmony\v1_08_01\framework\tcpip\src\crypto\aes_pic32mx.a
                0x00000001                __MPLAB_BUILD = 0x1
                0x00000001                __MPLAB_DEBUG = 0x1
                0x00000001                __DEBUG = 0x1
                0x00000001                __MPLAB_DEBUGGER_PK3 = 0x1
                0x00000000                _min_heap_size = 0x0
LOAD c:/program files (x86)/microchip/xc32/v1.42/bin/bin/../../lib/gcc/pic32mx/4.8.3/../../../../pic32mx/lib/./proc/32MX795F512L\default_isr_vectors.o
LOAD c:/program files (x86)/microchip/xc32/v1.42/bin/bin/../../lib/gcc/pic32mx/4.8.3/../../../../pic32mx/lib\pic32_software_reset.o
                0x00000400                PROVIDE (_min_stack_size, 0x400)
LOAD c:/program files (x86)/microchip/xc32/v1.42/bin/bin/../../lib/gcc/pic32mx/4.8.3/../../../../pic32mx/lib/./proc/32MX795F512L\processor.o
START GROUP
LOAD libmchp_peripheral.a
END GROUP
START GROUP
LOAD libmchp_peripheral_32MX795F512L.a
END GROUP
                0x00000001                PROVIDE (_vector_spacing, 0x1)
                0x9fc01000                PROVIDE (_ebase_address, 0x9fc01000)
                0xbfc00000                _RESET_ADDR = 0xbfc00000
                0xbfc00380                _BEV_EXCPT_ADDR = 0xbfc00380
                0xbfc00480                _DBG_EXCPT_ADDR = 0xbfc00480
                0xbfc02000                _DBG_CODE_ADDR = 0xbfc02000
                0x00000ff0                _DBG_CODE_SIZE = 0xff0
                0x9fc01180                _GEN_EXCPT_ADDR = (_ebase_address + 0x180)

.config_BFC02FF0
                0xbfc02ff0        0x4
 *(.config_BFC02FF0)
 .config_BFC02FF0
                0xbfc02ff0        0x4 build/default/debug/_ext/1688732426/system_init.o

.config_BFC02FF4
                0xbfc02ff4        0x4
 *(.config_BFC02FF4)
 .config_BFC02FF4
                0xbfc02ff4        0x4 build/default/debug/_ext/1688732426/system_init.o

.config_BFC02FF8
                0xbfc02ff8        0x4
 *(.config_BFC02FF8)
 .config_BFC02FF8
                0xbfc02ff8        0x4 build/default/debug/_ext/1688732426/system_init.o

.config_BFC02FFC
                0xbfc02ffc        0x4
 *(.config_BFC02FFC)
 .config_BFC02FFC
                0xbfc02ffc        0x4 build/default/debug/_ext/1688732426/system_init.o
                0xbfc02000                PROVIDE (_DBG_CODE_ADDR, 0xbfc02000)
                0x00000ff0                PROVIDE (_DBG_CODE_SIZE, 0xff0)

.reset          0xbfc00000      0x208
 *(.reset)
 .reset         0xbfc00000        0x8 c:/program files (x86)/microchip/xc32/v1.42/bin/bin/../../lib/gcc/pic32mx/4.8.3/../../../../pic32mx/lib/./proc/32MX795F512L/crt0_mips32r2.o
                0xbfc00000                _reset
 *(.reset.startup)
 .reset.startup
                0xbfc00008      0x200 c:/program files (x86)/microchip/xc32/v1.42/bin/bin/../../lib/gcc/pic32mx/4.8.3/../../../../pic32mx/lib/./proc/32MX795F512L/crt0_mips32r2.o

.bev_excpt      0xbfc00380       0x10
 *(.bev_handler)
 .bev_handler   0xbfc00380       0x10 c:/program files (x86)/microchip/xc32/v1.42/bin/bin/../../lib/gcc/pic32mx/4.8.3/../../../../pic32mx/lib/./proc/32MX795F512L/crt0_mips32r2.o

.dbg_excpt      0xbfc00480        0x8
                0xbfc00480                . = (. + DEFINED (_DEBUGGER)?0x8:0x0)
 *fill*         0xbfc00480        0x8 

.dbg_code       0xbfc02000      0xff0
                0xbfc02000                . = (. + DEFINED (_DEBUGGER)?_DBG_CODE_SIZE:0x0)
 *fill*         0xbfc02000      0xff0 

.app_excpt      0x9fc01180       0x10
 *(.gen_handler)
 .gen_handler   0x9fc01180       0x10 c:/program files (x86)/microchip/xc32/v1.42/bin/bin/../../lib/gcc/pic32mx/4.8.3/../../../../pic32mx/lib/./proc/32MX795F512L/crt0_mips32r2.o

.vector_0       0x9fc01200        0x8
 *(.vector_0)
 .vector_0      0x9fc01200        0x8 c:/program files (x86)/microchip/xc32/v1.42/bin/bin/../../lib/gcc/pic32mx/4.8.3/../../../../pic32mx/lib\libpic32.a(vector0.o)
                0x9fc01200                __vector_dispatch_0
                0x00000001                ASSERT (((_vector_spacing == 0x0) || (SIZEOF (.vector_0) <= (_vector_spacing << 0x5))), function at exception vector 0 too large)

.vector_1       0x9fc01220        0x8
 *(.vector_1)
 .vector_1      0x9fc01220        0x8 build/default/debug/_ext/1026174026/port.o
                0x9fc01220                __vector_dispatch_1
                0x00000001                ASSERT (((_vector_spacing == 0x0) || (SIZEOF (.vector_1) <= (_vector_spacing << 0x5))), function at exception vector 1 too large)

.vector_2       0x9fc01240        0x8
 *(.vector_2)
 .vector_2      0x9fc01240        0x8 c:/program files (x86)/microchip/xc32/v1.42/bin/bin/../../lib/gcc/pic32mx/4.8.3/../../../../pic32mx/lib\libpic32.a(vector2.o)
                0x9fc01240                __vector_dispatch_2
                0x00000001                ASSERT (((_vector_spacing == 0x0) || (SIZEOF (.vector_2) <= (_vector_spacing << 0x5))), function at exception vector 2 too large)

.vector_3       0x9fc01260        0x8
 *(.vector_3)
 .vector_3      0x9fc01260        0x8 c:/program files (x86)/microchip/xc32/v1.42/bin/bin/../../lib/gcc/pic32mx/4.8.3/../../../../pic32mx/lib\libpic32.a(vector3.o)
                0x9fc01260                __vector_dispatch_3
                0x00000001                ASSERT (((_vector_spacing == 0x0) || (SIZEOF (.vector_3) <= (_vector_spacing << 0x5))), function at exception vector 3 too large)

.vector_4       0x9fc01280        0x8
 *(.vector_4)
 .vector_4      0x9fc01280        0x8 build/default/debug/_ext/1026174026/port.o
                0x9fc01280                __vector_dispatch_4
                0x00000001                ASSERT (((_vector_spacing == 0x0) || (SIZEOF (.vector_4) <= (_vector_spacing << 0x5))), function at exception vector 4 too large)

.vector_5       0x9fc012a0        0x8
 *(.vector_5)
 .vector_5      0x9fc012a0        0x8 c:/program files (x86)/microchip/xc32/v1.42/bin/bin/../../lib/gcc/pic32mx/4.8.3/../../../../pic32mx/lib\libpic32.a(vector5.o)
                0x9fc012a0                __vector_dispatch_5
                0x00000001                ASSERT (((_vector_spacing == 0x0) || (SIZEOF (.vector_5) <= (_vector_spacing << 0x5))), function at exception vector 5 too large)

.vector_6       0x9fc012c0        0x8
 *(.vector_6)
 .vector_6      0x9fc012c0        0x8 c:/program files (x86)/microchip/xc32/v1.42/bin/bin/../../lib/gcc/pic32mx/4.8.3/../../../../pic32mx/lib\libpic32.a(vector6.o)
                0x9fc012c0                __vector_dispatch_6
                0x00000001                ASSERT (((_vector_spacing == 0x0) || (SIZEOF (.vector_6) <= (_vector_spacing << 0x5))), function at exception vector 6 too large)

.vector_7       0x9fc012e0        0x8
 *(.vector_7)
 .vector_7      0x9fc012e0        0x8 c:/program files (x86)/microchip/xc32/v1.42/bin/bin/../../lib/gcc/pic32mx/4.8.3/../../../../pic32mx/lib\libpic32.a(vector7.o)
                0x9fc012e0                __vector_dispatch_7
                0x00000001                ASSERT (((_vector_spacing == 0x0) || (SIZEOF (.vector_7) <= (_vector_spacing << 0x5))), function at exception vector 7 too large)

.vector_8       0x9fc01300        0x8
 *(.vector_8)
 .vector_8      0x9fc01300        0x8 c:/program files (x86)/microchip/xc32/v1.42/bin/bin/../../lib/gcc/pic32mx/4.8.3/../../../../pic32mx/lib\libpic32.a(vector8.o)
                0x9fc01300                __vector_dispatch_8
                0x00000001                ASSERT (((_vector_spacing == 0x0) || (SIZEOF (.vector_8) <= (_vector_spacing << 0x5))), function at exception vector 8 too large)

.vector_9       0x9fc01320        0x8
 *(.vector_9)
 .vector_9      0x9fc01320        0x8 c:/program files (x86)/microchip/xc32/v1.42/bin/bin/../../lib/gcc/pic32mx/4.8.3/../../../../pic32mx/lib\libpic32.a(vector9.o)
                0x9fc01320                __vector_dispatch_9
                0x00000001                ASSERT (((_vector_spacing == 0x0) || (SIZEOF (.vector_9) <= (_vector_spacing << 0x5))), function at exception vector 9 too large)

.vector_10      0x9fc01340        0x8
 *(.vector_10)
 .vector_10     0x9fc01340        0x8 c:/program files (x86)/microchip/xc32/v1.42/bin/bin/../../lib/gcc/pic32mx/4.8.3/../../../../pic32mx/lib\libpic32.a(vector10.o)
                0x9fc01340                __vector_dispatch_10
                0x00000001                ASSERT (((_vector_spacing == 0x0) || (SIZEOF (.vector_10) <= (_vector_spacing << 0x5))), function at exception vector 10 too large)

.vector_11      0x9fc01360        0x8
 *(.vector_11)
 .vector_11     0x9fc01360        0x8 c:/program files (x86)/microchip/xc32/v1.42/bin/bin/../../lib/gcc/pic32mx/4.8.3/../../../../pic32mx/lib\libpic32.a(vector11.o)
                0x9fc01360                __vector_dispatch_11
                0x00000001                ASSERT (((_vector_spacing == 0x0) || (SIZEOF (.vector_11) <= (_vector_spacing << 0x5))), function at exception vector 11 too large)

.vector_12      0x9fc01380        0x8
 *(.vector_12)
 .vector_12     0x9fc01380        0x8 c:/program files (x86)/microchip/xc32/v1.42/bin/bin/../../lib/gcc/pic32mx/4.8.3/../../../../pic32mx/lib\libpic32.a(vector12.o)
                0x9fc01380                __vector_dispatch_12
                0x00000001                ASSERT (((_vector_spacing == 0x0) || (SIZEOF (.vector_12) <= (_vector_spacing << 0x5))), function at exception vector 12 too large)

.vector_13      0x9fc013a0        0x8
 *(.vector_13)
 .vector_13     0x9fc013a0        0x8 c:/program files (x86)/microchip/xc32/v1.42/bin/bin/../../lib/gcc/pic32mx/4.8.3/../../../../pic32mx/lib\libpic32.a(vector13.o)
                0x9fc013a0                __vector_dispatch_13
                0x00000001                ASSERT (((_vector_spacing == 0x0) || (SIZEOF (.vector_13) <= (_vector_spacing << 0x5))), function at exception vector 13 too large)

.vector_14      0x9fc013c0        0x8
 *(.vector_14)
 .vector_14     0x9fc013c0        0x8 c:/program files (x86)/microchip/xc32/v1.42/bin/bin/../../lib/gcc/pic32mx/4.8.3/../../../../pic32mx/lib\libpic32.a(vector14.o)
                0x9fc013c0                __vector_dispatch_14
                0x00000001                ASSERT (((_vector_spacing == 0x0) || (SIZEOF (.vector_14) <= (_vector_spacing << 0x5))), function at exception vector 14 too large)

.vector_15      0x9fc013e0        0x8
 *(.vector_15)
 .vector_15     0x9fc013e0        0x8 c:/program files (x86)/microchip/xc32/v1.42/bin/bin/../../lib/gcc/pic32mx/4.8.3/../../../../pic32mx/lib\libpic32.a(vector15.o)
                0x9fc013e0                __vector_dispatch_15
                0x00000001                ASSERT (((_vector_spacing == 0x0) || (SIZEOF (.vector_15) <= (_vector_spacing << 0x5))), function at exception vector 15 too large)

.vector_16      0x9fc01400        0x8
 *(.vector_16)
 .vector_16     0x9fc01400        0x8 c:/program files (x86)/microchip/xc32/v1.42/bin/bin/../../lib/gcc/pic32mx/4.8.3/../../../../pic32mx/lib\libpic32.a(vector16.o)
                0x9fc01400                __vector_dispatch_16
                0x00000001                ASSERT (((_vector_spacing == 0x0) || (SIZEOF (.vector_16) <= (_vector_spacing << 0x5))), function at exception vector 16 too large)

.vector_17      0x9fc01420        0x8
 *(.vector_17)
 .vector_17     0x9fc01420        0x8 c:/program files (x86)/microchip/xc32/v1.42/bin/bin/../../lib/gcc/pic32mx/4.8.3/../../../../pic32mx/lib\libpic32.a(vector17.o)
                0x9fc01420                __vector_dispatch_17
                0x00000001                ASSERT (((_vector_spacing == 0x0) || (SIZEOF (.vector_17) <= (_vector_spacing << 0x5))), function at exception vector 17 too large)

.vector_18      0x9fc01440        0x8
 *(.vector_18)
 .vector_18     0x9fc01440        0x8 c:/program files (x86)/microchip/xc32/v1.42/bin/bin/../../lib/gcc/pic32mx/4.8.3/../../../../pic32mx/lib\libpic32.a(vector18.o)
                0x9fc01440                __vector_dispatch_18
                0x00000001                ASSERT (((_vector_spacing == 0x0) || (SIZEOF (.vector_18) <= (_vector_spacing << 0x5))), function at exception vector 18 too large)

.vector_19      0x9fc01460        0x8
 *(.vector_19)
 .vector_19     0x9fc01460        0x8 c:/program files (x86)/microchip/xc32/v1.42/bin/bin/../../lib/gcc/pic32mx/4.8.3/../../../../pic32mx/lib\libpic32.a(vector19.o)
                0x9fc01460                __vector_dispatch_19
                0x00000001                ASSERT (((_vector_spacing == 0x0) || (SIZEOF (.vector_19) <= (_vector_spacing << 0x5))), function at exception vector 19 too large)

.vector_20      0x9fc01480        0x8
 *(.vector_20)
 .vector_20     0x9fc01480        0x8 c:/program files (x86)/microchip/xc32/v1.42/bin/bin/../../lib/gcc/pic32mx/4.8.3/../../../../pic32mx/lib\libpic32.a(vector20.o)
                0x9fc01480                __vector_dispatch_20
                0x00000001                ASSERT (((_vector_spacing == 0x0) || (SIZEOF (.vector_20) <= (_vector_spacing << 0x5))), function at exception vector 20 too large)

.vector_21      0x9fc014a0        0x8
 *(.vector_21)
 .vector_21     0x9fc014a0        0x8 c:/program files (x86)/microchip/xc32/v1.42/bin/bin/../../lib/gcc/pic32mx/4.8.3/../../../../pic32mx/lib\libpic32.a(vector21.o)
                0x9fc014a0                __vector_dispatch_21
                0x00000001                ASSERT (((_vector_spacing == 0x0) || (SIZEOF (.vector_21) <= (_vector_spacing << 0x5))), function at exception vector 21 too large)

.vector_22      0x9fc014c0        0x8
 *(.vector_22)
 .vector_22     0x9fc014c0        0x8 c:/program files (x86)/microchip/xc32/v1.42/bin/bin/../../lib/gcc/pic32mx/4.8.3/../../../../pic32mx/lib\libpic32.a(vector22.o)
                0x9fc014c0                __vector_dispatch_22
                0x00000001                ASSERT (((_vector_spacing == 0x0) || (SIZEOF (.vector_22) <= (_vector_spacing << 0x5))), function at exception vector 22 too large)

.vector_23      0x9fc014e0        0x8
 *(.vector_23)
 .vector_23     0x9fc014e0        0x8 c:/program files (x86)/microchip/xc32/v1.42/bin/bin/../../lib/gcc/pic32mx/4.8.3/../../../../pic32mx/lib\libpic32.a(vector23.o)
                0x9fc014e0                __vector_dispatch_23
                0x00000001                ASSERT (((_vector_spacing == 0x0) || (SIZEOF (.vector_23) <= (_vector_spacing << 0x5))), function at exception vector 23 too large)

.vector_24      0x9fc01500       0x10
 *(.vector_24)
 .vector_24     0x9fc01500       0x10 build/default/debug/_ext/1688732426/system_interrupt_a.o
                0x9fc01500                __vector_dispatch_24
                0x00000001                ASSERT (((_vector_spacing == 0x0) || (SIZEOF (.vector_24) <= (_vector_spacing << 0x5))), function at exception vector 24 too large)

.vector_25      0x9fc01520        0x8
 *(.vector_25)
 .vector_25     0x9fc01520        0x8 c:/program files (x86)/microchip/xc32/v1.42/bin/bin/../../lib/gcc/pic32mx/4.8.3/../../../../pic32mx/lib\libpic32.a(vector25.o)
                0x9fc01520                __vector_dispatch_25
                0x00000001                ASSERT (((_vector_spacing == 0x0) || (SIZEOF (.vector_25) <= (_vector_spacing << 0x5))), function at exception vector 25 too large)

.vector_26      0x9fc01540        0x8
 *(.vector_26)
 .vector_26     0x9fc01540        0x8 c:/program files (x86)/microchip/xc32/v1.42/bin/bin/../../lib/gcc/pic32mx/4.8.3/../../../../pic32mx/lib\libpic32.a(vector26.o)
                0x9fc01540                __vector_dispatch_26
                0x00000001                ASSERT (((_vector_spacing == 0x0) || (SIZEOF (.vector_26) <= (_vector_spacing << 0x5))), function at exception vector 26 too large)

.vector_27      0x9fc01560        0x8
 *(.vector_27)
 .vector_27     0x9fc01560        0x8 c:/program files (x86)/microchip/xc32/v1.42/bin/bin/../../lib/gcc/pic32mx/4.8.3/../../../../pic32mx/lib\libpic32.a(vector27.o)
                0x9fc01560                __vector_dispatch_27
                0x00000001                ASSERT (((_vector_spacing == 0x0) || (SIZEOF (.vector_27) <= (_vector_spacing << 0x5))), function at exception vector 27 too large)

.vector_28      0x9fc01580        0x8
 *(.vector_28)
 .vector_28     0x9fc01580        0x8 c:/program files (x86)/microchip/xc32/v1.42/bin/bin/../../lib/gcc/pic32mx/4.8.3/../../../../pic32mx/lib\libpic32.a(vector28.o)
                0x9fc01580                __vector_dispatch_28
                0x00000001                ASSERT (((_vector_spacing == 0x0) || (SIZEOF (.vector_28) <= (_vector_spacing << 0x5))), function at exception vector 28 too large)

.vector_29      0x9fc015a0        0x8
 *(.vector_29)
 .vector_29     0x9fc015a0        0x8 c:/program files (x86)/microchip/xc32/v1.42/bin/bin/../../lib/gcc/pic32mx/4.8.3/../../../../pic32mx/lib\libpic32.a(vector29.o)
                0x9fc015a0                __vector_dispatch_29
                0x00000001                ASSERT (((_vector_spacing == 0x0) || (SIZEOF (.vector_29) <= (_vector_spacing << 0x5))), function at exception vector 29 too large)

.vector_30      0x9fc015c0        0x8
 *(.vector_30)
 .vector_30     0x9fc015c0        0x8 c:/program files (x86)/microchip/xc32/v1.42/bin/bin/../../lib/gcc/pic32mx/4.8.3/../../../../pic32mx/lib\libpic32.a(vector30.o)
                0x9fc015c0                __vector_dispatch_30
                0x00000001                ASSERT (((_vector_spacing == 0x0) || (SIZEOF (.vector_30) <= (_vector_spacing << 0x5))), function at exception vector 30 too large)

.vector_31      0x9fc015e0        0x8
 *(.vector_31)
 .vector_31     0x9fc015e0        0x8 c:/program files (x86)/microchip/xc32/v1.42/bin/bin/../../lib/gcc/pic32mx/4.8.3/../../../../pic32mx/lib\libpic32.a(vector31.o)
                0x9fc015e0                __vector_dispatch_31
                0x00000001                ASSERT (((_vector_spacing == 0x0) || (SIZEOF (.vector_31) <= (_vector_spacing << 0x5))), function at exception vector 31 too large)

.vector_32      0x9fc01600        0x8
 *(.vector_32)
 .vector_32     0x9fc01600        0x8 c:/program files (x86)/microchip/xc32/v1.42/bin/bin/../../lib/gcc/pic32mx/4.8.3/../../../../pic32mx/lib\libpic32.a(vector32.o)
                0x9fc01600                __vector_dispatch_32
                0x00000001                ASSERT (((_vector_spacing == 0x0) || (SIZEOF (.vector_32) <= (_vector_spacing << 0x5))), function at exception vector 32 too large)

.vector_33      0x9fc01620        0x8
 *(.vector_33)
 .vector_33     0x9fc01620        0x8 c:/program files (x86)/microchip/xc32/v1.42/bin/bin/../../lib/gcc/pic32mx/4.8.3/../../../../pic32mx/lib\libpic32.a(vector33.o)
                0x9fc01620                __vector_dispatch_33
                0x00000001                ASSERT (((_vector_spacing == 0x0) || (SIZEOF (.vector_33) <= (_vector_spacing << 0x5))), function at exception vector 33 too large)

.vector_34      0x9fc01640        0x8
 *(.vector_34)
 .vector_34     0x9fc01640        0x8 c:/program files (x86)/microchip/xc32/v1.42/bin/bin/../../lib/gcc/pic32mx/4.8.3/../../../../pic32mx/lib\libpic32.a(vector34.o)
                0x9fc01640                __vector_dispatch_34
                0x00000001                ASSERT (((_vector_spacing == 0x0) || (SIZEOF (.vector_34) <= (_vector_spacing << 0x5))), function at exception vector 34 too large)

.vector_35      0x9fc01660        0x8
 *(.vector_35)
 .vector_35     0x9fc01660        0x8 c:/program files (x86)/microchip/xc32/v1.42/bin/bin/../../lib/gcc/pic32mx/4.8.3/../../../../pic32mx/lib\libpic32.a(vector35.o)
                0x9fc01660                __vector_dispatch_35
                0x00000001                ASSERT (((_vector_spacing == 0x0) || (SIZEOF (.vector_35) <= (_vector_spacing << 0x5))), function at exception vector 35 too large)

.vector_36      0x9fc01680        0x8
 *(.vector_36)
 .vector_36     0x9fc01680        0x8 c:/program files (x86)/microchip/xc32/v1.42/bin/bin/../../lib/gcc/pic32mx/4.8.3/../../../../pic32mx/lib\libpic32.a(vector36.o)
                0x9fc01680                __vector_dispatch_36
                0x00000001                ASSERT (((_vector_spacing == 0x0) || (SIZEOF (.vector_36) <= (_vector_spacing << 0x5))), function at exception vector 36 too large)

.vector_37      0x9fc016a0        0x8
 *(.vector_37)
 .vector_37     0x9fc016a0        0x8 c:/program files (x86)/microchip/xc32/v1.42/bin/bin/../../lib/gcc/pic32mx/4.8.3/../../../../pic32mx/lib\libpic32.a(vector37.o)
                0x9fc016a0                __vector_dispatch_37
                0x00000001                ASSERT (((_vector_spacing == 0x0) || (SIZEOF (.vector_37) <= (_vector_spacing << 0x5))), function at exception vector 37 too large)

.vector_38      0x9fc016c0        0x8
 *(.vector_38)
 .vector_38     0x9fc016c0        0x8 c:/program files (x86)/microchip/xc32/v1.42/bin/bin/../../lib/gcc/pic32mx/4.8.3/../../../../pic32mx/lib\libpic32.a(vector38.o)
                0x9fc016c0                __vector_dispatch_38
                0x00000001                ASSERT (((_vector_spacing == 0x0) || (SIZEOF (.vector_38) <= (_vector_spacing << 0x5))), function at exception vector 38 too large)

.vector_39      0x9fc016e0        0x8
 *(.vector_39)
 .vector_39     0x9fc016e0        0x8 c:/program files (x86)/microchip/xc32/v1.42/bin/bin/../../lib/gcc/pic32mx/4.8.3/../../../../pic32mx/lib\libpic32.a(vector39.o)
                0x9fc016e0                __vector_dispatch_39
                0x00000001                ASSERT (((_vector_spacing == 0x0) || (SIZEOF (.vector_39) <= (_vector_spacing << 0x5))), function at exception vector 39 too large)

.vector_40      0x9fc01700        0x8
 *(.vector_40)
 .vector_40     0x9fc01700        0x8 c:/program files (x86)/microchip/xc32/v1.42/bin/bin/../../lib/gcc/pic32mx/4.8.3/../../../../pic32mx/lib\libpic32.a(vector40.o)
                0x9fc01700                __vector_dispatch_40
                0x00000001                ASSERT (((_vector_spacing == 0x0) || (SIZEOF (.vector_40) <= (_vector_spacing << 0x5))), function at exception vector 40 too large)

.vector_41      0x9fc01720        0x8
 *(.vector_41)
 .vector_41     0x9fc01720        0x8 c:/program files (x86)/microchip/xc32/v1.42/bin/bin/../../lib/gcc/pic32mx/4.8.3/../../../../pic32mx/lib\libpic32.a(vector41.o)
                0x9fc01720                __vector_dispatch_41
                0x00000001                ASSERT (((_vector_spacing == 0x0) || (SIZEOF (.vector_41) <= (_vector_spacing << 0x5))), function at exception vector 41 too large)

.vector_42      0x9fc01740        0x8
 *(.vector_42)
 .vector_42     0x9fc01740        0x8 c:/program files (x86)/microchip/xc32/v1.42/bin/bin/../../lib/gcc/pic32mx/4.8.3/../../../../pic32mx/lib\libpic32.a(vector42.o)
                0x9fc01740                __vector_dispatch_42
                0x00000001                ASSERT (((_vector_spacing == 0x0) || (SIZEOF (.vector_42) <= (_vector_spacing << 0x5))), function at exception vector 42 too large)

.vector_43      0x9fc01760        0x8
 *(.vector_43)
 .vector_43     0x9fc01760        0x8 c:/program files (x86)/microchip/xc32/v1.42/bin/bin/../../lib/gcc/pic32mx/4.8.3/../../../../pic32mx/lib\libpic32.a(vector43.o)
                0x9fc01760                __vector_dispatch_43
                0x00000001                ASSERT (((_vector_spacing == 0x0) || (SIZEOF (.vector_43) <= (_vector_spacing << 0x5))), function at exception vector 43 too large)

.vector_44      0x9fc01780        0x8
 *(.vector_44)
 .vector_44     0x9fc01780        0x8 c:/program files (x86)/microchip/xc32/v1.42/bin/bin/../../lib/gcc/pic32mx/4.8.3/../../../../pic32mx/lib\libpic32.a(vector44.o)
                0x9fc01780                __vector_dispatch_44
                0x00000001                ASSERT (((_vector_spacing == 0x0) || (SIZEOF (.vector_44) <= (_vector_spacing << 0x5))), function at exception vector 44 too large)

.vector_45      0x9fc017a0        0x8
 *(.vector_45)
 .vector_45     0x9fc017a0        0x8 c:/program files (x86)/microchip/xc32/v1.42/bin/bin/../../lib/gcc/pic32mx/4.8.3/../../../../pic32mx/lib\libpic32.a(vector45.o)
                0x9fc017a0                __vector_dispatch_45
                0x00000001                ASSERT (((_vector_spacing == 0x0) || (SIZEOF (.vector_45) <= (_vector_spacing << 0x5))), function at exception vector 45 too large)

.vector_46      0x9fc017c0        0x8
 *(.vector_46)
 .vector_46     0x9fc017c0        0x8 c:/program files (x86)/microchip/xc32/v1.42/bin/bin/../../lib/gcc/pic32mx/4.8.3/../../../../pic32mx/lib\libpic32.a(vector46.o)
                0x9fc017c0                __vector_dispatch_46
                0x00000001                ASSERT (((_vector_spacing == 0x0) || (SIZEOF (.vector_46) <= (_vector_spacing << 0x5))), function at exception vector 46 too large)

.vector_47      0x9fc017e0        0x8
 *(.vector_47)
 .vector_47     0x9fc017e0        0x8 c:/program files (x86)/microchip/xc32/v1.42/bin/bin/../../lib/gcc/pic32mx/4.8.3/../../../../pic32mx/lib\libpic32.a(vector47.o)
                0x9fc017e0                __vector_dispatch_47
                0x00000001                ASSERT (((_vector_spacing == 0x0) || (SIZEOF (.vector_47) <= (_vector_spacing << 0x5))), function at exception vector 47 too large)

.vector_48      0x9fc01800        0x8
 *(.vector_48)
 .vector_48     0x9fc01800        0x8 c:/program files (x86)/microchip/xc32/v1.42/bin/bin/../../lib/gcc/pic32mx/4.8.3/../../../../pic32mx/lib\libpic32.a(vector48.o)
                0x9fc01800                __vector_dispatch_48
                0x00000001                ASSERT (((_vector_spacing == 0x0) || (SIZEOF (.vector_48) <= (_vector_spacing << 0x5))), function at exception vector 48 too large)

.vector_49      0x9fc01820        0x8
 *(.vector_49)
 .vector_49     0x9fc01820        0x8 c:/program files (x86)/microchip/xc32/v1.42/bin/bin/../../lib/gcc/pic32mx/4.8.3/../../../../pic32mx/lib\libpic32.a(vector49.o)
                0x9fc01820                __vector_dispatch_49
                0x00000001                ASSERT (((_vector_spacing == 0x0) || (SIZEOF (.vector_49) <= (_vector_spacing << 0x5))), function at exception vector 49 too large)

.vector_50      0x9fc01840        0x8
 *(.vector_50)
 .vector_50     0x9fc01840        0x8 c:/program files (x86)/microchip/xc32/v1.42/bin/bin/../../lib/gcc/pic32mx/4.8.3/../../../../pic32mx/lib\libpic32.a(vector50.o)
                0x9fc01840                __vector_dispatch_50
                0x00000001                ASSERT (((_vector_spacing == 0x0) || (SIZEOF (.vector_50) <= (_vector_spacing << 0x5))), function at exception vector 50 too large)

.vector_51      0x9fc01860        0x8
 *(.vector_51)
 .vector_51     0x9fc01860        0x8 c:/program files (x86)/microchip/xc32/v1.42/bin/bin/../../lib/gcc/pic32mx/4.8.3/../../../../pic32mx/lib\libpic32.a(vector51.o)
                0x9fc01860                __vector_dispatch_51
                0x00000001                ASSERT (((_vector_spacing == 0x0) || (SIZEOF (.vector_51) <= (_vector_spacing << 0x5))), function at exception vector 51 too large)

.vector_52      0x9fc01880        0x0
 *(.vector_52)
                0x00000001                ASSERT (((_vector_spacing == 0x0) || (SIZEOF (.vector_52) <= (_vector_spacing << 0x5))), function at exception vector 52 too large)

.vector_53      0x9fc018a0        0x0
 *(.vector_53)
                0x00000001                ASSERT (((_vector_spacing == 0x0) || (SIZEOF (.vector_53) <= (_vector_spacing << 0x5))), function at exception vector 53 too large)

.vector_54      0x9fc018c0        0x0
 *(.vector_54)
                0x00000001                ASSERT (((_vector_spacing == 0x0) || (SIZEOF (.vector_54) <= (_vector_spacing << 0x5))), function at exception vector 54 too large)

.vector_55      0x9fc018e0        0x0
 *(.vector_55)
                0x00000001                ASSERT (((_vector_spacing == 0x0) || (SIZEOF (.vector_55) <= (_vector_spacing << 0x5))), function at exception vector 55 too large)

.vector_56      0x9fc01900        0x0
 *(.vector_56)
                0x00000001                ASSERT (((_vector_spacing == 0x0) || (SIZEOF (.vector_56) <= (_vector_spacing << 0x5))), function at exception vector 56 too large)

.vector_57      0x9fc01920        0x0
 *(.vector_57)
                0x00000001                ASSERT (((_vector_spacing == 0x0) || (SIZEOF (.vector_57) <= (_vector_spacing << 0x5))), function at exception vector 57 too large)

.vector_58      0x9fc01940        0x0
 *(.vector_58)
                0x00000001                ASSERT (((_vector_spacing == 0x0) || (SIZEOF (.vector_58) <= (_vector_spacing << 0x5))), function at exception vector 58 too large)

.vector_59      0x9fc01960        0x0
 *(.vector_59)
                0x00000001                ASSERT (((_vector_spacing == 0x0) || (SIZEOF (.vector_59) <= (_vector_spacing << 0x5))), function at exception vector 59 too large)

.vector_60      0x9fc01980        0x0
 *(.vector_60)
                0x00000001                ASSERT (((_vector_spacing == 0x0) || (SIZEOF (.vector_60) <= (_vector_spacing << 0x5))), function at exception vector 60 too large)

.vector_61      0x9fc019a0        0x0
 *(.vector_61)
                0x00000001                ASSERT (((_vector_spacing == 0x0) || (SIZEOF (.vector_61) <= (_vector_spacing << 0x5))), function at exception vector 61 too large)

.vector_62      0x9fc019c0        0x0
 *(.vector_62)
                0x00000001                ASSERT (((_vector_spacing == 0x0) || (SIZEOF (.vector_62) <= (_vector_spacing << 0x5))), function at exception vector 62 too large)

.vector_63      0x9fc019e0        0x0
 *(.vector_63)
                0x00000001                ASSERT (((_vector_spacing == 0x0) || (SIZEOF (.vector_63) <= (_vector_spacing << 0x5))), function at exception vector 63 too large)

.startup
 *(.startup)

.text           0x9d000000        0x0
 *(.stub .gnu.linkonce.t.*)
 *(.text.*personality*)
 *(.mips16.fn.*)
 *(.mips16.call.*)
 *(.gnu.warning)
                0x9d000000                . = ALIGN (0x4)

.init           0x9d000000        0x0
 *crti.o(.init)
 *crtbegin.o(.init)
 *(EXCLUDE_FILE(*crtn.o *crtend?.o *crtend.o) .init)
 *crtend.o(.init)
 *crtn.o(.init)
                0x9d000000                . = ALIGN (0x4)

.fini           0x9d000000        0x0
 *(.fini)
                0x9d000000                . = ALIGN (0x4)

.preinit_array  0x9d000000        0x0
                0x9d000000                PROVIDE (__preinit_array_start, .)
 *(.preinit_array)
                0x9d000000                PROVIDE (__preinit_array_end, .)
                0x9d000000                . = ALIGN (0x4)

.init_array     0x9d000000        0x0
                0x9d000000                PROVIDE (__init_array_start, .)
 *(SORT(.init_array.*))
 *(.init_array)
                0x9d000000                PROVIDE (__init_array_end, .)
                0x9d000000                . = ALIGN (0x4)

.fini_array     0x9d000000        0x0
                0x9d000000                PROVIDE (__fini_array_start, .)
 *(SORT(.fini_array.*))
 *(.fini_array)
                0x9d000000                PROVIDE (__fini_array_end, .)
                0x9d000000                . = ALIGN (0x4)

.ctors          0x9d000000        0x0
 *crtbegin.o(.ctors)
 *crtbegin?.o(.ctors)
 *(EXCLUDE_FILE(*crtend?.o *crtend.o) .ctors)
 *(SORT(.ctors.*))
 *(.ctors)
                0x9d000000                . = ALIGN (0x4)

.dtors          0x9d000000        0x0
 *crtbegin.o(.dtors)
 *crtbegin?.o(.dtors)
 *(EXCLUDE_FILE(*crtend?.o *crtend.o) .dtors)
 *(SORT(.dtors.*))
 *(.dtors)
                0x9d000000                . = ALIGN (0x4)

.rodata         0x9d000000        0x0
 *(.gnu.linkonce.r.*)
 *(.rodata1)
                0x9d000000                . = ALIGN (0x4)

.sdata2         0x9fc00490        0x0
 *(.sdata2 .sdata2.* .gnu.linkonce.s2.*)
                0x9fc00490                . = ALIGN (0x4)

.sbss2          0x9fc00490        0x0
 *(.sbss2 .sbss2.* .gnu.linkonce.sb2.*)
                0x9fc00490                . = ALIGN (0x4)

.eh_frame_hdr
 *(.eh_frame_hdr)
                0x9fc00490                . = ALIGN (0x4)

.eh_frame
 *(.eh_frame)
                0x9fc00490                . = ALIGN (0x4)

.gcc_except_table
 *(.gcc_except_table .gcc_except_table.*)
                0x9fc00490                . = ALIGN (0x4)

.dbg_data       0xa0000000      0x200
                0xa0000000                . = (. + DEFINED (_DEBUGGER)?0x200:0x0)
 *fill*         0xa0000000      0x200 

.jcr            0xa0000200        0x0
 *(.jcr)
                0xa0000200                . = ALIGN (0x4)

.eh_frame
 *(.eh_frame)
                0xa0000200                . = ALIGN (0x4)

.gcc_except_table
 *(.gcc_except_table .gcc_except_table.*)
                0xa0000200                . = ALIGN (0x4)

.persist        0xa0000200        0x0
                0xa0000200                _persist_begin = .
 *(.persist .persist.*)
 *(.pbss .pbss.*)
                0xa0000200                . = ALIGN (0x4)
                0xa0000200                _persist_end = .

.data           0xa0000200        0x0
 *(.gnu.linkonce.d.*)
 *(.data1)
                0xa0000200                . = ALIGN (0x4)
                0xa0000200                . = .
                0xa00081f0                _gp = (ALIGN (0x10) + 0x7ff0)

.got            0xa0000200        0x0
 *(.got.plt)
 *(.got)
                0xa0000200                . = ALIGN (0x4)

.sdata          0xa0000200        0x4
                0xa0000200                _sdata_begin = .
 *(.sdata .sdata.* .gnu.linkonce.s.*)
 .sdata         0xa0000200        0x4 build/default/debug/_ext/1026174026/port.o
                0xa0000200                uxInterruptNesting
                0xa0000204                . = ALIGN (0x4)
                0xa0000204                _sdata_end = .

.lit8
 *(.lit8)

.lit4
 *(.lit4)
                0xa0000204                . = ALIGN (0x4)
                0xa0000204                _data_end = .
                0xa0000204                _bss_begin = .

.sbss           0xa0000204       0x94
                0xa0000204                _sbss_begin = .
 *(.dynsbss)
 *(.sbss .sbss.* .gnu.linkonce.sb.*)
 .sbss          0xa0000204        0x2 build/default/debug/_ext/606306120/drv_usart_buffer_queue.o
 *fill*         0xa0000206        0x2 
 .sbss          0xa0000208       0x30 build/default/debug/_ext/793396116/tasks.o
                0xa0000208                uxSchedulerSuspended
                0xa000020c                xNextTaskUnblockTime
                0xa0000210                uxTaskNumber
                0xa0000214                xNumOfOverflows
                0xa0000218                xYieldPending
                0xa000021c                uxPendedTicks
                0xa0000220                xSchedulerRunning
                0xa0000224                uxTopReadyPriority
                0xa0000228                xTickCount
                0xa000022c                uxCurrentNumberOfTasks
                0xa0000230                uxTasksDeleted
                0xa0000234                pxCurrentTCB
 .sbss          0xa0000238       0x10 build/default/debug/_ext/793396116/timers.o
 .sbss          0xa0000248        0x8 build/default/debug/_ext/598611465/heap_1.o
 .sbss          0xa0000250        0x4 build/default/debug/_ext/1026174026/port.o
                0xa0000250                uxSavedTaskStackPointer
 .sbss          0xa0000254        0xc build/default/debug/_ext/1688732426/system_exceptions.o
 *(.scommon)
 .scommon       0xa0000260       0x20 build/default/debug/_ext/1360937237/app1.o
                0xa0000260                name_current
                0xa0000264                app1Data
                0xa0000268                my_usart
                0xa000026c                myQueue
                0xa0000270                my_timer
                0xa0000274                iteration_50ms
                0xa0000278                rx
                0xa000027c                name_original
 .scommon       0xa0000280        0x0 build/default/debug/_ext/1360937237/debug.o
 .scommon       0xa0000280        0x0 build/default/debug/_ext/1360937237/callback.o
 .scommon       0xa0000280        0x8 build/default/debug/_ext/1071266765/sys_devcon.o
                0xa0000280                sysDevconObj
 .scommon       0xa0000288        0x8 build/default/debug/_ext/793396116/tasks.o
                0xa0000288                pxDelayedTaskList
                0xa000028c                pxOverflowDelayedTaskList
 .scommon       0xa0000290        0x0 build/default/debug/_ext/639803181/sys_clk_static.o
 .scommon       0xa0000290        0x8 build/default/debug/_ext/1688732426/system_init.o
                0xa0000290                sysObj
 .scommon       0xa0000298        0x0 build/default/debug/_ext/1688732426/system_interrupt.o
 .scommon       0xa0000298        0x0 build/default/debug/_ext/1688732426/system_exceptions.o
 .scommon       0xa0000298        0x0 build/default/debug/_ext/1688732426/system_tasks.o
                0xa0000298                _sbss_end = .
                0xa0000298                . = ALIGN (0x4)

.bss            0xa0000298      0x4a0
 *(.dynbss)
 *(COMMON)
 COMMON         0xa0000298       0xb8 build/default/debug/_ext/606306120/drv_usart.o
                0xa0000298                gDrvUSARTCommonDataObj
                0xa00002a4                gDrvUSARTClientObj
                0xa00002f0                gDrvUSARTObj
 COMMON         0xa0000350      0x320 build/default/debug/_ext/606306120/drv_usart_buffer_queue.o
                0xa0000350                gDrvUSARTBufferObj
 COMMON         0xa0000670       0xc8 build/default/debug/_ext/793396116/tasks.o
                0xa0000670                pxReadyTasksLists
                0xa00006d4                xPendingReadyList
                0xa00006e8                xTasksWaitingTermination
                0xa00006fc                xSuspendedTaskList
                0xa0000710                xDelayedTaskList2
                0xa0000724                xDelayedTaskList1
                0xa0000738                . = ALIGN ((. != 0x0)?0x4:0x1)
                0xa0000738                . = ALIGN (0x4)
                0xa0000738                _end = .
                0xa0000738                _bss_end = .
                0x00020000                _bmxdudba_address = 0x20000
                0x00020000                _bmxdupba_address = 0x20000

/DISCARD/
 *(.pdr)
 *(.rel.dyn)
 *(.note.GNU-stack)
 *(.note.GNU-stack)
 *(.gnu_debuglink)
 *(.gnu.lto_*)
 *(.discard)

.gptab.sdata
 *(.gptab.data)
 *(.gptab.sdata)

.gptab.sbss
 *(.gptab.bss)
 *(.gptab.sbss)

.mdebug.abi32   0xa0000738        0x0
 *(.mdebug.abi32)
 .mdebug.abi32  0xa0000738        0x0 c:/program files (x86)/microchip/xc32/v1.42/bin/bin/../../lib/gcc/pic32mx/4.8.3/../../../../pic32mx/lib\software-debug-break.o
 .mdebug.abi32  0xa0000738        0x0 build/default/debug/_ext/1360937237/app1.o
 .mdebug.abi32  0xa0000738        0x0 build/default/debug/_ext/1360937237/main.o
 .mdebug.abi32  0xa0000738        0x0 build/default/debug/_ext/1360937237/debug.o
 .mdebug.abi32  0xa0000738        0x0 build/default/debug/_ext/1360937237/callback.o
 .mdebug.abi32  0xa0000738        0x0 build/default/debug/_ext/606306120/drv_usart.o
 .mdebug.abi32  0xa0000738        0x0 build/default/debug/_ext/606306120/drv_usart_buffer_queue.o
 .mdebug.abi32  0xa0000738        0x0 build/default/debug/_ext/139468103/osal_freertos.o
 .mdebug.abi32  0xa0000738        0x0 build/default/debug/_ext/1071266765/sys_devcon.o
 .mdebug.abi32  0xa0000738        0x0 build/default/debug/_ext/1071266765/sys_devcon_pic32mx.o
 .mdebug.abi32  0xa0000738        0x0 build/default/debug/_ext/522947079/sys_int_pic32.o
 .mdebug.abi32  0xa0000738        0x0 build/default/debug/_ext/793396116/croutine.o
 .mdebug.abi32  0xa0000738        0x0 build/default/debug/_ext/793396116/list.o
 .mdebug.abi32  0xa0000738        0x0 build/default/debug/_ext/793396116/queue.o
 .mdebug.abi32  0xa0000738        0x0 build/default/debug/_ext/793396116/tasks.o
 .mdebug.abi32  0xa0000738        0x0 build/default/debug/_ext/793396116/timers.o
 .mdebug.abi32  0xa0000738        0x0 build/default/debug/_ext/793396116/event_groups.o
 .mdebug.abi32  0xa0000738        0x0 build/default/debug/_ext/598611465/heap_1.o
 .mdebug.abi32  0xa0000738        0x0 build/default/debug/_ext/1026174026/port.o
 .mdebug.abi32  0xa0000738        0x0 build/default/debug/_ext/639803181/sys_clk_static.o
 .mdebug.abi32  0xa0000738        0x0 build/default/debug/_ext/822048611/sys_ports_static.o
 .mdebug.abi32  0xa0000738        0x0 build/default/debug/_ext/1688732426/system_init.o
 .mdebug.abi32  0xa0000738        0x0 build/default/debug/_ext/1688732426/system_interrupt.o
 .mdebug.abi32  0xa0000738        0x0 build/default/debug/_ext/1688732426/system_exceptions.o
 .mdebug.abi32  0xa0000738        0x0 build/default/debug/_ext/1688732426/system_tasks.o
 .mdebug.abi32  0xa0000738        0x0 build/default/debug/_ext/1688732426/rtos_hooks.o
 .mdebug.abi32  0xa0000738        0x0 c:/program files (x86)/microchip/xc32/v1.42/bin/bin/../../lib/gcc/pic32mx/4.8.3/../../../../pic32mx/lib\libpic32.a(default-bootstrap-exception-handler.o)
 .mdebug.abi32  0xa0000738        0x0 c:/program files (x86)/microchip/xc32/v1.42/bin/bin/../../lib/gcc/pic32mx/4.8.3/../../../../pic32mx/lib\libpic32.a(default-on-reset.o)
 .mdebug.abi32  0xa0000738        0x0 c:/program files (x86)/microchip/xc32/v1.42/bin/bin/../../lib/gcc/pic32mx/4.8.3/../../../../pic32mx/lib\libpic32.a(default-on-bootstrap.o)
 .mdebug.abi32  0xa0000738        0x0 c:/program files (x86)/microchip/xc32/v1.42/bin/bin/../../lib/gcc/pic32mx/4.8.3/../../../../pic32mx/lib\libpic32.a(defaultinterrupt.o)

.mdebug.abiN32
 *(.mdebug.abiN32)

.mdebug.abi64
 *(.mdebug.abi64)

.mdebug.abiO64
 *(.mdebug.abiO64)

.mdebug.eabi32
 *(.mdebug.eabi32)

.mdebug.eabi64
 *(.mdebug.eabi64)

.gcc_compiled_long32
 *(.gcc_compiled_long32)

.gcc_compiled_long64
 *(.gcc_compiled_long64)

.stab
 *(.stab)

.stabstr
 *(.stabstr)

.stab.excl
 *(.stab.excl)

.stab.exclstr
 *(.stab.exclstr)

.stab.index
 *(.stab.index)

.stab.indexstr
 *(.stab.indexstr)

.comment        0x00000000       0x54
 *(.comment)
 .comment       0x00000000       0x3c c:/program files (x86)/microchip/xc32/v1.42/bin/bin/../../lib/gcc/pic32mx/4.8.3/../../../../pic32mx/lib\software-debug-break.o
                                 0x3d (size before relaxing)
 .comment       0x00000000       0x3d build/default/debug/_ext/1360937237/app1.o
 .comment       0x00000000       0x3d build/default/debug/_ext/1360937237/main.o
 .comment       0x00000000       0x3d build/default/debug/_ext/1360937237/debug.o
 .comment       0x00000000       0x3d build/default/debug/_ext/1360937237/callback.o
 .comment       0x00000000       0x3d build/default/debug/_ext/606306120/drv_usart.o
 .comment       0x00000000       0x3d build/default/debug/_ext/606306120/drv_usart_buffer_queue.o
 .comment       0x00000000       0x3d build/default/debug/_ext/139468103/osal_freertos.o
 .comment       0x00000000       0x3d build/default/debug/_ext/1071266765/sys_devcon.o
 .comment       0x00000000       0x3d build/default/debug/_ext/1071266765/sys_devcon_pic32mx.o
 .comment       0x00000000       0x3d build/default/debug/_ext/522947079/sys_int_pic32.o
 .comment       0x00000000       0x3d build/default/debug/_ext/793396116/croutine.o
 .comment       0x00000000       0x3d build/default/debug/_ext/793396116/list.o
 .comment       0x00000000       0x3d build/default/debug/_ext/793396116/queue.o
 .comment       0x00000000       0x3d build/default/debug/_ext/793396116/tasks.o
 .comment       0x00000000       0x3d build/default/debug/_ext/793396116/timers.o
 .comment       0x00000000       0x3d build/default/debug/_ext/793396116/event_groups.o
 .comment       0x00000000       0x3d build/default/debug/_ext/598611465/heap_1.o
 .comment       0x00000000       0x3d build/default/debug/_ext/1026174026/port.o
 .comment       0x00000000       0x3d build/default/debug/_ext/639803181/sys_clk_static.o
 .comment       0x00000000       0x3d build/default/debug/_ext/822048611/sys_ports_static.o
 .comment       0x00000000       0x3d build/default/debug/_ext/1688732426/system_init.o
 .comment       0x00000000       0x3d build/default/debug/_ext/1688732426/system_interrupt.o
 .comment       0x00000000       0x3d build/default/debug/_ext/1688732426/system_exceptions.o
 .comment       0x00000000       0x3d build/default/debug/_ext/1688732426/system_tasks.o
 .comment       0x00000000       0x3d build/default/debug/_ext/1688732426/rtos_hooks.o
 .comment       0x0000003c       0x18 c:/program files (x86)/microchip/xc32/v1.42/bin/bin/../../lib/gcc/pic32mx/4.8.3/../../../../pic32mx/lib\libpic32.a(memset.o)
                                 0x19 (size before relaxing)
 .comment       0x00000000       0x3d c:/program files (x86)/microchip/xc32/v1.42/bin/bin/../../lib/gcc/pic32mx/4.8.3/../../../../pic32mx/lib\libpic32.a(default-bootstrap-exception-handler.o)
 .comment       0x00000000       0x3d c:/program files (x86)/microchip/xc32/v1.42/bin/bin/../../lib/gcc/pic32mx/4.8.3/../../../../pic32mx/lib\libpic32.a(default-on-reset.o)
 .comment       0x00000000       0x3d c:/program files (x86)/microchip/xc32/v1.42/bin/bin/../../lib/gcc/pic32mx/4.8.3/../../../../pic32mx/lib\libpic32.a(default-on-bootstrap.o)
 .comment       0x00000000       0x3d c:/program files (x86)/microchip/xc32/v1.42/bin/bin/../../lib/gcc/pic32mx/4.8.3/../../../../pic32mx/lib\libpic32.a(defaultinterrupt.o)

.debug
 *(.debug)

.line
 *(.line)

.debug_srcinfo
 *(.debug_srcinfo)

.debug_sfnames
 *(.debug_sfnames)

.debug_aranges  0x00000000      0xa48
 *(.debug_aranges)
 .debug_aranges
                0x00000000       0x20 c:/program files (x86)/microchip/xc32/v1.42/bin/bin/../../lib/gcc/pic32mx/4.8.3/../../../../pic32mx/lib\software-debug-break.o
 .debug_aranges
                0x00000020       0x40 build/default/debug/_ext/1360937237/app1.o
 .debug_aranges
                0x00000060       0x20 build/default/debug/_ext/1360937237/main.o
 .debug_aranges
                0x00000080       0x30 build/default/debug/_ext/1360937237/debug.o
 .debug_aranges
                0x000000b0       0x28 build/default/debug/_ext/1360937237/callback.o
 .debug_aranges
                0x000000d8       0xd8 build/default/debug/_ext/606306120/drv_usart.o
 .debug_aranges
                0x000001b0       0x40 build/default/debug/_ext/606306120/drv_usart_buffer_queue.o
 .debug_aranges
                0x000001f0       0x88 build/default/debug/_ext/139468103/osal_freertos.o
 .debug_aranges
                0x00000278       0x78 build/default/debug/_ext/1071266765/sys_devcon.o
 .debug_aranges
                0x000002f0       0x20 build/default/debug/_ext/1071266765/sys_devcon_pic32mx.o
 .debug_aranges
                0x00000310       0x48 build/default/debug/_ext/522947079/sys_int_pic32.o
 .debug_aranges
                0x00000358       0x18 build/default/debug/_ext/793396116/croutine.o
 .debug_aranges
                0x00000370       0x40 build/default/debug/_ext/793396116/list.o
 .debug_aranges
                0x000003b0       0xb8 build/default/debug/_ext/793396116/queue.o
 .debug_aranges
                0x00000468      0x1a8 build/default/debug/_ext/793396116/tasks.o
 .debug_aranges
                0x00000610       0x70 build/default/debug/_ext/793396116/timers.o
 .debug_aranges
                0x00000680       0x60 build/default/debug/_ext/793396116/event_groups.o
 .debug_aranges
                0x000006e0       0x38 build/default/debug/_ext/598611465/heap_1.o
 .debug_aranges
                0x00000718       0x58 build/default/debug/_ext/1026174026/port.o
 .debug_aranges
                0x00000770       0x20 build/default/debug/_ext/1026174026/port_asm.o
 .debug_aranges
                0x00000790       0x50 build/default/debug/_ext/639803181/sys_clk_static.o
 .debug_aranges
                0x000007e0      0x108 build/default/debug/_ext/822048611/sys_ports_static.o
 .debug_aranges
                0x000008e8       0x20 build/default/debug/_ext/1688732426/system_init.o
 .debug_aranges
                0x00000908       0x20 build/default/debug/_ext/1688732426/system_interrupt.o
 .debug_aranges
                0x00000928       0x20 build/default/debug/_ext/1688732426/system_exceptions.o
 .debug_aranges
                0x00000948       0x30 build/default/debug/_ext/1688732426/system_tasks.o
 .debug_aranges
                0x00000978       0x28 build/default/debug/_ext/1688732426/system_interrupt_a.o
 .debug_aranges
                0x000009a0       0x28 build/default/debug/_ext/1688732426/rtos_hooks.o
 .debug_aranges
                0x000009c8       0x20 c:/program files (x86)/microchip/xc32/v1.42/bin/bin/../../lib/gcc/pic32mx/4.8.3/../../../../pic32mx/lib\libpic32.a(default-bootstrap-exception-handler.o)
 .debug_aranges
                0x000009e8       0x20 c:/program files (x86)/microchip/xc32/v1.42/bin/bin/../../lib/gcc/pic32mx/4.8.3/../../../../pic32mx/lib\libpic32.a(default-on-reset.o)
 .debug_aranges
                0x00000a08       0x20 c:/program files (x86)/microchip/xc32/v1.42/bin/bin/../../lib/gcc/pic32mx/4.8.3/../../../../pic32mx/lib\libpic32.a(default-on-bootstrap.o)
 .debug_aranges
                0x00000a28       0x20 c:/program files (x86)/microchip/xc32/v1.42/bin/bin/../../lib/gcc/pic32mx/4.8.3/../../../../pic32mx/lib\libpic32.a(defaultinterrupt.o)

.debug_pubnames
 *(.debug_pubnames)

.debug_info     0x00000000    0x241fb
 *(.debug_info .gnu.linkonce.wi.*)
 .debug_info    0x00000000       0xe5 c:/program files (x86)/microchip/xc32/v1.42/bin/bin/../../lib/gcc/pic32mx/4.8.3/../../../../pic32mx/lib\software-debug-break.o
 .debug_info    0x000000e5     0x18c5 build/default/debug/_ext/1360937237/app1.o
 .debug_info    0x000019aa      0x1bc build/default/debug/_ext/1360937237/main.o
 .debug_info    0x00001b66      0xfbd build/default/debug/_ext/1360937237/debug.o
 .debug_info    0x00002b23      0xb6b build/default/debug/_ext/1360937237/callback.o
 .debug_info    0x0000368e     0x7489 build/default/debug/_ext/606306120/drv_usart.o
 .debug_info    0x0000ab17     0x2d87 build/default/debug/_ext/606306120/drv_usart_buffer_queue.o
 .debug_info    0x0000d89e      0xac8 build/default/debug/_ext/139468103/osal_freertos.o
 .debug_info    0x0000e366     0x117d build/default/debug/_ext/1071266765/sys_devcon.o
 .debug_info    0x0000f4e3      0xd61 build/default/debug/_ext/1071266765/sys_devcon_pic32mx.o
 .debug_info    0x00010244     0x15d0 build/default/debug/_ext/522947079/sys_int_pic32.o
 .debug_info    0x00011814      0x18f build/default/debug/_ext/793396116/croutine.o
 .debug_info    0x000119a3      0x484 build/default/debug/_ext/793396116/list.o
 .debug_info    0x00011e27     0x1872 build/default/debug/_ext/793396116/queue.o
 .debug_info    0x00013699     0x2a6b build/default/debug/_ext/793396116/tasks.o
 .debug_info    0x00016104     0x1529 build/default/debug/_ext/793396116/timers.o
 .debug_info    0x0001762d      0xd73 build/default/debug/_ext/793396116/event_groups.o
 .debug_info    0x000183a0      0x39a build/default/debug/_ext/598611465/heap_1.o
 .debug_info    0x0001873a     0x11cc build/default/debug/_ext/1026174026/port.o
 .debug_info    0x00019906       0xdd build/default/debug/_ext/1026174026/port_asm.o
 .debug_info    0x000199e3     0x180b build/default/debug/_ext/639803181/sys_clk_static.o
 .debug_info    0x0001b1ee     0x3aef build/default/debug/_ext/822048611/sys_ports_static.o
 .debug_info    0x0001ecdd     0x2902 build/default/debug/_ext/1688732426/system_init.o
 .debug_info    0x000215df      0xc26 build/default/debug/_ext/1688732426/system_interrupt.o
 .debug_info    0x00022205      0xb68 build/default/debug/_ext/1688732426/system_exceptions.o
 .debug_info    0x00022d6d      0xe20 build/default/debug/_ext/1688732426/system_tasks.o
 .debug_info    0x00023b8d       0x98 build/default/debug/_ext/1688732426/system_interrupt_a.o
 .debug_info    0x00023c25      0x252 build/default/debug/_ext/1688732426/rtos_hooks.o
 .debug_info    0x00023e77       0xf5 c:/program files (x86)/microchip/xc32/v1.42/bin/bin/../../lib/gcc/pic32mx/4.8.3/../../../../pic32mx/lib\libpic32.a(default-bootstrap-exception-handler.o)
 .debug_info    0x00023f6c       0xcf c:/program files (x86)/microchip/xc32/v1.42/bin/bin/../../lib/gcc/pic32mx/4.8.3/../../../../pic32mx/lib\libpic32.a(default-on-reset.o)
 .debug_info    0x0002403b       0xd7 c:/program files (x86)/microchip/xc32/v1.42/bin/bin/../../lib/gcc/pic32mx/4.8.3/../../../../pic32mx/lib\libpic32.a(default-on-bootstrap.o)
 .debug_info    0x00024112       0xe9 c:/program files (x86)/microchip/xc32/v1.42/bin/bin/../../lib/gcc/pic32mx/4.8.3/../../../../pic32mx/lib\libpic32.a(defaultinterrupt.o)

.debug_abbrev   0x00000000     0x33a7
 *(.debug_abbrev)
 .debug_abbrev  0x00000000       0x28 c:/program files (x86)/microchip/xc32/v1.42/bin/bin/../../lib/gcc/pic32mx/4.8.3/../../../../pic32mx/lib\software-debug-break.o
 .debug_abbrev  0x00000028      0x2bd build/default/debug/_ext/1360937237/app1.o
 .debug_abbrev  0x000002e5       0x93 build/default/debug/_ext/1360937237/main.o
 .debug_abbrev  0x00000378      0x1ad build/default/debug/_ext/1360937237/debug.o
 .debug_abbrev  0x00000525      0x120 build/default/debug/_ext/1360937237/callback.o
 .debug_abbrev  0x00000645      0x471 build/default/debug/_ext/606306120/drv_usart.o
 .debug_abbrev  0x00000ab6      0x3b9 build/default/debug/_ext/606306120/drv_usart_buffer_queue.o
 .debug_abbrev  0x00000e6f      0x1fe build/default/debug/_ext/139468103/osal_freertos.o
 .debug_abbrev  0x0000106d      0x2a1 build/default/debug/_ext/1071266765/sys_devcon.o
 .debug_abbrev  0x0000130e      0x16d build/default/debug/_ext/1071266765/sys_devcon_pic32mx.o
 .debug_abbrev  0x0000147b      0x1ea build/default/debug/_ext/522947079/sys_int_pic32.o
 .debug_abbrev  0x00001665       0x1b build/default/debug/_ext/793396116/croutine.o
 .debug_abbrev  0x00001680       0xf1 build/default/debug/_ext/793396116/list.o
 .debug_abbrev  0x00001771      0x2e0 build/default/debug/_ext/793396116/queue.o
 .debug_abbrev  0x00001a51      0x2e1 build/default/debug/_ext/793396116/tasks.o
 .debug_abbrev  0x00001d32      0x35d build/default/debug/_ext/793396116/timers.o
 .debug_abbrev  0x0000208f      0x29a build/default/debug/_ext/793396116/event_groups.o
 .debug_abbrev  0x00002329      0x13f build/default/debug/_ext/598611465/heap_1.o
 .debug_abbrev  0x00002468      0x2cf build/default/debug/_ext/1026174026/port.o
 .debug_abbrev  0x00002737       0x14 build/default/debug/_ext/1026174026/port_asm.o
 .debug_abbrev  0x0000274b      0x29e build/default/debug/_ext/639803181/sys_clk_static.o
 .debug_abbrev  0x000029e9      0x222 build/default/debug/_ext/822048611/sys_ports_static.o
 .debug_abbrev  0x00002c0b      0x2bd build/default/debug/_ext/1688732426/system_init.o
 .debug_abbrev  0x00002ec8      0x133 build/default/debug/_ext/1688732426/system_interrupt.o
 .debug_abbrev  0x00002ffb       0xe6 build/default/debug/_ext/1688732426/system_exceptions.o
 .debug_abbrev  0x000030e1      0x17d build/default/debug/_ext/1688732426/system_tasks.o
 .debug_abbrev  0x0000325e       0x12 build/default/debug/_ext/1688732426/system_interrupt_a.o
 .debug_abbrev  0x00003270       0x97 build/default/debug/_ext/1688732426/rtos_hooks.o
 .debug_abbrev  0x00003307       0x28 c:/program files (x86)/microchip/xc32/v1.42/bin/bin/../../lib/gcc/pic32mx/4.8.3/../../../../pic32mx/lib\libpic32.a(default-bootstrap-exception-handler.o)
 .debug_abbrev  0x0000332f       0x28 c:/program files (x86)/microchip/xc32/v1.42/bin/bin/../../lib/gcc/pic32mx/4.8.3/../../../../pic32mx/lib\libpic32.a(default-on-reset.o)
 .debug_abbrev  0x00003357       0x28 c:/program files (x86)/microchip/xc32/v1.42/bin/bin/../../lib/gcc/pic32mx/4.8.3/../../../../pic32mx/lib\libpic32.a(default-on-bootstrap.o)
 .debug_abbrev  0x0000337f       0x28 c:/program files (x86)/microchip/xc32/v1.42/bin/bin/../../lib/gcc/pic32mx/4.8.3/../../../../pic32mx/lib\libpic32.a(defaultinterrupt.o)

.debug_line     0x00000000     0x7728
 *(.debug_line)
 .debug_line    0x00000000       0x9c c:/program files (x86)/microchip/xc32/v1.42/bin/bin/../../lib/gcc/pic32mx/4.8.3/../../../../pic32mx/lib\software-debug-break.o
 .debug_line    0x0000009c      0x588 build/default/debug/_ext/1360937237/app1.o
 .debug_line    0x00000624       0xb7 build/default/debug/_ext/1360937237/main.o
 .debug_line    0x000006db      0x3c4 build/default/debug/_ext/1360937237/debug.o
 .debug_line    0x00000a9f      0x251 build/default/debug/_ext/1360937237/callback.o
 .debug_line    0x00000cf0     0x1510 build/default/debug/_ext/606306120/drv_usart.o
 .debug_line    0x00002200      0x875 build/default/debug/_ext/606306120/drv_usart_buffer_queue.o
 .debug_line    0x00002a75      0x2c4 build/default/debug/_ext/139468103/osal_freertos.o
 .debug_line    0x00002d39      0x5e7 build/default/debug/_ext/1071266765/sys_devcon.o
 .debug_line    0x00003320      0x48f build/default/debug/_ext/1071266765/sys_devcon_pic32mx.o
 .debug_line    0x000037af      0x39e build/default/debug/_ext/522947079/sys_int_pic32.o
 .debug_line    0x00003b4d       0x1d build/default/debug/_ext/793396116/croutine.o
 .debug_line    0x00003b6a      0x1e5 build/default/debug/_ext/793396116/list.o
 .debug_line    0x00003d4f      0x4a9 build/default/debug/_ext/793396116/queue.o
 .debug_line    0x000041f8      0x86e build/default/debug/_ext/793396116/tasks.o
 .debug_line    0x00004a66      0x39e build/default/debug/_ext/793396116/timers.o
 .debug_line    0x00004e04      0x32a build/default/debug/_ext/793396116/event_groups.o
 .debug_line    0x0000512e      0x220 build/default/debug/_ext/598611465/heap_1.o
 .debug_line    0x0000534e      0x240 build/default/debug/_ext/1026174026/port.o
 .debug_line    0x0000558e      0x126 build/default/debug/_ext/1026174026/port_asm.o
 .debug_line    0x000056b4      0x557 build/default/debug/_ext/639803181/sys_clk_static.o
 .debug_line    0x00005c0b      0x78f build/default/debug/_ext/822048611/sys_ports_static.o
 .debug_line    0x0000639a      0x5ee build/default/debug/_ext/1688732426/system_init.o
 .debug_line    0x00006988      0x328 build/default/debug/_ext/1688732426/system_interrupt.o
 .debug_line    0x00006cb0      0x27c build/default/debug/_ext/1688732426/system_exceptions.o
 .debug_line    0x00006f2c      0x3bd build/default/debug/_ext/1688732426/system_tasks.o
 .debug_line    0x000072e9       0x7c build/default/debug/_ext/1688732426/system_interrupt_a.o
 .debug_line    0x00007365      0x142 build/default/debug/_ext/1688732426/rtos_hooks.o
 .debug_line    0x000074a7       0xa9 c:/program files (x86)/microchip/xc32/v1.42/bin/bin/../../lib/gcc/pic32mx/4.8.3/../../../../pic32mx/lib\libpic32.a(default-bootstrap-exception-handler.o)
 .debug_line    0x00007550       0x96 c:/program files (x86)/microchip/xc32/v1.42/bin/bin/../../lib/gcc/pic32mx/4.8.3/../../../../pic32mx/lib\libpic32.a(default-on-reset.o)
 .debug_line    0x000075e6       0x9a c:/program files (x86)/microchip/xc32/v1.42/bin/bin/../../lib/gcc/pic32mx/4.8.3/../../../../pic32mx/lib\libpic32.a(default-on-bootstrap.o)
 .debug_line    0x00007680       0xa8 c:/program files (x86)/microchip/xc32/v1.42/bin/bin/../../lib/gcc/pic32mx/4.8.3/../../../../pic32mx/lib\libpic32.a(defaultinterrupt.o)

.debug_frame    0x00000000     0x1634
 *(.debug_frame)
 .debug_frame   0x00000000       0x20 c:/program files (x86)/microchip/xc32/v1.42/bin/bin/../../lib/gcc/pic32mx/4.8.3/../../../../pic32mx/lib\software-debug-break.o
 .debug_frame   0x00000020       0x80 build/default/debug/_ext/1360937237/app1.o
 .debug_frame   0x000000a0       0x28 build/default/debug/_ext/1360937237/main.o
 .debug_frame   0x000000c8       0x40 build/default/debug/_ext/1360937237/debug.o
 .debug_frame   0x00000108       0x38 build/default/debug/_ext/1360937237/callback.o
 .debug_frame   0x00000140      0x26c build/default/debug/_ext/606306120/drv_usart.o
 .debug_frame   0x000003ac       0x90 build/default/debug/_ext/606306120/drv_usart_buffer_queue.o
 .debug_frame   0x0000043c      0x150 build/default/debug/_ext/139468103/osal_freertos.o
 .debug_frame   0x0000058c       0xe8 build/default/debug/_ext/1071266765/sys_devcon.o
 .debug_frame   0x00000674       0x28 build/default/debug/_ext/1071266765/sys_devcon_pic32mx.o
 .debug_frame   0x0000069c       0x90 build/default/debug/_ext/522947079/sys_int_pic32.o
 .debug_frame   0x0000072c       0x60 build/default/debug/_ext/793396116/list.o
 .debug_frame   0x0000078c      0x230 build/default/debug/_ext/793396116/queue.o
 .debug_frame   0x000009bc      0x4f4 build/default/debug/_ext/793396116/tasks.o
 .debug_frame   0x00000eb0      0x134 build/default/debug/_ext/793396116/timers.o
 .debug_frame   0x00000fe4      0x108 build/default/debug/_ext/793396116/event_groups.o
 .debug_frame   0x000010ec       0x5c build/default/debug/_ext/598611465/heap_1.o
 .debug_frame   0x00001148       0xc0 build/default/debug/_ext/1026174026/port.o
 .debug_frame   0x00001208       0xa0 build/default/debug/_ext/639803181/sys_clk_static.o
 .debug_frame   0x000012a8      0x1f0 build/default/debug/_ext/822048611/sys_ports_static.o
 .debug_frame   0x00001498       0x28 build/default/debug/_ext/1688732426/system_init.o
 .debug_frame   0x000014c0       0x28 build/default/debug/_ext/1688732426/system_interrupt.o
 .debug_frame   0x000014e8       0x28 build/default/debug/_ext/1688732426/system_exceptions.o
 .debug_frame   0x00001510       0x58 build/default/debug/_ext/1688732426/system_tasks.o
 .debug_frame   0x00001568       0x40 build/default/debug/_ext/1688732426/rtos_hooks.o
 .debug_frame   0x000015a8       0x2c c:/program files (x86)/microchip/xc32/v1.42/bin/bin/../../lib/gcc/pic32mx/4.8.3/../../../../pic32mx/lib\libpic32.a(default-bootstrap-exception-handler.o)
 .debug_frame   0x000015d4       0x20 c:/program files (x86)/microchip/xc32/v1.42/bin/bin/../../lib/gcc/pic32mx/4.8.3/../../../../pic32mx/lib\libpic32.a(default-on-reset.o)
 .debug_frame   0x000015f4       0x20 c:/program files (x86)/microchip/xc32/v1.42/bin/bin/../../lib/gcc/pic32mx/4.8.3/../../../../pic32mx/lib\libpic32.a(default-on-bootstrap.o)
 .debug_frame   0x00001614       0x20 c:/program files (x86)/microchip/xc32/v1.42/bin/bin/../../lib/gcc/pic32mx/4.8.3/../../../../pic32mx/lib\libpic32.a(defaultinterrupt.o)

.debug_str      0x00000000      0x833
 *(.debug_str)
 .debug_str     0x00000000        0x0 c:/program files (x86)/microchip/xc32/v1.42/bin/bin/../../lib/gcc/pic32mx/4.8.3/../../../../pic32mx/lib\software-debug-break.o
 .debug_str     0x00000000       0x15 build/default/debug/_ext/1360937237/app1.o
 .debug_str     0x00000015        0x0 build/default/debug/_ext/1360937237/main.o
 .debug_str     0x00000015       0x19 build/default/debug/_ext/1360937237/debug.o
 .debug_str     0x0000002e        0x0 build/default/debug/_ext/1360937237/callback.o
 .debug_str     0x0000002e      0x195 build/default/debug/_ext/606306120/drv_usart.o
 .debug_str     0x000001c3       0x74 build/default/debug/_ext/606306120/drv_usart_buffer_queue.o
 .debug_str     0x00000237       0x40 build/default/debug/_ext/139468103/osal_freertos.o
 .debug_str     0x00000277       0x16 build/default/debug/_ext/1071266765/sys_devcon.o
 .debug_str     0x0000028d        0x6 build/default/debug/_ext/1071266765/sys_devcon_pic32mx.o
 .debug_str     0x00000293       0x2d build/default/debug/_ext/522947079/sys_int_pic32.o
 .debug_str     0x000002c0        0x0 build/default/debug/_ext/793396116/croutine.o
 .debug_str     0x000002c0       0x2b build/default/debug/_ext/793396116/list.o
 .debug_str     0x000002eb       0xf1 build/default/debug/_ext/793396116/queue.o
 .debug_str     0x000003dc      0x191 build/default/debug/_ext/793396116/tasks.o
 .debug_str     0x0000056d       0xbf build/default/debug/_ext/793396116/timers.o
 .debug_str     0x0000062c       0xe6 build/default/debug/_ext/793396116/event_groups.o
 .debug_str     0x00000712       0x1d build/default/debug/_ext/598611465/heap_1.o
 .debug_str     0x0000072f       0x37 build/default/debug/_ext/1026174026/port.o
 .debug_str     0x00000766       0x39 build/default/debug/_ext/639803181/sys_clk_static.o
 .debug_str     0x0000079f       0x55 build/default/debug/_ext/822048611/sys_ports_static.o
 .debug_str     0x000007f4       0x36 build/default/debug/_ext/1688732426/system_init.o
 .debug_str     0x0000082a        0x0 build/default/debug/_ext/1688732426/system_interrupt.o
 .debug_str     0x0000082a        0x0 build/default/debug/_ext/1688732426/system_exceptions.o
 .debug_str     0x0000082a        0x0 build/default/debug/_ext/1688732426/system_tasks.o
 .debug_str     0x0000082a        0x9 build/default/debug/_ext/1688732426/rtos_hooks.o
 .debug_str     0x00000833        0x0 c:/program files (x86)/microchip/xc32/v1.42/bin/bin/../../lib/gcc/pic32mx/4.8.3/../../../../pic32mx/lib\libpic32.a(default-bootstrap-exception-handler.o)
 .debug_str     0x00000833        0x0 c:/program files (x86)/microchip/xc32/v1.42/bin/bin/../../lib/gcc/pic32mx/4.8.3/../../../../pic32mx/lib\libpic32.a(default-on-reset.o)
 .debug_str     0x00000833        0x0 c:/program files (x86)/microchip/xc32/v1.42/bin/bin/../../lib/gcc/pic32mx/4.8.3/../../../../pic32mx/lib\libpic32.a(default-on-bootstrap.o)
 .debug_str     0x00000833        0x0 c:/program files (x86)/microchip/xc32/v1.42/bin/bin/../../lib/gcc/pic32mx/4.8.3/../../../../pic32mx/lib\libpic32.a(defaultinterrupt.o)

.debug_loc      0x00000000     0xbe9e
 *(.debug_loc)
 .debug_loc     0x00000000      0x119 build/default/debug/_ext/1360937237/app1.o
 .debug_loc     0x00000119       0x20 build/default/debug/_ext/1360937237/main.o
 .debug_loc     0x00000139       0x41 build/default/debug/_ext/1360937237/callback.o
 .debug_loc     0x0000017a     0x57b2 build/default/debug/_ext/606306120/drv_usart.o
 .debug_loc     0x0000592c      0xc93 build/default/debug/_ext/606306120/drv_usart_buffer_queue.o
 .debug_loc     0x000065bf      0x58c build/default/debug/_ext/139468103/osal_freertos.o
 .debug_loc     0x00006b4b      0x150 build/default/debug/_ext/1071266765/sys_devcon.o
 .debug_loc     0x00006c9b      0x10c build/default/debug/_ext/1071266765/sys_devcon_pic32mx.o
 .debug_loc     0x00006da7      0x10d build/default/debug/_ext/522947079/sys_int_pic32.o
 .debug_loc     0x00006eb4       0x31 build/default/debug/_ext/793396116/list.o
 .debug_loc     0x00006ee5      0xf6c build/default/debug/_ext/793396116/queue.o
 .debug_loc     0x00007e51     0x1a39 build/default/debug/_ext/793396116/tasks.o
 .debug_loc     0x0000988a      0x912 build/default/debug/_ext/793396116/timers.o
 .debug_loc     0x0000a19c      0xa0a build/default/debug/_ext/793396116/event_groups.o
 .debug_loc     0x0000aba6       0x69 build/default/debug/_ext/598611465/heap_1.o
 .debug_loc     0x0000ac0f      0x1aa build/default/debug/_ext/1026174026/port.o
 .debug_loc     0x0000adb9       0xc1 build/default/debug/_ext/639803181/sys_clk_static.o
 .debug_loc     0x0000ae7a      0xecf build/default/debug/_ext/822048611/sys_ports_static.o
 .debug_loc     0x0000bd49       0x41 build/default/debug/_ext/1688732426/system_init.o
 .debug_loc     0x0000bd8a       0x20 build/default/debug/_ext/1688732426/system_interrupt.o
 .debug_loc     0x0000bdaa       0x20 build/default/debug/_ext/1688732426/system_exceptions.o
 .debug_loc     0x0000bdca       0x60 build/default/debug/_ext/1688732426/system_tasks.o
 .debug_loc     0x0000be2a       0x74 build/default/debug/_ext/1688732426/rtos_hooks.o

.debug_macinfo
 *(.debug_macinfo)

.debug_weaknames
 *(.debug_weaknames)

.debug_funcnames
 *(.debug_funcnames)

.debug_typenames
 *(.debug_typenames)

.debug_varnames
 *(.debug_varnames)

.debug_pubtypes
 *(.debug_pubtypes)

.debug_ranges   0x00000000     0x18a8
 *(.debug_ranges)
 .debug_ranges  0x00000000       0x10 c:/program files (x86)/microchip/xc32/v1.42/bin/bin/../../lib/gcc/pic32mx/4.8.3/../../../../pic32mx/lib\software-debug-break.o
 .debug_ranges  0x00000010       0x30 build/default/debug/_ext/1360937237/app1.o
 .debug_ranges  0x00000040       0x10 build/default/debug/_ext/1360937237/main.o
 .debug_ranges  0x00000050       0x20 build/default/debug/_ext/1360937237/debug.o
 .debug_ranges  0x00000070       0x18 build/default/debug/_ext/1360937237/callback.o
 .debug_ranges  0x00000088      0xee0 build/default/debug/_ext/606306120/drv_usart.o
 .debug_ranges  0x00000f68      0x168 build/default/debug/_ext/606306120/drv_usart_buffer_queue.o
 .debug_ranges  0x000010d0       0x78 build/default/debug/_ext/139468103/osal_freertos.o
 .debug_ranges  0x00001148       0x68 build/default/debug/_ext/1071266765/sys_devcon.o
 .debug_ranges  0x000011b0       0x10 build/default/debug/_ext/1071266765/sys_devcon_pic32mx.o
 .debug_ranges  0x000011c0       0x50 build/default/debug/_ext/522947079/sys_int_pic32.o
 .debug_ranges  0x00001210       0x30 build/default/debug/_ext/793396116/list.o
 .debug_ranges  0x00001240       0xa8 build/default/debug/_ext/793396116/queue.o
 .debug_ranges  0x000012e8      0x1b0 build/default/debug/_ext/793396116/tasks.o
 .debug_ranges  0x00001498      0x108 build/default/debug/_ext/793396116/timers.o
 .debug_ranges  0x000015a0       0x98 build/default/debug/_ext/793396116/event_groups.o
 .debug_ranges  0x00001638       0x28 build/default/debug/_ext/598611465/heap_1.o
 .debug_ranges  0x00001660       0x48 build/default/debug/_ext/1026174026/port.o
 .debug_ranges  0x000016a8       0x40 build/default/debug/_ext/639803181/sys_clk_static.o
 .debug_ranges  0x000016e8       0xf8 build/default/debug/_ext/822048611/sys_ports_static.o
 .debug_ranges  0x000017e0       0x10 build/default/debug/_ext/1688732426/system_init.o
 .debug_ranges  0x000017f0       0x10 build/default/debug/_ext/1688732426/system_interrupt.o
 .debug_ranges  0x00001800       0x10 build/default/debug/_ext/1688732426/system_exceptions.o
 .debug_ranges  0x00001810       0x20 build/default/debug/_ext/1688732426/system_tasks.o
 .debug_ranges  0x00001830       0x20 build/default/debug/_ext/1688732426/system_interrupt_a.o
 .debug_ranges  0x00001850       0x18 build/default/debug/_ext/1688732426/rtos_hooks.o
 .debug_ranges  0x00001868       0x10 c:/program files (x86)/microchip/xc32/v1.42/bin/bin/../../lib/gcc/pic32mx/4.8.3/../../../../pic32mx/lib\libpic32.a(default-bootstrap-exception-handler.o)
 .debug_ranges  0x00001878       0x10 c:/program files (x86)/microchip/xc32/v1.42/bin/bin/../../lib/gcc/pic32mx/4.8.3/../../../../pic32mx/lib\libpic32.a(default-on-reset.o)
 .debug_ranges  0x00001888       0x10 c:/program files (x86)/microchip/xc32/v1.42/bin/bin/../../lib/gcc/pic32mx/4.8.3/../../../../pic32mx/lib\libpic32.a(default-on-bootstrap.o)
 .debug_ranges  0x00001898       0x10 c:/program files (x86)/microchip/xc32/v1.42/bin/bin/../../lib/gcc/pic32mx/4.8.3/../../../../pic32mx/lib\libpic32.a(defaultinterrupt.o)

.gnu.attributes
                0x00000000       0x10
 *(.gnu.attributes)
 .gnu.attributes
                0x00000000       0x10 c:/program files (x86)/microchip/xc32/v1.42/bin/bin/../../lib/gcc/pic32mx/4.8.3/../../../../pic32mx/lib\software-debug-break.o
 .gnu.attributes
                0x00000010       0x10 build/default/debug/_ext/1360937237/app1.o
 .gnu.attributes
                0x00000020       0x10 build/default/debug/_ext/1360937237/main.o
 .gnu.attributes
                0x00000030       0x10 build/default/debug/_ext/1360937237/debug.o
 .gnu.attributes
                0x00000040       0x10 build/default/debug/_ext/1360937237/callback.o
 .gnu.attributes
                0x00000050       0x10 build/default/debug/_ext/606306120/drv_usart.o
 .gnu.attributes
                0x00000060       0x10 build/default/debug/_ext/606306120/drv_usart_buffer_queue.o
 .gnu.attributes
                0x00000070       0x10 build/default/debug/_ext/139468103/osal_freertos.o
 .gnu.attributes
                0x00000080       0x10 build/default/debug/_ext/1071266765/sys_devcon.o
 .gnu.attributes
                0x00000090       0x10 build/default/debug/_ext/1071266765/sys_devcon_pic32mx.o
 .gnu.attributes
                0x000000a0       0x10 build/default/debug/_ext/522947079/sys_int_pic32.o
 .gnu.attributes
                0x000000b0       0x10 build/default/debug/_ext/793396116/croutine.o
 .gnu.attributes
                0x000000c0       0x10 build/default/debug/_ext/793396116/list.o
 .gnu.attributes
                0x000000d0       0x10 build/default/debug/_ext/793396116/queue.o
 .gnu.attributes
                0x000000e0       0x10 build/default/debug/_ext/793396116/tasks.o
 .gnu.attributes
                0x000000f0       0x10 build/default/debug/_ext/793396116/timers.o
 .gnu.attributes
                0x00000100       0x10 build/default/debug/_ext/793396116/event_groups.o
 .gnu.attributes
                0x00000110       0x10 build/default/debug/_ext/598611465/heap_1.o
 .gnu.attributes
                0x00000120       0x10 build/default/debug/_ext/1026174026/port.o
 .gnu.attributes
                0x00000130       0x10 build/default/debug/_ext/639803181/sys_clk_static.o
 .gnu.attributes
                0x00000140       0x10 build/default/debug/_ext/822048611/sys_ports_static.o
 .gnu.attributes
                0x00000150       0x10 build/default/debug/_ext/1688732426/system_init.o
 .gnu.attributes
                0x00000160       0x10 build/default/debug/_ext/1688732426/system_interrupt.o
 .gnu.attributes
                0x00000170       0x10 build/default/debug/_ext/1688732426/system_exceptions.o
 .gnu.attributes
                0x00000180       0x10 build/default/debug/_ext/1688732426/system_tasks.o
 .gnu.attributes
                0x00000190       0x10 build/default/debug/_ext/1688732426/rtos_hooks.o
 .gnu.attributes
                0x000001a0       0x10 c:/program files (x86)/microchip/xc32/v1.42/bin/bin/../../lib/gcc/pic32mx/4.8.3/../../../../pic32mx/lib\libpic32.a(default-bootstrap-exception-handler.o)
 .gnu.attributes
                0x000001b0       0x10 c:/program files (x86)/microchip/xc32/v1.42/bin/bin/../../lib/gcc/pic32mx/4.8.3/../../../../pic32mx/lib\libpic32.a(default-on-reset.o)
 .gnu.attributes
                0x000001c0       0x10 c:/program files (x86)/microchip/xc32/v1.42/bin/bin/../../lib/gcc/pic32mx/4.8.3/../../../../pic32mx/lib\libpic32.a(default-on-bootstrap.o)
 .gnu.attributes
                0x000001d0       0x10 c:/program files (x86)/microchip/xc32/v1.42/bin/bin/../../lib/gcc/pic32mx/4.8.3/../../../../pic32mx/lib\libpic32.a(defaultinterrupt.o)
LOAD c:/program files (x86)/microchip/xc32/v1.42/bin/bin/../../lib/gcc/pic32mx/4.8.3\libgcc.a
START GROUP
LOAD c:/program files (x86)/microchip/xc32/v1.42/bin/bin/../../lib/gcc/pic32mx/4.8.3/../../../../pic32mx/lib\libpic32.a
LOAD c:/program files (x86)/microchip/xc32/v1.42/bin/bin/../../lib/gcc/pic32mx/4.8.3/../../../../pic32mx/lib\libdebug.a
LOAD c:/program files (x86)/microchip/xc32/v1.42/bin/bin/../../lib/gcc/pic32mx/4.8.3/../../../../pic32mx/lib\libpic32.a
LOAD c:/program files (x86)/microchip/xc32/v1.42/bin/bin/../../lib/gcc/pic32mx/4.8.3/../../../../pic32mx/lib\libm.a
LOAD c:/program files (x86)/microchip/xc32/v1.42/bin/bin/../../lib/gcc/pic32mx/4.8.3/../../../../pic32mx/lib\libe.a
LOAD c:/program files (x86)/microchip/xc32/v1.42/bin/bin/../../lib/gcc/pic32mx/4.8.3/../../../../pic32mx/lib\libdsp.a
LOAD c:/program files (x86)/microchip/xc32/v1.42/bin/bin/../../lib/gcc/pic32mx/4.8.3\libgcc.a
LOAD c:/program files (x86)/microchip/xc32/v1.42/bin/bin/../../lib/gcc/pic32mx/4.8.3/../../../../pic32mx/lib\libc.a
LOAD c:/program files (x86)/microchip/xc32/v1.42/bin/bin/../../lib/gcc/pic32mx/4.8.3/../../../../pic32mx/lib\libc.a
LOAD c:/program files (x86)/microchip/xc32/v1.42/bin/bin/../../lib/gcc/pic32mx/4.8.3/../../../../pic32mx/lib\libpic32.a
END GROUP
LOAD c:/program files (x86)/microchip/xc32/v1.42/bin/bin/../../lib/gcc/pic32mx/4.8.3\libgcc.a
OUTPUT(dist/default/debug/milestone1.X.debug.elf elf32-tradlittlemips)
LOAD stack
LOAD data_init

.reginfo        0x00000000       0x18
 .reginfo       0x00000000       0x18 c:/program files (x86)/microchip/xc32/v1.42/bin/bin/../../lib/gcc/pic32mx/4.8.3/../../../../pic32mx/lib/./proc/32MX795F512L/crt0_mips32r2.o

.stack          0xa0019dc0      0x400
 .stack         0xa0019dc0      0x400 stack

.bss            0xa0000738    0x19668
 .bss           0xa0000738    0x19000 build/default/debug/_ext/598611465/heap_1.o
 .bss           0xa0019738      0x640 build/default/debug/_ext/1026174026/port.o
                0xa0019738                xISRStack
 .bss           0xa0019d78       0x28 build/default/debug/_ext/793396116/timers.o

.text._DRV_USART_HardwareSetup
                0x9d000000     0x1138
 .text._DRV_USART_HardwareSetup
                0x9d000000     0x1138 build/default/debug/_ext/606306120/drv_usart.o
                0x9d000000                _DRV_USART_HardwareSetup

.text._DRV_USART_BufferQueueTxTasks
                0x9d001138      0x52c
 .text._DRV_USART_BufferQueueTxTasks
                0x9d001138      0x52c build/default/debug/_ext/606306120/drv_usart.o
                0x9d001138                _DRV_USART_BufferQueueTxTasks

.text           0x9d001664      0x454
 .text          0x9d001664      0x454 build/default/debug/_ext/1026174026/port_asm.o
                0x9d001664                vPortTickInterruptHandler
                0x9d001810                vPortStartFirstTask
                0x9d0018d8                vPortYieldISR

.text.DRV_USART_BufferAddWrite
                0x9d001ab8      0x3f0
 .text.DRV_USART_BufferAddWrite
                0x9d001ab8      0x3f0 build/default/debug/_ext/606306120/drv_usart_buffer_queue.o
                0x9d001ab8                DRV_USART_BufferAddWrite

.text.DRV_USART_Initialize
                0x9d001ea8      0x380
 .text.DRV_USART_Initialize
                0x9d001ea8      0x380 build/default/debug/_ext/606306120/drv_usart.o
                0x9d001ea8                DRV_USART_Initialize

.text._DRV_USART_BufferQueueRxTasks
                0x9d002228      0x278
 .text._DRV_USART_BufferQueueRxTasks
                0x9d002228      0x278 build/default/debug/_ext/606306120/drv_usart.o
                0x9d002228                _DRV_USART_BufferQueueRxTasks

.text.prvTimerTask
                0x9d0024a0      0x274
 .text.prvTimerTask
                0x9d0024a0      0x274 build/default/debug/_ext/793396116/timers.o

.text.xQueueGenericReceive
                0x9d002714      0x24c
 .text.xQueueGenericReceive
                0x9d002714      0x24c build/default/debug/_ext/793396116/queue.o
                0x9d002714                xQueueGenericReceive

.text.xQueueGenericSend
                0x9d002960      0x208
 .text.xQueueGenericSend
                0x9d002960      0x208 build/default/debug/_ext/793396116/queue.o
                0x9d002960                xQueueGenericSend

.text.DRV_USART_TasksError
                0x9d002b68      0x1ec
 .text.DRV_USART_TasksError
                0x9d002b68      0x1ec build/default/debug/_ext/606306120/drv_usart.o
                0x9d002b68                DRV_USART_TasksError

.text.xTaskGenericCreate
                0x9d002d54      0x1c0
 .text.xTaskGenericCreate
                0x9d002d54      0x1c0 build/default/debug/_ext/793396116/tasks.o
                0x9d002d54                xTaskGenericCreate

.DrvUsartInstance0_vector_text
                0x9d002f14      0x1b4
 .DrvUsartInstance0_vector_text
                0x9d002f14      0x1b4 build/default/debug/_ext/1688732426/system_interrupt_a.o

.text.xTaskIncrementTick
                0x9d0030c8      0x19c
 .text.xTaskIncrementTick
                0x9d0030c8      0x19c build/default/debug/_ext/793396116/tasks.o
                0x9d0030c8                xTaskIncrementTick

.text.DRV_USART_Open
                0x9d003264      0x184
 .text.DRV_USART_Open
                0x9d003264      0x184 build/default/debug/_ext/606306120/drv_usart.o
                0x9d003264                DRV_USART_Open

.text.APP1_Tasks
                0x9d0033e8      0x168
 .text.APP1_Tasks
                0x9d0033e8      0x168 build/default/debug/_ext/1360937237/app1.o
                0x9d0033e8                APP1_Tasks

.text           0x9d003550      0x168
 .text          0x9d003550      0x168 c:/program files (x86)/microchip/xc32/v1.42/bin/bin/../../lib/gcc/pic32mx/4.8.3/../../../../pic32mx/lib\libpic32.a(memcpy.o)
                0x9d003550                memcpy

.text.xTaskResumeAll
                0x9d0036b8      0x154
 .text.xTaskResumeAll
                0x9d0036b8      0x154 build/default/debug/_ext/793396116/tasks.o
                0x9d0036b8                xTaskResumeAll

.text.vTaskPriorityInherit
                0x9d00380c      0x12c
 .text.vTaskPriorityInherit
                0x9d00380c      0x12c build/default/debug/_ext/793396116/tasks.o
                0x9d00380c                vTaskPriorityInherit

.rodata         0x9d003938      0x128
 .rodata        0x9d003938      0x128 build/default/debug/_ext/1688732426/system_exceptions.o

.text.prvUnlockQueue
                0x9d003a60      0x104
 .text.prvUnlockQueue
                0x9d003a60      0x104 build/default/debug/_ext/793396116/queue.o

.text.prvSampleTimeNow
                0x9d003b64      0x104
 .text.prvSampleTimeNow
                0x9d003b64      0x104 build/default/debug/_ext/793396116/timers.o

.text.prvCopyDataToQueue
                0x9d003c68       0xfc
 .text.prvCopyDataToQueue
                0x9d003c68       0xfc build/default/debug/_ext/793396116/queue.o

.text.xTaskPriorityDisinherit
                0x9d003d64       0xf8
 .text.xTaskPriorityDisinherit
                0x9d003d64       0xf8 build/default/debug/_ext/793396116/tasks.o
                0x9d003d64                xTaskPriorityDisinherit

.text.xQueueGenericSendFromISR
                0x9d003e5c       0xe8
 .text.xQueueGenericSendFromISR
                0x9d003e5c       0xe8 build/default/debug/_ext/793396116/queue.o
                0x9d003e5c                xQueueGenericSendFromISR

.text.vTaskSwitchContext
                0x9d003f44       0xe0
 .text.vTaskSwitchContext
                0x9d003f44       0xe0 build/default/debug/_ext/793396116/tasks.o
                0x9d003f44                vTaskSwitchContext

.text.SYS_DEVCON_PerformanceConfig
                0x9d004024       0xdc
 .text.SYS_DEVCON_PerformanceConfig
                0x9d004024       0xdc build/default/debug/_ext/1071266765/sys_devcon_pic32mx.o
                0x9d004024                SYS_DEVCON_PerformanceConfig

.text.general_exception
                0x9d004100       0xdc
 .text.general_exception
                0x9d004100       0xdc c:/program files (x86)/microchip/xc32/v1.42/bin/bin/../../lib/gcc/pic32mx/4.8.3/../../../../pic32mx/lib\libpic32.a(general-exception.o)
                0x9d004100                _general_exception_context

.text.xQueueGenericReset
                0x9d0041dc       0xc4
 .text.xQueueGenericReset
                0x9d0041dc       0xc4 build/default/debug/_ext/793396116/queue.o
                0x9d0041dc                xQueueGenericReset

.text.xQueueGiveFromISR
                0x9d0042a0       0xc4
 .text.xQueueGiveFromISR
                0x9d0042a0       0xc4 build/default/debug/_ext/793396116/queue.o
                0x9d0042a0                xQueueGiveFromISR

.text.pvPortMalloc
                0x9d004364       0xc0
 .text.pvPortMalloc
                0x9d004364       0xc0 build/default/debug/_ext/598611465/heap_1.o
                0x9d004364                pvPortMalloc

.text.xTaskRemoveFromEventList
                0x9d004424       0xbc
 .text.xTaskRemoveFromEventList
                0x9d004424       0xbc build/default/debug/_ext/793396116/tasks.o
                0x9d004424                xTaskRemoveFromEventList

.text.prvInitialiseTCBVariables
                0x9d0044e0       0xb4
 .text.prvInitialiseTCBVariables
                0x9d0044e0       0xb4 build/default/debug/_ext/793396116/tasks.o
                0x9d0044e0                prvInitialiseTCBVariables

.dinit          0x9d004594       0xb0
 .dinit         0x9d004594       0xb0 data_init

.text.DRV_USART_TasksReceive
                0x9d004644       0xac
 .text.DRV_USART_TasksReceive
                0x9d004644       0xac build/default/debug/_ext/606306120/drv_usart.o
                0x9d004644                DRV_USART_TasksReceive

.text.DRV_USART_TasksTransmit
                0x9d0046f0       0xac
 .text.DRV_USART_TasksTransmit
                0x9d0046f0       0xac build/default/debug/_ext/606306120/drv_usart.o
                0x9d0046f0                DRV_USART_TasksTransmit

.text           0x9d00479c       0xa8
 .text          0x9d00479c       0xa8 c:/program files (x86)/microchip/xc32/v1.42/bin/bin/../../lib/gcc/pic32mx/4.8.3/../../../../pic32mx/lib\libpic32.a(memset.o)
                0x9d00479c                memset

.text.vTaskPlaceOnEventListRestricted
                0x9d004844       0xa0
 .text.vTaskPlaceOnEventListRestricted
                0x9d004844       0xa0 build/default/debug/_ext/793396116/tasks.o
                0x9d004844                vTaskPlaceOnEventListRestricted

.text.xTaskCheckForTimeOut
                0x9d0048e4       0xa0
 .text.xTaskCheckForTimeOut
                0x9d0048e4       0xa0 build/default/debug/_ext/793396116/tasks.o
                0x9d0048e4                xTaskCheckForTimeOut

.text.SYS_Initialize
                0x9d004984       0x9c
 .text.SYS_Initialize
                0x9d004984       0x9c build/default/debug/_ext/1688732426/system_init.o
                0x9d004984                SYS_Initialize

.text.vTaskStartScheduler
                0x9d004a20       0x98
 .text.vTaskStartScheduler
                0x9d004a20       0x98 build/default/debug/_ext/793396116/tasks.o
                0x9d004a20                vTaskStartScheduler

.text.xTimerCreate
                0x9d004ab8       0x98
 .text.xTimerCreate
                0x9d004ab8       0x98 build/default/debug/_ext/793396116/timers.o
                0x9d004ab8                xTimerCreate

.text.OSAL_SEM_Create
                0x9d004b50       0x94
 .text.OSAL_SEM_Create
                0x9d004b50       0x94 build/default/debug/_ext/139468103/osal_freertos.o
                0x9d004b50                OSAL_SEM_Create

.text.xQueueGenericCreate
                0x9d004be4       0x94
 .text.xQueueGenericCreate
                0x9d004be4       0x94 build/default/debug/_ext/793396116/queue.o
                0x9d004be4                xQueueGenericCreate

.text.vTaskPlaceOnEventList
                0x9d004c78       0x94
 .text.vTaskPlaceOnEventList
                0x9d004c78       0x94 build/default/debug/_ext/793396116/tasks.o
                0x9d004c78                vTaskPlaceOnEventList

.text.xTimerGenericCommand
                0x9d004d0c       0x94
 .text.xTimerGenericCommand
                0x9d004d0c       0x94 build/default/debug/_ext/793396116/timers.o
                0x9d004d0c                xTimerGenericCommand

.text.prvInitialiseTaskLists
                0x9d004da0       0x90
 .text.prvInitialiseTaskLists
                0x9d004da0       0x90 build/default/debug/_ext/793396116/tasks.o
                0x9d004da0                prvInitialiseTaskLists

.text.prvCheckTasksWaitingTermination
                0x9d004e30       0x90
 .text.prvCheckTasksWaitingTermination
                0x9d004e30       0x90 build/default/debug/_ext/793396116/tasks.o
                0x9d004e30                prvCheckTasksWaitingTermination

.text.vQueueWaitForMessageRestricted
                0x9d004ec0       0x84
 .text.vQueueWaitForMessageRestricted
                0x9d004ec0       0x84 build/default/debug/_ext/793396116/queue.o
                0x9d004ec0                vQueueWaitForMessageRestricted

.text.prvAllocateTCBAndStack
                0x9d004f44       0x84
 .text.prvAllocateTCBAndStack
                0x9d004f44       0x84 build/default/debug/_ext/793396116/tasks.o
                0x9d004f44                prvAllocateTCBAndStack

.text.xQueueCreateMutex
                0x9d004fc8       0x80
 .text.xQueueCreateMutex
                0x9d004fc8       0x80 build/default/debug/_ext/793396116/queue.o
                0x9d004fc8                xQueueCreateMutex

.text.SYS_Tasks
                0x9d005048       0x78
 .text.SYS_Tasks
                0x9d005048       0x78 build/default/debug/_ext/1688732426/system_tasks.o
                0x9d005048                SYS_Tasks

.text.prvInsertTimerInActiveList
                0x9d0050c0       0x74
 .text.prvInsertTimerInActiveList
                0x9d0050c0       0x74 build/default/debug/_ext/793396116/timers.o

.text.prvCheckForValidListAndQueue
                0x9d005134       0x74
 .text.prvCheckForValidListAndQueue
                0x9d005134       0x74 build/default/debug/_ext/793396116/timers.o

.text.prvAddCurrentTaskToDelayedList
                0x9d0051a8       0x70
 .text.prvAddCurrentTaskToDelayedList
                0x9d0051a8       0x70 build/default/debug/_ext/793396116/tasks.o
                0x9d0051a8                prvAddCurrentTaskToDelayedList

.text.vApplicationSetupTickTimerInterrupt
                0x9d005218       0x6c
 .text.vApplicationSetupTickTimerInterrupt
                0x9d005218       0x6c build/default/debug/_ext/1026174026/port.o
                0x9d005218                vApplicationSetupTickTimerInterrupt

.text.vTaskExitCritical
                0x9d005284       0x68
 .text.vTaskExitCritical
                0x9d005284       0x68 build/default/debug/_ext/793396116/tasks.o
                0x9d005284                vTaskExitCritical

.text.xTimerCreateTimerTask
                0x9d0052ec       0x60
 .text.xTimerCreateTimerTask
                0x9d0052ec       0x60 build/default/debug/_ext/793396116/timers.o
                0x9d0052ec                xTimerCreateTimerTask

.text.vTimerCallback
                0x9d00534c       0x5c
 .text.vTimerCallback
                0x9d00534c       0x5c build/default/debug/_ext/1360937237/callback.o
                0x9d00534c                vTimerCallback

.text.vListInsert
                0x9d0053a8       0x5c
 .text.vListInsert
                0x9d0053a8       0x5c build/default/debug/_ext/793396116/list.o
                0x9d0053a8                vListInsert

.text.xPortStartScheduler
                0x9d005404       0x5c
 .text.xPortStartScheduler
                0x9d005404       0x5c build/default/debug/_ext/1026174026/port.o
                0x9d005404                xPortStartScheduler

.text.appSendTimerValToMsgQ
                0x9d005460       0x58
 .text.appSendTimerValToMsgQ
                0x9d005460       0x58 build/default/debug/_ext/1360937237/app1.o
                0x9d005460                appSendTimerValToMsgQ

.text.SYS_DEVCON_SystemUnlock
                0x9d0054b8       0x58
 .text.SYS_DEVCON_SystemUnlock
                0x9d0054b8       0x58 build/default/debug/_ext/1071266765/sys_devcon.o
                0x9d0054b8                SYS_DEVCON_SystemUnlock

.text.SYS_INT_SourceDisable
                0x9d005510       0x58
 .text.SYS_INT_SourceDisable
                0x9d005510       0x58 build/default/debug/_ext/522947079/sys_int_pic32.o
                0x9d005510                SYS_INT_SourceDisable
